******************************************************************************
               TMS320C6x Linker PC v7.4.4                      
******************************************************************************
>> Linked Tue May 19 22:14:14 2026

OUTPUT FILE NAME:   <Image_Transform.out>
ENTRY POINT SYMBOL: "_c_int00"  address: c0808700


MEMORY CONFIGURATION

         name            origin    length      used     unused   attr    fill
----------------------  --------  ---------  --------  --------  ----  --------
  SHDSPL2RAM            11800000   00040000  00000000  00040000  RWIX
  SHDSPL1PRAM           11e00000   00008000  00000000  00008000  RWIX
  SHDSPL1DRAM           11f00000   00008000  00000000  00008000  RWIX
  EMIFACS2              60000000   02000000  00000000  02000000  RWIX
  SHRAM                 80000000   00020000  00000000  00020000  RWIX
  DDR2                  c0000000   20000000  0080ae07  1f7f51f9  RWIX


SECTION ALLOCATION MAP

 output                                  attributes/
section   page    origin      length       input sections
--------  ----  ----------  ----------   ----------------
.pinit     0    c0000000    00000000     UNINITIALIZED

.data      0    c0000000    00000000     UNINITIALIZED

.sysmem    0    c0000000    00800000     UNINITIALIZED
                  c0000000    00000008     rts6740.lib : memory.obj (.sysmem)
                  c0000008    007ffff8     --HOLE--

.text      0    c0800000    00008e80     
                  c0800000    000018c0     image_transform.obj (.text)
                  c08018c0    000005a0     rts6740.lib : divd.obj (.text:__divd)
                  c0801e60    00000580                 : _printfi.obj (.text:__getarg_diouxp)
                  c08023e0    000004c0                 : fwrite.obj (.text:_fwrite)
                  c08028a0    00000440                 : _printfi.obj (.text:__printfi)
                  c0802ce0    00000440                 : _printfi.obj (.text:__setfield)
                  c0803120    000003a0                 : fputs.obj (.text:_fputs)
                  c08034c0    00000320                 : _printfi.obj (.text:__pproc_fge)
                  c08037e0    000002e0                 : cos.obj (.text:_cos)
                  c0803ac0    000002c0                 : _printfi.obj (.text:__pproc_fwp)
                  c0803d80    000002c0                 : fread.obj (.text:_fread)
                  c0804040    000002a0                 : _printfi.obj (.text:_ecvt)
                  c08042e0    000002a0                 : _printfi.obj (.text:_fcvt)
                  c0804580    00000280                 : memory.obj (.text:_free)
                  c0804800    00000280                 : sin.obj (.text:_sin)
                  c0804a80    00000260                 : imath64.obj (.text:__divull)
                  c0804ce0    00000260                 : _printfi.obj (.text:__pconv_e)
                  c0804f40    00000240                 : _printfi.obj (.text:__pproc_diouxp)
                  c0805180    00000220                 : _printfi.obj (.text:__pproc_str)
                  c08053a0    00000220                 : fputc.obj (.text:_fputc)
                  c08055c0    00000200                 : _printfi.obj (.text:__pconv_g)
                  c08057c0    00000200                 : setvbuf.obj (.text:_setvbuf)
                  c08059c0    00000200     main.obj (.text)
                  c0805bc0    000001c0     rts6740.lib : _printfi.obj (.text:__mcpy)
                  c0805d80    000001c0                 : fopen.obj (.text:__openfile)
                  c0805f40    000001a0                 : imath40.obj (.text:__divul)
                  c08060e0    00000180                 : trgdrv.obj (.text:_HOSTrename)
                  c0806260    00000180                 : memory.obj (.text:_malloc)
                  c08063e0    00000180                 : lowlev.obj (.text:_open)
                  c0806560    00000140                 : _printfi.obj (.text:__pproc_fflags)
                  c08066a0    00000140                 : lowlev.obj (.text:_getdevice)
                  c08067e0    00000120                 : _bufread.obj (.text:__buff_read)
                  c0806900    00000120                 : fclose.obj (.text:__closefile)
                  c0806a20    00000120                 : _printfi.obj (.text:__ltostr)
                  c0806b40    00000120                 : fopen.obj (.text:__search_fp)
                  c0806c60    00000120                 : fseek.obj (.text:_fseek)
                  c0806d80    00000100                 : trgdrv.obj (.text:_HOSTlseek)
                  c0806e80    00000100                 : _io_perm.obj (.text:__wrt_ok)
                  c0806f80    000000e0                 : trgdrv.obj (.text:_HOSTopen)
                  c0807060    000000e0                 : atoi.obj (.text:_atoi)
                  c0807140    000000e0                 : lowlev.obj (.text:_close)
                  c0807220    000000e0                 : memset.obj (.text:_memset)
                  c0807300    000000e0                 : printf.obj (.text:_printf)
                  c08073e0    000000c0                 : trgdrv.obj (.text:_HOSTread)
                  c08074a0    000000c0                 : trgdrv.obj (.text:_HOSTunlink)
                  c0807560    000000c0                 : trgdrv.obj (.text:_HOSTwrite)
                  c0807620    000000c0                 : autoinit.obj (.text:__auto_init)
                  c08076e0    000000c0                 : _printfi.obj (.text:__div)
                  c08077a0    000000c0                 : divu.obj (.text:__divu)
                  c0807860    000000c0                 : fflush.obj (.text:__doflush)
                  c0807920    000000c0                 : _io_perm.obj (.text:__rd_ok)
                  c08079e0    000000c0                 : exit.obj (.text:_exit)
                  c0807aa0    000000c0                 : ltoa.obj (.text:_ltoa)
                  c0807b60    000000a0                 : trgdrv.obj (.text:_HOSTclose)
                  c0807c00    000000a0                 : fopen.obj (.text:__cleanup)
                  c0807ca0    000000a0                 : imath40.obj (.text:__divli)
                  c0807d40    000000a0                 : _printfi.obj (.text:__ecpy)
                  c0807de0    000000a0                 : _printfi.obj (.text:__fcpy)
                  c0807e80    000000a0                 : fixdli.obj (.text:__fixdli)
                  c0807f20    000000a0                 : round.obj (.text:__nround)
                  c0807fc0    000000a0                 : _printfi.obj (.text:__pconv_f)
                  c0808060    000000a0                 : cpy_tbl.obj (.text:_copy_in)
                  c0808100    000000a0                 : lowlev.obj (.text:_finddevice)
                  c08081a0    000000a0                 : lowlev.obj (.text:_lseek)
                  c0808240    000000a0                 : memcpy64.obj (.text:_memcpy)
                  c08082e0    000000a0                 : memory.obj (.text:_minsert)
                  c0808380    000000a0                 : modf.obj (.text:_modf)
                  c0808420    000000a0                 : memory.obj (.text:_mremove)
                  c08084c0    000000a0                 : lowlev.obj (.text:_read)
                  c0808560    000000a0                 : lowlev.obj (.text:_write)
                  c0808600    00000080                 : fltlid.obj (.text:__fltlid)
                  c0808680    00000080                 : llshift.obj (.text:__llshl)
                  c0808700    00000080                 : boot.obj (.text:_c_int00)
                  c0808780    00000080                 : trgmsg.obj (.text:_readmsg)
                  c0808800    00000080                 : lowlev.obj (.text:_unlink)
                  c0808880    00000060                 : cpp_init.obj (.text:___TI_cpp_init)
                  c08088e0    00000060                 : imath64.obj (.text:__subcull)
                  c0808940    00000060                 : fclose.obj (.text:_fclose)
                  c08089a0    00000060                 : fopen.obj (.text:_fopen)
                  c0808a00    00000060                 : memccpy.obj (.text:_memccpy)
                  c0808a60    00000060                 : sprintf.obj (.text:_sprintf)
                  c0808ac0    00000060                 : lowlev.obj (.text:_tabinit)
                  c0808b20    00000060                 : trgmsg.obj (.text:_writemsg)
                  c0808b80    00000040                 : isinf.obj (.text:___isinf)
                  c0808bc0    00000040                 : _printfi.obj (.text:___isnan)
                  c0808c00    00000040                 : args_main.obj (.text:__args_main)
                  c0808c40    00000040                 : frcmpyd_div.obj (.text:__frcmpyd_div)
                  c0808c80    00000040                 : llshift.obj (.text:__llshru)
                  c0808cc0    00000040                 : sprintf.obj (.text:__outs)
                  c0808d00    00000040                 : imath40.obj (.text:__remli)
                  c0808d40    00000040                 : strasg.obj (.text:__strasgi_64plus)
                  c0808d80    00000020                 : negll.obj (.text:__negll)
                  c0808da0    00000020                 : _lock.obj (.text:__nop)
                  c0808dc0    00000020                 : printf.obj (.text:__outc)
                  c0808de0    00000020                 : sprintf.obj (.text:__outc)
                  c0808e00    00000020                 : printf.obj (.text:__outs)
                  c0808e20    00000020                 : trunc.obj (.text:__trunc)
                  c0808e40    00000020                 : exit.obj (.text:_abort)
                  c0808e60    00000020                 : remove.obj (.text:_remove)

.stack     0    c0808e80    00001000     UNINITIALIZED
                  c0808e80    00000008     rts6740.lib : boot.obj (.stack)
                  c0808e88    00000ff8     --HOLE--

.far       0    c0809e80    000008f0     UNINITIALIZED
                  c0809e80    00000400     image_transform.obj (.far)
                  c080a280    00000324     rts6740.lib : defs.obj (.far)
                  c080a5a4    00000004                 : fopen.obj (.far)
                  c080a5a8    0000011c                 : lowlev.obj (.far)
                  c080a6c4    00000004     --HOLE--
                  c080a6c8    00000040                 : cos.obj (.far)
                  c080a708    00000040                 : sin.obj (.far)
                  c080a748    0000000c                 : exit.obj (.far)
                  c080a754    00000008                 : _lock.obj (.far)
                  c080a75c    00000008                 : memory.obj (.far)
                  c080a764    00000004     --HOLE--
                  c080a768    00000008                 : trgdrv.obj (.far)

.const     0    c080a770    0000038f     
                  c080a770    00000210     main.obj (.const:.string)
                  c080a980    00000101     rts6740.lib : ctype.obj (.const:.string:__ctypes_)
                  c080aa81    00000002                 : fputs.obj (.const:.string)
                  c080aa83    00000001     --HOLE-- [fill = 0]
                  c080aa84    00000058     image_transform.obj (.const:.string)
                  c080aadc    00000023     rts6740.lib : _printfi.obj (.const:.string)

.cinit     0    c080ab00    000001e4     
                  c080ab00    0000005c     rts6740.lib : defs.obj (.cinit)
                  c080ab5c    00000004     --HOLE-- [fill = 0]
                  c080ab60    0000005c                 : lowlev.obj (.cinit)
                  c080abbc    00000004     --HOLE-- [fill = 0]
                  c080abc0    00000048                 : cos.obj (.cinit)
                  c080ac08    00000048                 : sin.obj (.cinit)
                  c080ac50    0000002c                 : exit.obj (.cinit)
                  c080ac7c    00000004     --HOLE-- [fill = 0]
                  c080ac80    0000002c                 : memory.obj (.cinit)
                  c080acac    00000004     --HOLE-- [fill = 0]
                  c080acb0    0000001c                 : _lock.obj (.cinit)
                  c080accc    00000004     --HOLE-- [fill = 0]
                  c080acd0    0000000c                 : fopen.obj (.cinit)
                  c080acdc    00000004     --HOLE-- [fill = 0]
                  c080ace0    00000004     (.pad.cinit) [fill = 0]

.bss       0    c080ace4    00000004     UNINITIALIZED
                  c080ace4    00000004     image_transform.obj (.bss)

.cio       0    c080ace8    00000120     UNINITIALIZED
                  c080ace8    00000120     rts6740.lib : trgmsg.obj (.cio)


GLOBAL SYMBOLS: SORTED ALPHABETICALLY BY Name 

address    name
--------   ----
c080ace4   $bss
c080ace4   .bss
c0000000   .data
c0800000   .text
c0808e40   C$$EXIT
c0808b78   C$$IO$$
c0807b60   _HOSTclose
c0806d80   _HOSTlseek
c0806f80   _HOSTopen
c08073e0   _HOSTread
c08060e0   _HOSTrename
c08074a0   _HOSTunlink
c0807560   _HOSTwrite
c0801718   _ImageReverse
c0800578   _LinerTrans
c08012a8   _RGB2Gray
c0800000   _ReadBmp
c0800814   _Rotate
c08002ec   _SaveBmp
c080ace8   __CIOBUF_
c0809e80   __STACK_END
00001000   __STACK_SIZE
00800000   __SYSMEM_SIZE
00000001   __TI_args_main
c0808880   ___TI_cpp_init
c080a750   ___TI_enable_exit_profile_output
ffffffff   ___TI_pprof_out_hndl
ffffffff   ___TI_prof_data_size
ffffffff   ___TI_prof_data_start
ffffffff   ___binit__
c080ace4   ___bss__
ffffffff   ___c_args__
c080ab00   ___cinit__
c0000000   ___data__
c0000000   ___edata__
c080ace8   ___end__
c0808e80   ___etext__
c0808b80   ___isinf
ffffffff   ___pinit__
c0800000   ___text__
c0808c00   __args_main
c0807620   __auto_init
c08067e0   __buff_read
c08077a0   __c6xabi_divu
c0808d40   __c6xabi_strasgi_64plus
c0807c00   __cleanup
c080a748   __cleanup_ptr
c0806900   __closefile
c080a980   __ctypes_
c08018c0   __divd
c0807ca0   __divli
c08077a0   __divu
c0805f40   __divul
c0804a80   __divull
c0807860   __doflush
c080a74c   __dtors_ptr
c0807e80   __fixdli
c0808600   __fltlid
c0808c40   __frcmpyd_div
c080a5a0   __ft_end
c080a280   __ftable
c0808680   __llshl
c0808c80   __llshru
c080a754   __lock
c0808d80   __negll
c0808da0   __nop
c0807f20   __nround
c08028a0   __printfi
c0807920   __rd_ok
c0808d00   __remli
c0808e80   __stack
c0808d40   __strasgi_64plus
c08088e0   __subcull
c0000000   __sys_memory
c080a460   __tmpnams
c0808e20   __trunc
c080a758   __unlock
c0806e80   __wrt_ok
c0808e40   _abort
c0807060   _atoi
c0808700   _c_int00
c0807140   _close
c0808060   _copy_in
c08037e0   _cos
c08079e0   _exit
c0808940   _fclose
c08089a0   _fopen
c08053a0   _fputc
c0803120   _fputs
c0803d80   _fread
c0804580   _free
c0806c60   _fseek
c08023e0   _fwrite
c08081a0   _lseek
c0807aa0   _ltoa
c08059c0   _main
c0806260   _malloc
c0808a00   _memccpy
c0808240   _memcpy
c0807220   _memset
c0808380   _modf
c080ace4   _newBmpBuf
c0809e80   _newpColorTable
c08063e0   _open
c0807300   _printf
c08053a0   _putc
c08084c0   _read
c0808780   _readmsg
c0808e60   _remove
c08057c0   _setvbuf
c0804800   _sin
c0808a60   _sprintf
c0808800   _unlink
c0808560   _write
c0808b20   _writemsg
ffffffff   binit
c080ab00   cinit
c0000000   edata
c080ace8   end
c0808e80   etext
ffffffff   pinit


GLOBAL SYMBOLS: SORTED BY Symbol Address 

address    name
--------   ----
00000001   __TI_args_main
00001000   __STACK_SIZE
00800000   __SYSMEM_SIZE
c0000000   .data
c0000000   ___data__
c0000000   ___edata__
c0000000   __sys_memory
c0000000   edata
c0800000   .text
c0800000   _ReadBmp
c0800000   ___text__
c08002ec   _SaveBmp
c0800578   _LinerTrans
c0800814   _Rotate
c08012a8   _RGB2Gray
c0801718   _ImageReverse
c08018c0   __divd
c08023e0   _fwrite
c08028a0   __printfi
c0803120   _fputs
c08037e0   _cos
c0803d80   _fread
c0804580   _free
c0804800   _sin
c0804a80   __divull
c08053a0   _fputc
c08053a0   _putc
c08057c0   _setvbuf
c08059c0   _main
c0805f40   __divul
c08060e0   _HOSTrename
c0806260   _malloc
c08063e0   _open
c08067e0   __buff_read
c0806900   __closefile
c0806c60   _fseek
c0806d80   _HOSTlseek
c0806e80   __wrt_ok
c0806f80   _HOSTopen
c0807060   _atoi
c0807140   _close
c0807220   _memset
c0807300   _printf
c08073e0   _HOSTread
c08074a0   _HOSTunlink
c0807560   _HOSTwrite
c0807620   __auto_init
c08077a0   __c6xabi_divu
c08077a0   __divu
c0807860   __doflush
c0807920   __rd_ok
c08079e0   _exit
c0807aa0   _ltoa
c0807b60   _HOSTclose
c0807c00   __cleanup
c0807ca0   __divli
c0807e80   __fixdli
c0807f20   __nround
c0808060   _copy_in
c08081a0   _lseek
c0808240   _memcpy
c0808380   _modf
c08084c0   _read
c0808560   _write
c0808600   __fltlid
c0808680   __llshl
c0808700   _c_int00
c0808780   _readmsg
c0808800   _unlink
c0808880   ___TI_cpp_init
c08088e0   __subcull
c0808940   _fclose
c08089a0   _fopen
c0808a00   _memccpy
c0808a60   _sprintf
c0808b20   _writemsg
c0808b78   C$$IO$$
c0808b80   ___isinf
c0808c00   __args_main
c0808c40   __frcmpyd_div
c0808c80   __llshru
c0808d00   __remli
c0808d40   __c6xabi_strasgi_64plus
c0808d40   __strasgi_64plus
c0808d80   __negll
c0808da0   __nop
c0808e20   __trunc
c0808e40   C$$EXIT
c0808e40   _abort
c0808e60   _remove
c0808e80   ___etext__
c0808e80   __stack
c0808e80   etext
c0809e80   __STACK_END
c0809e80   _newpColorTable
c080a280   __ftable
c080a460   __tmpnams
c080a5a0   __ft_end
c080a748   __cleanup_ptr
c080a74c   __dtors_ptr
c080a750   ___TI_enable_exit_profile_output
c080a754   __lock
c080a758   __unlock
c080a980   __ctypes_
c080ab00   ___cinit__
c080ab00   cinit
c080ace4   $bss
c080ace4   .bss
c080ace4   ___bss__
c080ace4   _newBmpBuf
c080ace8   __CIOBUF_
c080ace8   ___end__
c080ace8   end
ffffffff   ___TI_pprof_out_hndl
ffffffff   ___TI_prof_data_size
ffffffff   ___TI_prof_data_start
ffffffff   ___binit__
ffffffff   ___c_args__
ffffffff   ___pinit__
ffffffff   binit
ffffffff   pinit

[121 symbols]
