******************************************************************************
               TMS320C6x Linker PC v7.4.4                      
******************************************************************************
>> Linked Tue May 19 22:54:35 2026

OUTPUT FILE NAME:   <Image_Transform.out>
ENTRY POINT SYMBOL: "_c_int00"  address: c0808280


MEMORY CONFIGURATION

         name            origin    length      used     unused   attr    fill
----------------------  --------  ---------  --------  --------  ----  --------
  SHDSPL2RAM            11800000   00040000  00000000  00040000  RWIX
  SHDSPL1PRAM           11e00000   00008000  00000000  00008000  RWIX
  SHDSPL1DRAM           11f00000   00008000  00000000  00008000  RWIX
  EMIFACS2              60000000   02000000  00000000  02000000  RWIX
  SHRAM                 80000000   00020000  00000000  00020000  RWIX
  DDR2                  c0000000   20000000  0080a84f  1f7f57b1  RWIX


SECTION ALLOCATION MAP

 output                                  attributes/
section   page    origin      length       input sections
--------  ----  ----------  ----------   ----------------
.pinit     0    c0000000    00000000     UNINITIALIZED

.data      0    c0000000    00000000     UNINITIALIZED

.sysmem    0    c0000000    00800000     UNINITIALIZED
                  c0000000    00000008     rts6740.lib : memory.obj (.sysmem)
                  c0000008    007ffff8     --HOLE--

.text      0    c0800000    000089e0     
                  c0800000    000018a0     image_transform.lib : image_transform.obj (.text)
                  c08018a0    000005a0     rts6740.lib : divd.obj (.text:__divd)
                  c0801e40    00000580                 : _printfi.obj (.text:__getarg_diouxp)
                  c08023c0    000004c0                 : fwrite.obj (.text:_fwrite)
                  c0802880    00000440                 : _printfi.obj (.text:__printfi)
                  c0802cc0    00000440                 : _printfi.obj (.text:__setfield)
                  c0803100    000003a0                 : fputs.obj (.text:_fputs)
                  c08034a0    00000320                 : _printfi.obj (.text:__pproc_fge)
                  c08037c0    000002c0                 : _printfi.obj (.text:__pproc_fwp)
                  c0803a80    000002c0                 : fread.obj (.text:_fread)
                  c0803d40    000002a0                 : _printfi.obj (.text:_ecvt)
                  c0803fe0    000002a0                 : _printfi.obj (.text:_fcvt)
                  c0804280    00000280                 : memory.obj (.text:_free)
                  c0804500    00000260                 : imath64.obj (.text:__divull)
                  c0804760    00000260                 : _printfi.obj (.text:__pconv_e)
                  c08049c0    00000240                 : _printfi.obj (.text:__pproc_diouxp)
                  c0804c00    00000220                 : _printfi.obj (.text:__pproc_str)
                  c0804e20    00000220                 : fputc.obj (.text:_fputc)
                  c0805040    00000200                 : _printfi.obj (.text:__pconv_g)
                  c0805240    00000200                 : setvbuf.obj (.text:_setvbuf)
                  c0805440    00000200     main.obj (.text)
                  c0805640    000001c0     rts6740.lib : _printfi.obj (.text:__mcpy)
                  c0805800    000001c0                 : fopen.obj (.text:__openfile)
                  c08059c0    000001a0                 : imath40.obj (.text:__divul)
                  c0805b60    00000180                 : trgdrv.obj (.text:_HOSTrename)
                  c0805ce0    00000180                 : memory.obj (.text:_malloc)
                  c0805e60    00000180                 : lowlev.obj (.text:_open)
                  c0805fe0    00000140                 : _printfi.obj (.text:__pproc_fflags)
                  c0806120    00000140                 : lowlev.obj (.text:_getdevice)
                  c0806260    00000120                 : _bufread.obj (.text:__buff_read)
                  c0806380    00000120                 : fclose.obj (.text:__closefile)
                  c08064a0    00000120                 : _printfi.obj (.text:__ltostr)
                  c08065c0    00000120                 : fopen.obj (.text:__search_fp)
                  c08066e0    00000120                 : fseek.obj (.text:_fseek)
                  c0806800    00000120     mathlib.a674 : cossp.obj (.text:optasm)
                  c0806920    00000120                  : sinsp.obj (.text:optasm)
                  c0806a40    00000100     rts6740.lib : trgdrv.obj (.text:_HOSTlseek)
                  c0806b40    00000100                 : _io_perm.obj (.text:__wrt_ok)
                  c0806c40    000000e0                 : trgdrv.obj (.text:_HOSTopen)
                  c0806d20    000000e0                 : atoi.obj (.text:_atoi)
                  c0806e00    000000e0                 : lowlev.obj (.text:_close)
                  c0806ee0    000000e0                 : memset.obj (.text:_memset)
                  c0806fc0    000000e0                 : printf.obj (.text:_printf)
                  c08070a0    000000c0                 : trgdrv.obj (.text:_HOSTread)
                  c0807160    000000c0                 : trgdrv.obj (.text:_HOSTunlink)
                  c0807220    000000c0                 : trgdrv.obj (.text:_HOSTwrite)
                  c08072e0    000000c0                 : autoinit.obj (.text:__auto_init)
                  c08073a0    000000c0                 : _printfi.obj (.text:__div)
                  c0807460    000000c0                 : divu.obj (.text:__divu)
                  c0807520    000000c0                 : fflush.obj (.text:__doflush)
                  c08075e0    000000c0                 : _io_perm.obj (.text:__rd_ok)
                  c08076a0    000000c0                 : exit.obj (.text:_exit)
                  c0807760    000000c0                 : ltoa.obj (.text:_ltoa)
                  c0807820    000000a0                 : trgdrv.obj (.text:_HOSTclose)
                  c08078c0    000000a0                 : fopen.obj (.text:__cleanup)
                  c0807960    000000a0                 : imath40.obj (.text:__divli)
                  c0807a00    000000a0                 : _printfi.obj (.text:__ecpy)
                  c0807aa0    000000a0                 : _printfi.obj (.text:__fcpy)
                  c0807b40    000000a0                 : fixdli.obj (.text:__fixdli)
                  c0807be0    000000a0                 : _printfi.obj (.text:__pconv_f)
                  c0807c80    000000a0                 : cpy_tbl.obj (.text:_copy_in)
                  c0807d20    000000a0                 : lowlev.obj (.text:_finddevice)
                  c0807dc0    000000a0                 : lowlev.obj (.text:_lseek)
                  c0807e60    000000a0                 : memcpy64.obj (.text:_memcpy)
                  c0807f00    000000a0                 : memory.obj (.text:_minsert)
                  c0807fa0    000000a0                 : memory.obj (.text:_mremove)
                  c0808040    000000a0                 : lowlev.obj (.text:_read)
                  c08080e0    000000a0                 : lowlev.obj (.text:_write)
                  c0808180    00000080                 : fltlid.obj (.text:__fltlid)
                  c0808200    00000080                 : llshift.obj (.text:__llshl)
                  c0808280    00000080                 : boot.obj (.text:_c_int00)
                  c0808300    00000080                 : trgmsg.obj (.text:_readmsg)
                  c0808380    00000080                 : lowlev.obj (.text:_unlink)
                  c0808400    00000060                 : cpp_init.obj (.text:___TI_cpp_init)
                  c0808460    00000060                 : imath64.obj (.text:__subcull)
                  c08084c0    00000060                 : fclose.obj (.text:_fclose)
                  c0808520    00000060                 : fopen.obj (.text:_fopen)
                  c0808580    00000060                 : memccpy.obj (.text:_memccpy)
                  c08085e0    00000060                 : sprintf.obj (.text:_sprintf)
                  c0808640    00000060                 : lowlev.obj (.text:_tabinit)
                  c08086a0    00000060                 : trgmsg.obj (.text:_writemsg)
                  c0808700    00000040                 : isinf.obj (.text:___isinf)
                  c0808740    00000040                 : _printfi.obj (.text:___isnan)
                  c0808780    00000040                 : args_main.obj (.text:__args_main)
                  c08087c0    00000040                 : frcmpyd_div.obj (.text:__frcmpyd_div)
                  c0808800    00000040                 : llshift.obj (.text:__llshru)
                  c0808840    00000040                 : sprintf.obj (.text:__outs)
                  c0808880    00000040                 : imath40.obj (.text:__remli)
                  c08088c0    00000040                 : strasg.obj (.text:__strasgi_64plus)
                  c0808900    00000020                 : negll.obj (.text:__negll)
                  c0808920    00000020                 : _lock.obj (.text:__nop)
                  c0808940    00000020                 : printf.obj (.text:__outc)
                  c0808960    00000020                 : sprintf.obj (.text:__outc)
                  c0808980    00000020                 : printf.obj (.text:__outs)
                  c08089a0    00000020                 : exit.obj (.text:_abort)
                  c08089c0    00000020                 : remove.obj (.text:_remove)

.stack     0    c08089e0    00001000     UNINITIALIZED
                  c08089e0    00000008     rts6740.lib : boot.obj (.stack)
                  c08089e8    00000ff8     --HOLE--

.far       0    c08099e0    00000868     UNINITIALIZED
                  c08099e0    00000400     image_transform.lib : image_transform.obj (.far)
                  c0809de0    00000324     rts6740.lib : defs.obj (.far)
                  c080a104    00000004                 : fopen.obj (.far)
                  c080a108    0000011c                 : lowlev.obj (.far)
                  c080a224    0000000c                 : exit.obj (.far)
                  c080a230    00000008                 : _lock.obj (.far)
                  c080a238    00000008                 : memory.obj (.far)
                  c080a240    00000008                 : trgdrv.obj (.far)

.const     0    c080a248    0000038f     
                  c080a248    00000210     main.obj (.const:.string)
                  c080a458    00000101     rts6740.lib : ctype.obj (.const:.string:__ctypes_)
                  c080a559    00000002                 : fputs.obj (.const:.string)
                  c080a55b    00000001     --HOLE-- [fill = 0]
                  c080a55c    00000058     image_transform.lib : image_transform.obj (.const:.string)
                  c080a5b4    00000023     rts6740.lib : _printfi.obj (.const:.string)

.cinit     0    c080a5d8    00000154     
                  c080a5d8    0000005c     rts6740.lib : defs.obj (.cinit)
                  c080a634    00000004     --HOLE-- [fill = 0]
                  c080a638    0000005c                 : lowlev.obj (.cinit)
                  c080a694    00000004     --HOLE-- [fill = 0]
                  c080a698    0000002c                 : exit.obj (.cinit)
                  c080a6c4    00000004     --HOLE-- [fill = 0]
                  c080a6c8    0000002c                 : memory.obj (.cinit)
                  c080a6f4    00000004     --HOLE-- [fill = 0]
                  c080a6f8    0000001c                 : _lock.obj (.cinit)
                  c080a714    00000004     --HOLE-- [fill = 0]
                  c080a718    0000000c                 : fopen.obj (.cinit)
                  c080a724    00000004     --HOLE-- [fill = 0]
                  c080a728    00000004     (.pad.cinit) [fill = 0]

.bss       0    c080a72c    00000004     UNINITIALIZED
                  c080a72c    00000004     image_transform.lib : image_transform.obj (.bss)

.cio       0    c080a730    00000120     UNINITIALIZED
                  c080a730    00000120     rts6740.lib : trgmsg.obj (.cio)


GLOBAL SYMBOLS: SORTED ALPHABETICALLY BY Name 

address    name
--------   ----
c080a72c   $bss
c080a72c   .bss
c0000000   .data
c0800000   .text
c08089a0   C$$EXIT
c08086f8   C$$IO$$
c0807820   _HOSTclose
c0806a40   _HOSTlseek
c0806c40   _HOSTopen
c08070a0   _HOSTread
c0805b60   _HOSTrename
c0807160   _HOSTunlink
c0807220   _HOSTwrite
c08016f8   _ImageReverse
c0800578   _LinerTrans
c0801280   _RGB2Gray
c0800000   _ReadBmp
c0800814   _Rotate
c08002ec   _SaveBmp
c080a730   __CIOBUF_
c08099e0   __STACK_END
00001000   __STACK_SIZE
00800000   __SYSMEM_SIZE
00000001   __TI_args_main
c0808400   ___TI_cpp_init
c080a22c   ___TI_enable_exit_profile_output
ffffffff   ___TI_pprof_out_hndl
ffffffff   ___TI_prof_data_size
ffffffff   ___TI_prof_data_start
ffffffff   ___binit__
c080a72c   ___bss__
ffffffff   ___c_args__
c080a5d8   ___cinit__
c0000000   ___data__
c0000000   ___edata__
c080a730   ___end__
c08089e0   ___etext__
c0808700   ___isinf
ffffffff   ___pinit__
c0800000   ___text__
c0808780   __args_main
c08072e0   __auto_init
c0806260   __buff_read
c0807460   __c6xabi_divu
c08088c0   __c6xabi_strasgi_64plus
c08078c0   __cleanup
c080a224   __cleanup_ptr
c0806380   __closefile
c080a458   __ctypes_
c08018a0   __divd
c0807960   __divli
c0807460   __divu
c08059c0   __divul
c0804500   __divull
c0807520   __doflush
c080a228   __dtors_ptr
c0807b40   __fixdli
c0808180   __fltlid
c08087c0   __frcmpyd_div
c080a100   __ft_end
c0809de0   __ftable
c0808200   __llshl
c0808800   __llshru
c080a230   __lock
c0808900   __negll
c0808920   __nop
c0802880   __printfi
c08075e0   __rd_ok
c0808880   __remli
c08089e0   __stack
c08088c0   __strasgi_64plus
c0808460   __subcull
c0000000   __sys_memory
c0809fc0   __tmpnams
c080a234   __unlock
c0806b40   __wrt_ok
c08089a0   _abort
c0806d20   _atoi
c0808280   _c_int00
c0806e00   _close
c0807c80   _copy_in
c0806800   _cossp
c08076a0   _exit
c08084c0   _fclose
c0808520   _fopen
c0804e20   _fputc
c0803100   _fputs
c0803a80   _fread
c0804280   _free
c08066e0   _fseek
c08023c0   _fwrite
c0807dc0   _lseek
c0807760   _ltoa
c0805440   _main
c0805ce0   _malloc
c0808580   _memccpy
c0807e60   _memcpy
c0806ee0   _memset
c080a72c   _newBmpBuf
c08099e0   _newpColorTable
c0805e60   _open
c0806fc0   _printf
c0804e20   _putc
c0808040   _read
c0808300   _readmsg
c08089c0   _remove
c0805240   _setvbuf
c0806934   _sinsp
c08085e0   _sprintf
c0808380   _unlink
c08080e0   _write
c08086a0   _writemsg
ffffffff   binit
c080a5d8   cinit
c0000000   edata
c080a730   end
c08089e0   etext
ffffffff   pinit


GLOBAL SYMBOLS: SORTED BY Symbol Address 

address    name
--------   ----
00000001   __TI_args_main
00001000   __STACK_SIZE
00800000   __SYSMEM_SIZE
c0000000   .data
c0000000   ___data__
c0000000   ___edata__
c0000000   __sys_memory
c0000000   edata
c0800000   .text
c0800000   _ReadBmp
c0800000   ___text__
c08002ec   _SaveBmp
c0800578   _LinerTrans
c0800814   _Rotate
c0801280   _RGB2Gray
c08016f8   _ImageReverse
c08018a0   __divd
c08023c0   _fwrite
c0802880   __printfi
c0803100   _fputs
c0803a80   _fread
c0804280   _free
c0804500   __divull
c0804e20   _fputc
c0804e20   _putc
c0805240   _setvbuf
c0805440   _main
c08059c0   __divul
c0805b60   _HOSTrename
c0805ce0   _malloc
c0805e60   _open
c0806260   __buff_read
c0806380   __closefile
c08066e0   _fseek
c0806800   _cossp
c0806934   _sinsp
c0806a40   _HOSTlseek
c0806b40   __wrt_ok
c0806c40   _HOSTopen
c0806d20   _atoi
c0806e00   _close
c0806ee0   _memset
c0806fc0   _printf
c08070a0   _HOSTread
c0807160   _HOSTunlink
c0807220   _HOSTwrite
c08072e0   __auto_init
c0807460   __c6xabi_divu
c0807460   __divu
c0807520   __doflush
c08075e0   __rd_ok
c08076a0   _exit
c0807760   _ltoa
c0807820   _HOSTclose
c08078c0   __cleanup
c0807960   __divli
c0807b40   __fixdli
c0807c80   _copy_in
c0807dc0   _lseek
c0807e60   _memcpy
c0808040   _read
c08080e0   _write
c0808180   __fltlid
c0808200   __llshl
c0808280   _c_int00
c0808300   _readmsg
c0808380   _unlink
c0808400   ___TI_cpp_init
c0808460   __subcull
c08084c0   _fclose
c0808520   _fopen
c0808580   _memccpy
c08085e0   _sprintf
c08086a0   _writemsg
c08086f8   C$$IO$$
c0808700   ___isinf
c0808780   __args_main
c08087c0   __frcmpyd_div
c0808800   __llshru
c0808880   __remli
c08088c0   __c6xabi_strasgi_64plus
c08088c0   __strasgi_64plus
c0808900   __negll
c0808920   __nop
c08089a0   C$$EXIT
c08089a0   _abort
c08089c0   _remove
c08089e0   ___etext__
c08089e0   __stack
c08089e0   etext
c08099e0   __STACK_END
c08099e0   _newpColorTable
c0809de0   __ftable
c0809fc0   __tmpnams
c080a100   __ft_end
c080a224   __cleanup_ptr
c080a228   __dtors_ptr
c080a22c   ___TI_enable_exit_profile_output
c080a230   __lock
c080a234   __unlock
c080a458   __ctypes_
c080a5d8   ___cinit__
c080a5d8   cinit
c080a72c   $bss
c080a72c   .bss
c080a72c   ___bss__
c080a72c   _newBmpBuf
c080a730   __CIOBUF_
c080a730   ___end__
c080a730   end
ffffffff   ___TI_pprof_out_hndl
ffffffff   ___TI_prof_data_size
ffffffff   ___TI_prof_data_start
ffffffff   ___binit__
ffffffff   ___c_args__
ffffffff   ___pinit__
ffffffff   binit
ffffffff   pinit

[118 symbols]
