<?xml version="1.0"?>
<link_info>
   <banner>TMS320C6x Linker PC v7.4.4</banner>
   <copyright>Copyright (c) 1996-2013 Texas Instruments Incorporated</copyright>
   <link_time>0x6a0c79ab</link_time>
   <output_file>Image_Transform.out</output_file>
   <entry_point>
      <name>_c_int00</name>
      <address>0xc0808280</address>
   </entry_point>
   <input_file_list>
      <input_file id="fl-2">
         <path>.\</path>
         <kind>object</kind>
         <file>main.obj</file>
         <name>main.obj</name>
      </input_file>
      <input_file id="fl-8">
         <path>..\Library\</path>
         <kind>archive</kind>
         <file>image_transform.lib</file>
         <name>image_transform.obj</name>
      </input_file>
      <input_file id="fl-9">
         <path>D:\CCS5.5\Image_Transform\Library\</path>
         <kind>archive</kind>
         <file>mathlib.a674</file>
         <name>sinsp.obj</name>
      </input_file>
      <input_file id="fl-a">
         <path>D:\CCS5.5\Image_Transform\Library\</path>
         <kind>archive</kind>
         <file>mathlib.a674</file>
         <name>cossp.obj</name>
      </input_file>
      <input_file id="fl-82">
         <path>C:\ti\ccsv5\tools\compiler\c6000_7.4.4\lib\</path>
         <kind>archive</kind>
         <file>rts6740.lib</file>
         <name>boot.obj</name>
      </input_file>
      <input_file id="fl-83">
         <path>C:\ti\ccsv5\tools\compiler\c6000_7.4.4\lib\</path>
         <kind>archive</kind>
         <file>rts6740.lib</file>
         <name>exit.obj</name>
      </input_file>
      <input_file id="fl-84">
         <path>C:\ti\ccsv5\tools\compiler\c6000_7.4.4\lib\</path>
         <kind>archive</kind>
         <file>rts6740.lib</file>
         <name>fclose.obj</name>
      </input_file>
      <input_file id="fl-85">
         <path>C:\ti\ccsv5\tools\compiler\c6000_7.4.4\lib\</path>
         <kind>archive</kind>
         <file>rts6740.lib</file>
         <name>fflush.obj</name>
      </input_file>
      <input_file id="fl-86">
         <path>C:\ti\ccsv5\tools\compiler\c6000_7.4.4\lib\</path>
         <kind>archive</kind>
         <file>rts6740.lib</file>
         <name>fopen.obj</name>
      </input_file>
      <input_file id="fl-87">
         <path>C:\ti\ccsv5\tools\compiler\c6000_7.4.4\lib\</path>
         <kind>archive</kind>
         <file>rts6740.lib</file>
         <name>fread.obj</name>
      </input_file>
      <input_file id="fl-88">
         <path>C:\ti\ccsv5\tools\compiler\c6000_7.4.4\lib\</path>
         <kind>archive</kind>
         <file>rts6740.lib</file>
         <name>fseek.obj</name>
      </input_file>
      <input_file id="fl-89">
         <path>C:\ti\ccsv5\tools\compiler\c6000_7.4.4\lib\</path>
         <kind>archive</kind>
         <file>rts6740.lib</file>
         <name>fwrite.obj</name>
      </input_file>
      <input_file id="fl-8a">
         <path>C:\ti\ccsv5\tools\compiler\c6000_7.4.4\lib\</path>
         <kind>archive</kind>
         <file>rts6740.lib</file>
         <name>lowlev.obj</name>
      </input_file>
      <input_file id="fl-8b">
         <path>C:\ti\ccsv5\tools\compiler\c6000_7.4.4\lib\</path>
         <kind>archive</kind>
         <file>rts6740.lib</file>
         <name>memcpy64.obj</name>
      </input_file>
      <input_file id="fl-8c">
         <path>C:\ti\ccsv5\tools\compiler\c6000_7.4.4\lib\</path>
         <kind>archive</kind>
         <file>rts6740.lib</file>
         <name>memory.obj</name>
      </input_file>
      <input_file id="fl-8d">
         <path>C:\ti\ccsv5\tools\compiler\c6000_7.4.4\lib\</path>
         <kind>archive</kind>
         <file>rts6740.lib</file>
         <name>memset.obj</name>
      </input_file>
      <input_file id="fl-8e">
         <path>C:\ti\ccsv5\tools\compiler\c6000_7.4.4\lib\</path>
         <kind>archive</kind>
         <file>rts6740.lib</file>
         <name>printf.obj</name>
      </input_file>
      <input_file id="fl-8f">
         <path>C:\ti\ccsv5\tools\compiler\c6000_7.4.4\lib\</path>
         <kind>archive</kind>
         <file>rts6740.lib</file>
         <name>remove.obj</name>
      </input_file>
      <input_file id="fl-90">
         <path>C:\ti\ccsv5\tools\compiler\c6000_7.4.4\lib\</path>
         <kind>archive</kind>
         <file>rts6740.lib</file>
         <name>sprintf.obj</name>
      </input_file>
      <input_file id="fl-91">
         <path>C:\ti\ccsv5\tools\compiler\c6000_7.4.4\lib\</path>
         <kind>archive</kind>
         <file>rts6740.lib</file>
         <name>strasg.obj</name>
      </input_file>
      <input_file id="fl-92">
         <path>C:\ti\ccsv5\tools\compiler\c6000_7.4.4\lib\</path>
         <kind>archive</kind>
         <file>rts6740.lib</file>
         <name>trgdrv.obj</name>
      </input_file>
      <input_file id="fl-93">
         <path>C:\ti\ccsv5\tools\compiler\c6000_7.4.4\lib\</path>
         <kind>archive</kind>
         <file>rts6740.lib</file>
         <name>trgmsg.obj</name>
      </input_file>
      <input_file id="fl-94">
         <path>C:\ti\ccsv5\tools\compiler\c6000_7.4.4\lib\</path>
         <kind>archive</kind>
         <file>rts6740.lib</file>
         <name>_bufread.obj</name>
      </input_file>
      <input_file id="fl-95">
         <path>C:\ti\ccsv5\tools\compiler\c6000_7.4.4\lib\</path>
         <kind>archive</kind>
         <file>rts6740.lib</file>
         <name>_io_perm.obj</name>
      </input_file>
      <input_file id="fl-96">
         <path>C:\ti\ccsv5\tools\compiler\c6000_7.4.4\lib\</path>
         <kind>archive</kind>
         <file>rts6740.lib</file>
         <name>_lock.obj</name>
      </input_file>
      <input_file id="fl-97">
         <path>C:\ti\ccsv5\tools\compiler\c6000_7.4.4\lib\</path>
         <kind>archive</kind>
         <file>rts6740.lib</file>
         <name>_printfi.obj</name>
      </input_file>
      <input_file id="fl-98">
         <path>C:\ti\ccsv5\tools\compiler\c6000_7.4.4\lib\</path>
         <kind>archive</kind>
         <file>rts6740.lib</file>
         <name>args_main.obj</name>
      </input_file>
      <input_file id="fl-99">
         <path>C:\ti\ccsv5\tools\compiler\c6000_7.4.4\lib\</path>
         <kind>archive</kind>
         <file>rts6740.lib</file>
         <name>atoi.obj</name>
      </input_file>
      <input_file id="fl-9a">
         <path>C:\ti\ccsv5\tools\compiler\c6000_7.4.4\lib\</path>
         <kind>archive</kind>
         <file>rts6740.lib</file>
         <name>autoinit.obj</name>
      </input_file>
      <input_file id="fl-9b">
         <path>C:\ti\ccsv5\tools\compiler\c6000_7.4.4\lib\</path>
         <kind>archive</kind>
         <file>rts6740.lib</file>
         <name>cpp_init.obj</name>
      </input_file>
      <input_file id="fl-9c">
         <path>C:\ti\ccsv5\tools\compiler\c6000_7.4.4\lib\</path>
         <kind>archive</kind>
         <file>rts6740.lib</file>
         <name>cpy_tbl.obj</name>
      </input_file>
      <input_file id="fl-9d">
         <path>C:\ti\ccsv5\tools\compiler\c6000_7.4.4\lib\</path>
         <kind>archive</kind>
         <file>rts6740.lib</file>
         <name>ctype.obj</name>
      </input_file>
      <input_file id="fl-9e">
         <path>C:\ti\ccsv5\tools\compiler\c6000_7.4.4\lib\</path>
         <kind>archive</kind>
         <file>rts6740.lib</file>
         <name>defs.obj</name>
      </input_file>
      <input_file id="fl-9f">
         <path>C:\ti\ccsv5\tools\compiler\c6000_7.4.4\lib\</path>
         <kind>archive</kind>
         <file>rts6740.lib</file>
         <name>divd.obj</name>
      </input_file>
      <input_file id="fl-a0">
         <path>C:\ti\ccsv5\tools\compiler\c6000_7.4.4\lib\</path>
         <kind>archive</kind>
         <file>rts6740.lib</file>
         <name>divu.obj</name>
      </input_file>
      <input_file id="fl-a1">
         <path>C:\ti\ccsv5\tools\compiler\c6000_7.4.4\lib\</path>
         <kind>archive</kind>
         <file>rts6740.lib</file>
         <name>fixdli.obj</name>
      </input_file>
      <input_file id="fl-a2">
         <path>C:\ti\ccsv5\tools\compiler\c6000_7.4.4\lib\</path>
         <kind>archive</kind>
         <file>rts6740.lib</file>
         <name>fltlid.obj</name>
      </input_file>
      <input_file id="fl-a3">
         <path>C:\ti\ccsv5\tools\compiler\c6000_7.4.4\lib\</path>
         <kind>archive</kind>
         <file>rts6740.lib</file>
         <name>fputc.obj</name>
      </input_file>
      <input_file id="fl-a4">
         <path>C:\ti\ccsv5\tools\compiler\c6000_7.4.4\lib\</path>
         <kind>archive</kind>
         <file>rts6740.lib</file>
         <name>fputs.obj</name>
      </input_file>
      <input_file id="fl-a5">
         <path>C:\ti\ccsv5\tools\compiler\c6000_7.4.4\lib\</path>
         <kind>archive</kind>
         <file>rts6740.lib</file>
         <name>frcmpyd_div.obj</name>
      </input_file>
      <input_file id="fl-a6">
         <path>C:\ti\ccsv5\tools\compiler\c6000_7.4.4\lib\</path>
         <kind>archive</kind>
         <file>rts6740.lib</file>
         <name>imath40.obj</name>
      </input_file>
      <input_file id="fl-a7">
         <path>C:\ti\ccsv5\tools\compiler\c6000_7.4.4\lib\</path>
         <kind>archive</kind>
         <file>rts6740.lib</file>
         <name>imath64.obj</name>
      </input_file>
      <input_file id="fl-a8">
         <path>C:\ti\ccsv5\tools\compiler\c6000_7.4.4\lib\</path>
         <kind>archive</kind>
         <file>rts6740.lib</file>
         <name>isinf.obj</name>
      </input_file>
      <input_file id="fl-a9">
         <path>C:\ti\ccsv5\tools\compiler\c6000_7.4.4\lib\</path>
         <kind>archive</kind>
         <file>rts6740.lib</file>
         <name>llshift.obj</name>
      </input_file>
      <input_file id="fl-aa">
         <path>C:\ti\ccsv5\tools\compiler\c6000_7.4.4\lib\</path>
         <kind>archive</kind>
         <file>rts6740.lib</file>
         <name>ltoa.obj</name>
      </input_file>
      <input_file id="fl-ab">
         <path>C:\ti\ccsv5\tools\compiler\c6000_7.4.4\lib\</path>
         <kind>archive</kind>
         <file>rts6740.lib</file>
         <name>memccpy.obj</name>
      </input_file>
      <input_file id="fl-ac">
         <path>C:\ti\ccsv5\tools\compiler\c6000_7.4.4\lib\</path>
         <kind>archive</kind>
         <file>rts6740.lib</file>
         <name>negll.obj</name>
      </input_file>
      <input_file id="fl-ad">
         <path>C:\ti\ccsv5\tools\compiler\c6000_7.4.4\lib\</path>
         <kind>archive</kind>
         <file>rts6740.lib</file>
         <name>setvbuf.obj</name>
      </input_file>
      <input_file id="fl-ae">
         <path>C:\ti\ccsv5\tools\compiler\c6000_7.4.4\lib\</path>
         <kind>archive</kind>
         <file>rts6740.lib</file>
         <name>abs.obj</name>
      </input_file>
   </input_file_list>
   <object_component_list>
      <object_component id="oc-c9">
         <name>.text</name>
         <load_address>0xc0800000</load_address>
         <run_address>0xc0800000</run_address>
         <size>0x18a0</size>
         <input_file_ref idref="fl-8"/>
      </object_component>
      <object_component id="oc-106">
         <name>.text:__divd</name>
         <load_address>0xc08018a0</load_address>
         <run_address>0xc08018a0</run_address>
         <size>0x5a0</size>
         <input_file_ref idref="fl-9f"/>
      </object_component>
      <object_component id="oc-fb">
         <name>.text:__getarg_diouxp</name>
         <load_address>0xc0801e40</load_address>
         <run_address>0xc0801e40</run_address>
         <size>0x580</size>
         <input_file_ref idref="fl-97"/>
      </object_component>
      <object_component id="oc-d3">
         <name>.text:_fwrite</name>
         <load_address>0xc08023c0</load_address>
         <run_address>0xc08023c0</run_address>
         <size>0x4c0</size>
         <input_file_ref idref="fl-89"/>
      </object_component>
      <object_component id="oc-cc">
         <name>.text:__printfi</name>
         <load_address>0xc0802880</load_address>
         <run_address>0xc0802880</run_address>
         <size>0x440</size>
         <input_file_ref idref="fl-97"/>
      </object_component>
      <object_component id="oc-da">
         <name>.text:__setfield</name>
         <load_address>0xc0802cc0</load_address>
         <run_address>0xc0802cc0</run_address>
         <size>0x440</size>
         <input_file_ref idref="fl-97"/>
      </object_component>
      <object_component id="oc-d7">
         <name>.text:_fputs</name>
         <load_address>0xc0803100</load_address>
         <run_address>0xc0803100</run_address>
         <size>0x3a0</size>
         <input_file_ref idref="fl-a4"/>
      </object_component>
      <object_component id="oc-ec">
         <name>.text:__pproc_fge</name>
         <load_address>0xc08034a0</load_address>
         <run_address>0xc08034a0</run_address>
         <size>0x320</size>
         <input_file_ref idref="fl-97"/>
      </object_component>
      <object_component id="oc-d9">
         <name>.text:__pproc_fwp</name>
         <load_address>0xc08037c0</load_address>
         <run_address>0xc08037c0</run_address>
         <size>0x2c0</size>
         <input_file_ref idref="fl-97"/>
      </object_component>
      <object_component id="oc-cf">
         <name>.text:_fread</name>
         <load_address>0xc0803a80</load_address>
         <run_address>0xc0803a80</run_address>
         <size>0x2c0</size>
         <input_file_ref idref="fl-87"/>
      </object_component>
      <object_component id="oc-101">
         <name>.text:_ecvt</name>
         <load_address>0xc0803d40</load_address>
         <run_address>0xc0803d40</run_address>
         <size>0x2a0</size>
         <input_file_ref idref="fl-97"/>
      </object_component>
      <object_component id="oc-104">
         <name>.text:_fcvt</name>
         <load_address>0xc0803fe0</load_address>
         <run_address>0xc0803fe0</run_address>
         <size>0x2a0</size>
         <input_file_ref idref="fl-97"/>
      </object_component>
      <object_component id="oc-f2">
         <name>.text:_free</name>
         <load_address>0xc0804280</load_address>
         <run_address>0xc0804280</run_address>
         <size>0x280</size>
         <input_file_ref idref="fl-8c"/>
      </object_component>
      <object_component id="oc-10f">
         <name>.text:__divull</name>
         <load_address>0xc0804500</load_address>
         <run_address>0xc0804500</run_address>
         <size>0x260</size>
         <input_file_ref idref="fl-a7"/>
      </object_component>
      <object_component id="oc-fa">
         <name>.text:__pconv_e</name>
         <load_address>0xc0804760</load_address>
         <run_address>0xc0804760</run_address>
         <size>0x260</size>
         <input_file_ref idref="fl-97"/>
      </object_component>
      <object_component id="oc-ed">
         <name>.text:__pproc_diouxp</name>
         <load_address>0xc08049c0</load_address>
         <run_address>0xc08049c0</run_address>
         <size>0x240</size>
         <input_file_ref idref="fl-97"/>
      </object_component>
      <object_component id="oc-db">
         <name>.text:__pproc_str</name>
         <load_address>0xc0804c00</load_address>
         <run_address>0xc0804c00</run_address>
         <size>0x220</size>
         <input_file_ref idref="fl-97"/>
      </object_component>
      <object_component id="oc-dc">
         <name>.text:_fputc</name>
         <load_address>0xc0804e20</load_address>
         <run_address>0xc0804e20</run_address>
         <size>0x220</size>
         <input_file_ref idref="fl-a3"/>
      </object_component>
      <object_component id="oc-f8">
         <name>.text:__pconv_g</name>
         <load_address>0xc0805040</load_address>
         <run_address>0xc0805040</run_address>
         <size>0x200</size>
         <input_file_ref idref="fl-97"/>
      </object_component>
      <object_component id="oc-f1">
         <name>.text:_setvbuf</name>
         <load_address>0xc0805240</load_address>
         <run_address>0xc0805240</run_address>
         <size>0x200</size>
         <input_file_ref idref="fl-ad"/>
      </object_component>
      <object_component id="oc-c4">
         <name>.text</name>
         <load_address>0xc0805440</load_address>
         <run_address>0xc0805440</run_address>
         <size>0x200</size>
         <input_file_ref idref="fl-2"/>
      </object_component>
      <object_component id="oc-103">
         <name>.text:__mcpy</name>
         <load_address>0xc0805640</load_address>
         <run_address>0xc0805640</run_address>
         <size>0x1c0</size>
         <input_file_ref idref="fl-97"/>
      </object_component>
      <object_component id="oc-de">
         <name>.text:__openfile</name>
         <load_address>0xc0805800</load_address>
         <run_address>0xc0805800</run_address>
         <size>0x1c0</size>
         <input_file_ref idref="fl-86"/>
      </object_component>
      <object_component id="oc-10e">
         <name>.text:__divul</name>
         <load_address>0xc08059c0</load_address>
         <run_address>0xc08059c0</run_address>
         <size>0x1a0</size>
         <input_file_ref idref="fl-a6"/>
      </object_component>
      <object_component id="oc-bf">
         <name>.text:_HOSTrename</name>
         <load_address>0xc0805b60</load_address>
         <run_address>0xc0805b60</run_address>
         <size>0x180</size>
         <input_file_ref idref="fl-92"/>
      </object_component>
      <object_component id="oc-d0">
         <name>.text:_malloc</name>
         <load_address>0xc0805ce0</load_address>
         <run_address>0xc0805ce0</run_address>
         <size>0x180</size>
         <input_file_ref idref="fl-8c"/>
      </object_component>
      <object_component id="oc-f0">
         <name>.text:_open</name>
         <load_address>0xc0805e60</load_address>
         <run_address>0xc0805e60</run_address>
         <size>0x180</size>
         <input_file_ref idref="fl-8a"/>
      </object_component>
      <object_component id="oc-d8">
         <name>.text:__pproc_fflags</name>
         <load_address>0xc0805fe0</load_address>
         <run_address>0xc0805fe0</run_address>
         <size>0x140</size>
         <input_file_ref idref="fl-97"/>
      </object_component>
      <object_component id="oc-ff">
         <name>.text:_getdevice</name>
         <load_address>0xc0806120</load_address>
         <run_address>0xc0806120</run_address>
         <size>0x140</size>
         <input_file_ref idref="fl-8a"/>
      </object_component>
      <object_component id="oc-e0">
         <name>.text:__buff_read</name>
         <load_address>0xc0806260</load_address>
         <run_address>0xc0806260</run_address>
         <size>0x120</size>
         <input_file_ref idref="fl-94"/>
      </object_component>
      <object_component id="oc-e5">
         <name>.text:__closefile</name>
         <load_address>0xc0806380</load_address>
         <run_address>0xc0806380</run_address>
         <size>0x120</size>
         <input_file_ref idref="fl-84"/>
      </object_component>
      <object_component id="oc-fd">
         <name>.text:__ltostr</name>
         <load_address>0xc08064a0</load_address>
         <run_address>0xc08064a0</run_address>
         <size>0x120</size>
         <input_file_ref idref="fl-97"/>
      </object_component>
      <object_component id="oc-dd">
         <name>.text:__search_fp</name>
         <load_address>0xc08065c0</load_address>
         <run_address>0xc08065c0</run_address>
         <size>0x120</size>
         <input_file_ref idref="fl-86"/>
      </object_component>
      <object_component id="oc-d4">
         <name>.text:_fseek</name>
         <load_address>0xc08066e0</load_address>
         <run_address>0xc08066e0</run_address>
         <size>0x120</size>
         <input_file_ref idref="fl-88"/>
      </object_component>
      <object_component id="oc-1e">
         <name>.text:optasm</name>
         <load_address>0xc0806800</load_address>
         <run_address>0xc0806800</run_address>
         <size>0x120</size>
         <input_file_ref idref="fl-a"/>
      </object_component>
      <object_component id="oc-1d">
         <name>.text:optasm</name>
         <load_address>0xc0806920</load_address>
         <run_address>0xc0806920</run_address>
         <size>0x120</size>
         <input_file_ref idref="fl-9"/>
      </object_component>
      <object_component id="oc-bd">
         <name>.text:_HOSTlseek</name>
         <load_address>0xc0806a40</load_address>
         <run_address>0xc0806a40</run_address>
         <size>0x100</size>
         <input_file_ref idref="fl-92"/>
      </object_component>
      <object_component id="oc-e6">
         <name>.text:__wrt_ok</name>
         <load_address>0xc0806b40</load_address>
         <run_address>0xc0806b40</run_address>
         <size>0x100</size>
         <input_file_ref idref="fl-95"/>
      </object_component>
      <object_component id="oc-b9">
         <name>.text:_HOSTopen</name>
         <load_address>0xc0806c40</load_address>
         <run_address>0xc0806c40</run_address>
         <size>0xe0</size>
         <input_file_ref idref="fl-92"/>
      </object_component>
      <object_component id="oc-eb">
         <name>.text:_atoi</name>
         <load_address>0xc0806d20</load_address>
         <run_address>0xc0806d20</run_address>
         <size>0xe0</size>
         <input_file_ref idref="fl-99"/>
      </object_component>
      <object_component id="oc-f3">
         <name>.text:_close</name>
         <load_address>0xc0806e00</load_address>
         <run_address>0xc0806e00</run_address>
         <size>0xe0</size>
         <input_file_ref idref="fl-8a"/>
      </object_component>
      <object_component id="oc-ea">
         <name>.text:_memset</name>
         <load_address>0xc0806ee0</load_address>
         <run_address>0xc0806ee0</run_address>
         <size>0xe0</size>
         <input_file_ref idref="fl-8d"/>
      </object_component>
      <object_component id="oc-c8">
         <name>.text:_printf</name>
         <load_address>0xc0806fc0</load_address>
         <run_address>0xc0806fc0</run_address>
         <size>0xe0</size>
         <input_file_ref idref="fl-8e"/>
      </object_component>
      <object_component id="oc-bb">
         <name>.text:_HOSTread</name>
         <load_address>0xc08070a0</load_address>
         <run_address>0xc08070a0</run_address>
         <size>0xc0</size>
         <input_file_ref idref="fl-92"/>
      </object_component>
      <object_component id="oc-be">
         <name>.text:_HOSTunlink</name>
         <load_address>0xc0807160</load_address>
         <run_address>0xc0807160</run_address>
         <size>0xc0</size>
         <input_file_ref idref="fl-92"/>
      </object_component>
      <object_component id="oc-bc">
         <name>.text:_HOSTwrite</name>
         <load_address>0xc0807220</load_address>
         <run_address>0xc0807220</run_address>
         <size>0xc0</size>
         <input_file_ref idref="fl-92"/>
      </object_component>
      <object_component id="oc-b6">
         <name>.text:__auto_init</name>
         <load_address>0xc08072e0</load_address>
         <run_address>0xc08072e0</run_address>
         <size>0xc0</size>
         <input_file_ref idref="fl-9a"/>
      </object_component>
      <object_component id="oc-107">
         <name>.text:__div</name>
         <load_address>0xc08073a0</load_address>
         <run_address>0xc08073a0</run_address>
         <size>0xc0</size>
         <input_file_ref idref="fl-97"/>
      </object_component>
      <object_component id="oc-e1">
         <name>.text:__divu</name>
         <load_address>0xc0807460</load_address>
         <run_address>0xc0807460</run_address>
         <size>0xc0</size>
         <input_file_ref idref="fl-a0"/>
      </object_component>
      <object_component id="oc-e7">
         <name>.text:__doflush</name>
         <load_address>0xc0807520</load_address>
         <run_address>0xc0807520</run_address>
         <size>0xc0</size>
         <input_file_ref idref="fl-85"/>
      </object_component>
      <object_component id="oc-df">
         <name>.text:__rd_ok</name>
         <load_address>0xc08075e0</load_address>
         <run_address>0xc08075e0</run_address>
         <size>0xc0</size>
         <input_file_ref idref="fl-95"/>
      </object_component>
      <object_component id="oc-b8">
         <name>.text:_exit</name>
         <load_address>0xc08076a0</load_address>
         <run_address>0xc08076a0</run_address>
         <size>0xc0</size>
         <input_file_ref idref="fl-83"/>
      </object_component>
      <object_component id="oc-10a">
         <name>.text:_ltoa</name>
         <load_address>0xc0807760</load_address>
         <run_address>0xc0807760</run_address>
         <size>0xc0</size>
         <input_file_ref idref="fl-aa"/>
      </object_component>
      <object_component id="oc-ba">
         <name>.text:_HOSTclose</name>
         <load_address>0xc0807820</load_address>
         <run_address>0xc0807820</run_address>
         <size>0xa0</size>
         <input_file_ref idref="fl-92"/>
      </object_component>
      <object_component id="oc-ef">
         <name>.text:__cleanup</name>
         <load_address>0xc08078c0</load_address>
         <run_address>0xc08078c0</run_address>
         <size>0xa0</size>
         <input_file_ref idref="fl-86"/>
      </object_component>
      <object_component id="oc-111">
         <name>.text:__divli</name>
         <load_address>0xc0807960</load_address>
         <run_address>0xc0807960</run_address>
         <size>0xa0</size>
         <input_file_ref idref="fl-a6"/>
      </object_component>
      <object_component id="oc-102">
         <name>.text:__ecpy</name>
         <load_address>0xc0807a00</load_address>
         <run_address>0xc0807a00</run_address>
         <size>0xa0</size>
         <input_file_ref idref="fl-97"/>
      </object_component>
      <object_component id="oc-105">
         <name>.text:__fcpy</name>
         <load_address>0xc0807aa0</load_address>
         <run_address>0xc0807aa0</run_address>
         <size>0xa0</size>
         <input_file_ref idref="fl-97"/>
      </object_component>
      <object_component id="oc-109">
         <name>.text:__fixdli</name>
         <load_address>0xc0807b40</load_address>
         <run_address>0xc0807b40</run_address>
         <size>0xa0</size>
         <input_file_ref idref="fl-a1"/>
      </object_component>
      <object_component id="oc-f9">
         <name>.text:__pconv_f</name>
         <load_address>0xc0807be0</load_address>
         <run_address>0xc0807be0</run_address>
         <size>0xa0</size>
         <input_file_ref idref="fl-97"/>
      </object_component>
      <object_component id="oc-c1">
         <name>.text:_copy_in</name>
         <load_address>0xc0807c80</load_address>
         <run_address>0xc0807c80</run_address>
         <size>0xa0</size>
         <input_file_ref idref="fl-9c"/>
      </object_component>
      <object_component id="oc-108">
         <name>.text:_finddevice</name>
         <load_address>0xc0807d20</load_address>
         <run_address>0xc0807d20</run_address>
         <size>0xa0</size>
         <input_file_ref idref="fl-8a"/>
      </object_component>
      <object_component id="oc-e9">
         <name>.text:_lseek</name>
         <load_address>0xc0807dc0</load_address>
         <run_address>0xc0807dc0</run_address>
         <size>0xa0</size>
         <input_file_ref idref="fl-8a"/>
      </object_component>
      <object_component id="oc-c2">
         <name>.text:_memcpy</name>
         <load_address>0xc0807e60</load_address>
         <run_address>0xc0807e60</run_address>
         <size>0xa0</size>
         <input_file_ref idref="fl-8b"/>
      </object_component>
      <object_component id="oc-e4">
         <name>.text:_minsert</name>
         <load_address>0xc0807f00</load_address>
         <run_address>0xc0807f00</run_address>
         <size>0xa0</size>
         <input_file_ref idref="fl-8c"/>
      </object_component>
      <object_component id="oc-e3">
         <name>.text:_mremove</name>
         <load_address>0xc0807fa0</load_address>
         <run_address>0xc0807fa0</run_address>
         <size>0xa0</size>
         <input_file_ref idref="fl-8c"/>
      </object_component>
      <object_component id="oc-e2">
         <name>.text:_read</name>
         <load_address>0xc0808040</load_address>
         <run_address>0xc0808040</run_address>
         <size>0xa0</size>
         <input_file_ref idref="fl-8a"/>
      </object_component>
      <object_component id="oc-e8">
         <name>.text:_write</name>
         <load_address>0xc08080e0</load_address>
         <run_address>0xc08080e0</run_address>
         <size>0xa0</size>
         <input_file_ref idref="fl-8a"/>
      </object_component>
      <object_component id="oc-10b">
         <name>.text:__fltlid</name>
         <load_address>0xc0808180</load_address>
         <run_address>0xc0808180</run_address>
         <size>0x80</size>
         <input_file_ref idref="fl-a2"/>
      </object_component>
      <object_component id="oc-112">
         <name>.text:__llshl</name>
         <load_address>0xc0808200</load_address>
         <run_address>0xc0808200</run_address>
         <size>0x80</size>
         <input_file_ref idref="fl-a9"/>
      </object_component>
      <object_component id="oc-10">
         <name>.text:_c_int00</name>
         <load_address>0xc0808280</load_address>
         <run_address>0xc0808280</run_address>
         <size>0x80</size>
         <input_file_ref idref="fl-82"/>
      </object_component>
      <object_component id="oc-c7">
         <name>.text:_readmsg</name>
         <load_address>0xc0808300</load_address>
         <run_address>0xc0808300</run_address>
         <size>0x80</size>
         <input_file_ref idref="fl-93"/>
      </object_component>
      <object_component id="oc-100">
         <name>.text:_unlink</name>
         <load_address>0xc0808380</load_address>
         <run_address>0xc0808380</run_address>
         <size>0x80</size>
         <input_file_ref idref="fl-8a"/>
      </object_component>
      <object_component id="oc-c3">
         <name>.text:___TI_cpp_init</name>
         <load_address>0xc0808400</load_address>
         <run_address>0xc0808400</run_address>
         <size>0x60</size>
         <input_file_ref idref="fl-9b"/>
      </object_component>
      <object_component id="oc-113">
         <name>.text:__subcull</name>
         <load_address>0xc0808460</load_address>
         <run_address>0xc0808460</run_address>
         <size>0x60</size>
         <input_file_ref idref="fl-a7"/>
      </object_component>
      <object_component id="oc-d1">
         <name>.text:_fclose</name>
         <load_address>0xc08084c0</load_address>
         <run_address>0xc08084c0</run_address>
         <size>0x60</size>
         <input_file_ref idref="fl-84"/>
      </object_component>
      <object_component id="oc-ce">
         <name>.text:_fopen</name>
         <load_address>0xc0808520</load_address>
         <run_address>0xc0808520</run_address>
         <size>0x60</size>
         <input_file_ref idref="fl-86"/>
      </object_component>
      <object_component id="oc-ee">
         <name>.text:_memccpy</name>
         <load_address>0xc0808580</load_address>
         <run_address>0xc0808580</run_address>
         <size>0x60</size>
         <input_file_ref idref="fl-ab"/>
      </object_component>
      <object_component id="oc-ca">
         <name>.text:_sprintf</name>
         <load_address>0xc08085e0</load_address>
         <run_address>0xc08085e0</run_address>
         <size>0x60</size>
         <input_file_ref idref="fl-90"/>
      </object_component>
      <object_component id="oc-fe">
         <name>.text:_tabinit</name>
         <load_address>0xc0808640</load_address>
         <run_address>0xc0808640</run_address>
         <size>0x60</size>
         <input_file_ref idref="fl-8a"/>
      </object_component>
      <object_component id="oc-c6">
         <name>.text:_writemsg</name>
         <load_address>0xc08086a0</load_address>
         <run_address>0xc08086a0</run_address>
         <size>0x60</size>
         <input_file_ref idref="fl-93"/>
      </object_component>
      <object_component id="oc-f7">
         <name>.text:___isinf</name>
         <load_address>0xc0808700</load_address>
         <run_address>0xc0808700</run_address>
         <size>0x40</size>
         <input_file_ref idref="fl-a8"/>
      </object_component>
      <object_component id="oc-f6">
         <name>.text:___isnan</name>
         <load_address>0xc0808740</load_address>
         <run_address>0xc0808740</run_address>
         <size>0x40</size>
         <input_file_ref idref="fl-97"/>
      </object_component>
      <object_component id="oc-b7">
         <name>.text:__args_main</name>
         <load_address>0xc0808780</load_address>
         <run_address>0xc0808780</run_address>
         <size>0x40</size>
         <input_file_ref idref="fl-98"/>
      </object_component>
      <object_component id="oc-10d">
         <name>.text:__frcmpyd_div</name>
         <load_address>0xc08087c0</load_address>
         <run_address>0xc08087c0</run_address>
         <size>0x40</size>
         <input_file_ref idref="fl-a5"/>
      </object_component>
      <object_component id="oc-10c">
         <name>.text:__llshru</name>
         <load_address>0xc0808800</load_address>
         <run_address>0xc0808800</run_address>
         <size>0x40</size>
         <input_file_ref idref="fl-a9"/>
      </object_component>
      <object_component id="oc-d6">
         <name>.text:__outs</name>
         <load_address>0xc0808840</load_address>
         <run_address>0xc0808840</run_address>
         <size>0x40</size>
         <input_file_ref idref="fl-90"/>
      </object_component>
      <object_component id="oc-110">
         <name>.text:__remli</name>
         <load_address>0xc0808880</load_address>
         <run_address>0xc0808880</run_address>
         <size>0x40</size>
         <input_file_ref idref="fl-a6"/>
      </object_component>
      <object_component id="oc-d2">
         <name>.text:__strasgi_64plus</name>
         <load_address>0xc08088c0</load_address>
         <run_address>0xc08088c0</run_address>
         <size>0x40</size>
         <input_file_ref idref="fl-91"/>
      </object_component>
      <object_component id="oc-fc">
         <name>.text:__negll</name>
         <load_address>0xc0808900</load_address>
         <run_address>0xc0808900</run_address>
         <size>0x20</size>
         <input_file_ref idref="fl-ac"/>
      </object_component>
      <object_component id="oc-c0">
         <name>.text:__nop</name>
         <load_address>0xc0808920</load_address>
         <run_address>0xc0808920</run_address>
         <size>0x20</size>
         <input_file_ref idref="fl-96"/>
      </object_component>
      <object_component id="oc-cd">
         <name>.text:__outc</name>
         <load_address>0xc0808940</load_address>
         <run_address>0xc0808940</run_address>
         <size>0x20</size>
         <input_file_ref idref="fl-8e"/>
      </object_component>
      <object_component id="oc-d5">
         <name>.text:__outc</name>
         <load_address>0xc0808960</load_address>
         <run_address>0xc0808960</run_address>
         <size>0x20</size>
         <input_file_ref idref="fl-90"/>
      </object_component>
      <object_component id="oc-cb">
         <name>.text:__outs</name>
         <load_address>0xc0808980</load_address>
         <run_address>0xc0808980</run_address>
         <size>0x20</size>
         <input_file_ref idref="fl-8e"/>
      </object_component>
      <object_component id="oc-c5">
         <name>.text:_abort</name>
         <load_address>0xc08089a0</load_address>
         <run_address>0xc08089a0</run_address>
         <size>0x20</size>
         <input_file_ref idref="fl-83"/>
      </object_component>
      <object_component id="oc-f4">
         <name>.text:_remove</name>
         <load_address>0xc08089c0</load_address>
         <run_address>0xc08089c0</run_address>
         <size>0x20</size>
         <input_file_ref idref="fl-8f"/>
      </object_component>
      <object_component id="oc-20">
         <name>.stack</name>
         <uninitialized>true</uninitialized>
         <run_address>0xc08089e0</run_address>
         <size>0x8</size>
         <input_file_ref idref="fl-82"/>
      </object_component>
      <object_component id="oc-12b">
         <name>.stack</name>
         <uninitialized>true</uninitialized>
         <run_address>0xc08089e0</run_address>
         <size>0x0</size>
      </object_component>
      <object_component id="oc-16">
         <name>.bss</name>
         <uninitialized>true</uninitialized>
         <run_address>0xc080a72c</run_address>
         <size>0x4</size>
         <input_file_ref idref="fl-8"/>
      </object_component>
      <object_component id="oc-5e">
         <name>.cio</name>
         <uninitialized>true</uninitialized>
         <run_address>0xc080a730</run_address>
         <size>0x120</size>
         <input_file_ref idref="fl-93"/>
      </object_component>
      <object_component id="oc-12">
         <name>.const:.string</name>
         <load_address>0xc080a248</load_address>
         <run_address>0xc080a248</run_address>
         <size>0x210</size>
         <input_file_ref idref="fl-2"/>
      </object_component>
      <object_component id="oc-f5">
         <name>.const:.string:__ctypes_</name>
         <load_address>0xc080a458</load_address>
         <run_address>0xc080a458</run_address>
         <size>0x101</size>
         <input_file_ref idref="fl-9d"/>
      </object_component>
      <object_component id="oc-95">
         <name>.const:.string</name>
         <load_address>0xc080a559</load_address>
         <run_address>0xc080a559</run_address>
         <size>0x2</size>
         <input_file_ref idref="fl-a4"/>
      </object_component>
      <object_component id="oc-19">
         <name>.const:.string</name>
         <load_address>0xc080a55c</load_address>
         <run_address>0xc080a55c</run_address>
         <size>0x58</size>
         <input_file_ref idref="fl-8"/>
      </object_component>
      <object_component id="oc-6d">
         <name>.const:.string</name>
         <load_address>0xc080a5b4</load_address>
         <run_address>0xc080a5b4</run_address>
         <size>0x23</size>
         <input_file_ref idref="fl-97"/>
      </object_component>
      <object_component id="oc-47">
         <name>.sysmem</name>
         <uninitialized>true</uninitialized>
         <run_address>0xc0000000</run_address>
         <size>0x8</size>
         <input_file_ref idref="fl-8c"/>
      </object_component>
      <object_component id="oc-12c">
         <name>.sysmem</name>
         <uninitialized>true</uninitialized>
         <run_address>0xc0000000</run_address>
         <size>0x0</size>
      </object_component>
      <object_component id="oc-18">
         <name>.far</name>
         <uninitialized>true</uninitialized>
         <run_address>0xc08099e0</run_address>
         <size>0x400</size>
         <input_file_ref idref="fl-8"/>
      </object_component>
      <object_component id="oc-25">
         <name>.far</name>
         <uninitialized>true</uninitialized>
         <run_address>0xc080a224</run_address>
         <size>0xc</size>
         <input_file_ref idref="fl-83"/>
      </object_component>
      <object_component id="oc-30">
         <name>.far</name>
         <uninitialized>true</uninitialized>
         <run_address>0xc080a104</run_address>
         <size>0x4</size>
         <input_file_ref idref="fl-86"/>
      </object_component>
      <object_component id="oc-3e">
         <name>.far</name>
         <uninitialized>true</uninitialized>
         <run_address>0xc080a108</run_address>
         <size>0x11c</size>
         <input_file_ref idref="fl-8a"/>
      </object_component>
      <object_component id="oc-46">
         <name>.far</name>
         <uninitialized>true</uninitialized>
         <run_address>0xc080a238</run_address>
         <size>0x8</size>
         <input_file_ref idref="fl-8c"/>
      </object_component>
      <object_component id="oc-5a">
         <name>.far</name>
         <uninitialized>true</uninitialized>
         <run_address>0xc080a240</run_address>
         <size>0x8</size>
         <input_file_ref idref="fl-92"/>
      </object_component>
      <object_component id="oc-69">
         <name>.far</name>
         <uninitialized>true</uninitialized>
         <run_address>0xc080a230</run_address>
         <size>0x8</size>
         <input_file_ref idref="fl-96"/>
      </object_component>
      <object_component id="oc-83">
         <name>.far</name>
         <uninitialized>true</uninitialized>
         <run_address>0xc0809de0</run_address>
         <size>0x324</size>
         <input_file_ref idref="fl-9e"/>
      </object_component>
      <object_component id="oc-82">
         <name>.cinit</name>
         <load_address>0xc080a5d8</load_address>
         <run_address>0xc080a5d8</run_address>
         <size>0x5c</size>
         <input_file_ref idref="fl-9e"/>
      </object_component>
      <object_component id="oc-3d">
         <name>.cinit</name>
         <load_address>0xc080a638</load_address>
         <run_address>0xc080a638</run_address>
         <size>0x5c</size>
         <input_file_ref idref="fl-8a"/>
      </object_component>
      <object_component id="oc-24">
         <name>.cinit</name>
         <load_address>0xc080a698</load_address>
         <run_address>0xc080a698</run_address>
         <size>0x2c</size>
         <input_file_ref idref="fl-83"/>
      </object_component>
      <object_component id="oc-45">
         <name>.cinit</name>
         <load_address>0xc080a6c8</load_address>
         <run_address>0xc080a6c8</run_address>
         <size>0x2c</size>
         <input_file_ref idref="fl-8c"/>
      </object_component>
      <object_component id="oc-68">
         <name>.cinit</name>
         <load_address>0xc080a6f8</load_address>
         <run_address>0xc080a6f8</run_address>
         <size>0x1c</size>
         <input_file_ref idref="fl-96"/>
      </object_component>
      <object_component id="oc-2f">
         <name>.cinit</name>
         <load_address>0xc080a718</load_address>
         <run_address>0xc080a718</run_address>
         <size>0xc</size>
         <input_file_ref idref="fl-86"/>
      </object_component>
      <object_component id="oc-11">
         <name>.debug_info</name>
         <load_address>0x0</load_address>
         <run_address>0x0</run_address>
         <size>0xd1a</size>
         <input_file_ref idref="fl-2"/>
      </object_component>
      <object_component id="oc-17">
         <name>.debug_info</name>
         <load_address>0xd1a</load_address>
         <run_address>0xd1a</run_address>
         <size>0x23a3</size>
         <input_file_ref idref="fl-8"/>
      </object_component>
      <object_component id="oc-1f">
         <name>.debug_info</name>
         <load_address>0x30bd</load_address>
         <run_address>0x30bd</run_address>
         <size>0x6f2</size>
         <input_file_ref idref="fl-82"/>
      </object_component>
      <object_component id="oc-23">
         <name>.debug_info</name>
         <load_address>0x37af</load_address>
         <run_address>0x37af</run_address>
         <size>0x7bf</size>
         <input_file_ref idref="fl-83"/>
      </object_component>
      <object_component id="oc-28">
         <name>.debug_info</name>
         <load_address>0x3f6e</load_address>
         <run_address>0x3f6e</run_address>
         <size>0x867</size>
         <input_file_ref idref="fl-84"/>
      </object_component>
      <object_component id="oc-2b">
         <name>.debug_info</name>
         <load_address>0x47d5</load_address>
         <run_address>0x47d5</run_address>
         <size>0x768</size>
         <input_file_ref idref="fl-85"/>
      </object_component>
      <object_component id="oc-2e">
         <name>.debug_info</name>
         <load_address>0x4f3d</load_address>
         <run_address>0x4f3d</run_address>
         <size>0xa92</size>
         <input_file_ref idref="fl-86"/>
      </object_component>
      <object_component id="oc-33">
         <name>.debug_info</name>
         <load_address>0x59cf</load_address>
         <run_address>0x59cf</run_address>
         <size>0x92e</size>
         <input_file_ref idref="fl-87"/>
      </object_component>
      <object_component id="oc-36">
         <name>.debug_info</name>
         <load_address>0x62fd</load_address>
         <run_address>0x62fd</run_address>
         <size>0x7a0</size>
         <input_file_ref idref="fl-88"/>
      </object_component>
      <object_component id="oc-39">
         <name>.debug_info</name>
         <load_address>0x6a9d</load_address>
         <run_address>0x6a9d</run_address>
         <size>0xabe</size>
         <input_file_ref idref="fl-89"/>
      </object_component>
      <object_component id="oc-3c">
         <name>.debug_info</name>
         <load_address>0x755b</load_address>
         <run_address>0x755b</run_address>
         <size>0x10c4</size>
         <input_file_ref idref="fl-8a"/>
      </object_component>
      <object_component id="oc-41">
         <name>.debug_info</name>
         <load_address>0x861f</load_address>
         <run_address>0x861f</run_address>
         <size>0xcc</size>
         <input_file_ref idref="fl-8b"/>
      </object_component>
      <object_component id="oc-44">
         <name>.debug_info</name>
         <load_address>0x86eb</load_address>
         <run_address>0x86eb</run_address>
         <size>0xabf</size>
         <input_file_ref idref="fl-8c"/>
      </object_component>
      <object_component id="oc-4a">
         <name>.debug_info</name>
         <load_address>0x91aa</load_address>
         <run_address>0x91aa</run_address>
         <size>0x79d</size>
         <input_file_ref idref="fl-8d"/>
      </object_component>
      <object_component id="oc-4d">
         <name>.debug_info</name>
         <load_address>0x9947</load_address>
         <run_address>0x9947</run_address>
         <size>0x8e9</size>
         <input_file_ref idref="fl-8e"/>
      </object_component>
      <object_component id="oc-50">
         <name>.debug_info</name>
         <load_address>0xa230</load_address>
         <run_address>0xa230</run_address>
         <size>0x64b</size>
         <input_file_ref idref="fl-8f"/>
      </object_component>
      <object_component id="oc-53">
         <name>.debug_info</name>
         <load_address>0xa87b</load_address>
         <run_address>0xa87b</run_address>
         <size>0x806</size>
         <input_file_ref idref="fl-90"/>
      </object_component>
      <object_component id="oc-56">
         <name>.debug_info</name>
         <load_address>0xb081</load_address>
         <run_address>0xb081</run_address>
         <size>0xd3</size>
         <input_file_ref idref="fl-91"/>
      </object_component>
      <object_component id="oc-59">
         <name>.debug_info</name>
         <load_address>0xb154</load_address>
         <run_address>0xb154</run_address>
         <size>0xdc3</size>
         <input_file_ref idref="fl-92"/>
      </object_component>
      <object_component id="oc-5d">
         <name>.debug_info</name>
         <load_address>0xbf17</load_address>
         <run_address>0xbf17</run_address>
         <size>0x850</size>
         <input_file_ref idref="fl-93"/>
      </object_component>
      <object_component id="oc-61">
         <name>.debug_info</name>
         <load_address>0xc767</load_address>
         <run_address>0xc767</run_address>
         <size>0x7cd</size>
         <input_file_ref idref="fl-94"/>
      </object_component>
      <object_component id="oc-64">
         <name>.debug_info</name>
         <load_address>0xcf34</load_address>
         <run_address>0xcf34</run_address>
         <size>0x7b4</size>
         <input_file_ref idref="fl-95"/>
      </object_component>
      <object_component id="oc-67">
         <name>.debug_info</name>
         <load_address>0xd6e8</load_address>
         <run_address>0xd6e8</run_address>
         <size>0x633</size>
         <input_file_ref idref="fl-96"/>
      </object_component>
      <object_component id="oc-6c">
         <name>.debug_info</name>
         <load_address>0xdd1b</load_address>
         <run_address>0xdd1b</run_address>
         <size>0x2674</size>
         <input_file_ref idref="fl-97"/>
      </object_component>
      <object_component id="oc-70">
         <name>.debug_info</name>
         <load_address>0x1038f</load_address>
         <run_address>0x1038f</run_address>
         <size>0x6c8</size>
         <input_file_ref idref="fl-98"/>
      </object_component>
      <object_component id="oc-73">
         <name>.debug_info</name>
         <load_address>0x10a57</load_address>
         <run_address>0x10a57</run_address>
         <size>0x6d5</size>
         <input_file_ref idref="fl-99"/>
      </object_component>
      <object_component id="oc-76">
         <name>.debug_info</name>
         <load_address>0x1112c</load_address>
         <run_address>0x1112c</run_address>
         <size>0x83e</size>
         <input_file_ref idref="fl-9a"/>
      </object_component>
      <object_component id="oc-79">
         <name>.debug_info</name>
         <load_address>0x1196a</load_address>
         <run_address>0x1196a</run_address>
         <size>0x6b6</size>
         <input_file_ref idref="fl-9b"/>
      </object_component>
      <object_component id="oc-7c">
         <name>.debug_info</name>
         <load_address>0x12020</load_address>
         <run_address>0x12020</run_address>
         <size>0x7ac</size>
         <input_file_ref idref="fl-9c"/>
      </object_component>
      <object_component id="oc-7f">
         <name>.debug_info</name>
         <load_address>0x127cc</load_address>
         <run_address>0x127cc</run_address>
         <size>0x5e1</size>
         <input_file_ref idref="fl-9d"/>
      </object_component>
      <object_component id="oc-81">
         <name>.debug_info</name>
         <load_address>0x12dad</load_address>
         <run_address>0x12dad</run_address>
         <size>0x6ce</size>
         <input_file_ref idref="fl-9e"/>
      </object_component>
      <object_component id="oc-85">
         <name>.debug_info</name>
         <load_address>0x1347b</load_address>
         <run_address>0x1347b</run_address>
         <size>0x96a</size>
         <input_file_ref idref="fl-9f"/>
      </object_component>
      <object_component id="oc-88">
         <name>.debug_info</name>
         <load_address>0x13de5</load_address>
         <run_address>0x13de5</run_address>
         <size>0xbd</size>
         <input_file_ref idref="fl-a0"/>
      </object_component>
      <object_component id="oc-8b">
         <name>.debug_info</name>
         <load_address>0x13ea2</load_address>
         <run_address>0x13ea2</run_address>
         <size>0x67e</size>
         <input_file_ref idref="fl-a1"/>
      </object_component>
      <object_component id="oc-8e">
         <name>.debug_info</name>
         <load_address>0x14520</load_address>
         <run_address>0x14520</run_address>
         <size>0x697</size>
         <input_file_ref idref="fl-a2"/>
      </object_component>
      <object_component id="oc-91">
         <name>.debug_info</name>
         <load_address>0x14bb7</load_address>
         <run_address>0x14bb7</run_address>
         <size>0x811</size>
         <input_file_ref idref="fl-a3"/>
      </object_component>
      <object_component id="oc-94">
         <name>.debug_info</name>
         <load_address>0x153c8</load_address>
         <run_address>0x153c8</run_address>
         <size>0xa9d</size>
         <input_file_ref idref="fl-a4"/>
      </object_component>
      <object_component id="oc-98">
         <name>.debug_info</name>
         <load_address>0x15e65</load_address>
         <run_address>0x15e65</run_address>
         <size>0x653</size>
         <input_file_ref idref="fl-a5"/>
      </object_component>
      <object_component id="oc-9b">
         <name>.debug_info</name>
         <load_address>0x164b8</load_address>
         <run_address>0x164b8</run_address>
         <size>0x78a</size>
         <input_file_ref idref="fl-a6"/>
      </object_component>
      <object_component id="oc-9e">
         <name>.debug_info</name>
         <load_address>0x16c42</load_address>
         <run_address>0x16c42</run_address>
         <size>0x785</size>
         <input_file_ref idref="fl-a7"/>
      </object_component>
      <object_component id="oc-a1">
         <name>.debug_info</name>
         <load_address>0x173c7</load_address>
         <run_address>0x173c7</run_address>
         <size>0x7fd</size>
         <input_file_ref idref="fl-a8"/>
      </object_component>
      <object_component id="oc-a4">
         <name>.debug_info</name>
         <load_address>0x17bc4</load_address>
         <run_address>0x17bc4</run_address>
         <size>0x6e8</size>
         <input_file_ref idref="fl-a9"/>
      </object_component>
      <object_component id="oc-a7">
         <name>.debug_info</name>
         <load_address>0x182ac</load_address>
         <run_address>0x182ac</run_address>
         <size>0x716</size>
         <input_file_ref idref="fl-aa"/>
      </object_component>
      <object_component id="oc-aa">
         <name>.debug_info</name>
         <load_address>0x189c2</load_address>
         <run_address>0x189c2</run_address>
         <size>0x6b9</size>
         <input_file_ref idref="fl-ab"/>
      </object_component>
      <object_component id="oc-ad">
         <name>.debug_info</name>
         <load_address>0x1907b</load_address>
         <run_address>0x1907b</run_address>
         <size>0x5ff</size>
         <input_file_ref idref="fl-ac"/>
      </object_component>
      <object_component id="oc-b0">
         <name>.debug_info</name>
         <load_address>0x1967a</load_address>
         <run_address>0x1967a</run_address>
         <size>0x7f3</size>
         <input_file_ref idref="fl-ad"/>
      </object_component>
      <object_component id="oc-b3">
         <name>.debug_info</name>
         <load_address>0x19e6d</load_address>
         <run_address>0x19e6d</run_address>
         <size>0x5b3</size>
         <input_file_ref idref="fl-ae"/>
      </object_component>
      <object_component id="oc-16c">
         <name>.debug_info</name>
         <load_address>0x1a420</load_address>
         <run_address>0x1a420</run_address>
         <size>0x6d</size>
      </object_component>
      <object_component id="oc-13">
         <name>.debug_frame</name>
         <load_address>0x0</load_address>
         <run_address>0x0</run_address>
         <size>0x25c</size>
         <input_file_ref idref="fl-2"/>
      </object_component>
      <object_component id="oc-1a">
         <name>.debug_frame</name>
         <load_address>0x25c</load_address>
         <run_address>0x25c</run_address>
         <size>0x30c</size>
         <input_file_ref idref="fl-8"/>
      </object_component>
      <object_component id="oc-14">
         <name>.debug_line</name>
         <load_address>0x0</load_address>
         <run_address>0x0</run_address>
         <size>0x5b</size>
         <input_file_ref idref="fl-2"/>
      </object_component>
      <object_component id="oc-1b">
         <name>.debug_line</name>
         <load_address>0x5b</load_address>
         <run_address>0x5b</run_address>
         <size>0x387</size>
         <input_file_ref idref="fl-8"/>
      </object_component>
      <object_component id="oc-21">
         <name>.debug_line</name>
         <load_address>0x3e2</load_address>
         <run_address>0x3e2</run_address>
         <size>0x3d</size>
         <input_file_ref idref="fl-82"/>
      </object_component>
      <object_component id="oc-26">
         <name>.debug_line</name>
         <load_address>0x41f</load_address>
         <run_address>0x41f</run_address>
         <size>0x4f</size>
         <input_file_ref idref="fl-83"/>
      </object_component>
      <object_component id="oc-29">
         <name>.debug_line</name>
         <load_address>0x46e</load_address>
         <run_address>0x46e</run_address>
         <size>0x53</size>
         <input_file_ref idref="fl-84"/>
      </object_component>
      <object_component id="oc-2c">
         <name>.debug_line</name>
         <load_address>0x4c1</load_address>
         <run_address>0x4c1</run_address>
         <size>0x3e</size>
         <input_file_ref idref="fl-85"/>
      </object_component>
      <object_component id="oc-31">
         <name>.debug_line</name>
         <load_address>0x4ff</load_address>
         <run_address>0x4ff</run_address>
         <size>0x92</size>
         <input_file_ref idref="fl-86"/>
      </object_component>
      <object_component id="oc-34">
         <name>.debug_line</name>
         <load_address>0x591</load_address>
         <run_address>0x591</run_address>
         <size>0x4e</size>
         <input_file_ref idref="fl-87"/>
      </object_component>
      <object_component id="oc-37">
         <name>.debug_line</name>
         <load_address>0x5df</load_address>
         <run_address>0x5df</run_address>
         <size>0x3c</size>
         <input_file_ref idref="fl-88"/>
      </object_component>
      <object_component id="oc-3a">
         <name>.debug_line</name>
         <load_address>0x61b</load_address>
         <run_address>0x61b</run_address>
         <size>0x99</size>
         <input_file_ref idref="fl-89"/>
      </object_component>
      <object_component id="oc-3f">
         <name>.debug_line</name>
         <load_address>0x6b4</load_address>
         <run_address>0x6b4</run_address>
         <size>0x146</size>
         <input_file_ref idref="fl-8a"/>
      </object_component>
      <object_component id="oc-42">
         <name>.debug_line</name>
         <load_address>0x7fa</load_address>
         <run_address>0x7fa</run_address>
         <size>0x4a</size>
         <input_file_ref idref="fl-8b"/>
      </object_component>
      <object_component id="oc-48">
         <name>.debug_line</name>
         <load_address>0x844</load_address>
         <run_address>0x844</run_address>
         <size>0xa7</size>
         <input_file_ref idref="fl-8c"/>
      </object_component>
      <object_component id="oc-4b">
         <name>.debug_line</name>
         <load_address>0x8eb</load_address>
         <run_address>0x8eb</run_address>
         <size>0x46</size>
         <input_file_ref idref="fl-8d"/>
      </object_component>
      <object_component id="oc-4e">
         <name>.debug_line</name>
         <load_address>0x931</load_address>
         <run_address>0x931</run_address>
         <size>0x6a</size>
         <input_file_ref idref="fl-8e"/>
      </object_component>
      <object_component id="oc-51">
         <name>.debug_line</name>
         <load_address>0x99b</load_address>
         <run_address>0x99b</run_address>
         <size>0x39</size>
         <input_file_ref idref="fl-8f"/>
      </object_component>
      <object_component id="oc-54">
         <name>.debug_line</name>
         <load_address>0x9d4</load_address>
         <run_address>0x9d4</run_address>
         <size>0x66</size>
         <input_file_ref idref="fl-90"/>
      </object_component>
      <object_component id="oc-57">
         <name>.debug_line</name>
         <load_address>0xa3a</load_address>
         <run_address>0xa3a</run_address>
         <size>0x40</size>
         <input_file_ref idref="fl-91"/>
      </object_component>
      <object_component id="oc-5b">
         <name>.debug_line</name>
         <load_address>0xa7a</load_address>
         <run_address>0xa7a</run_address>
         <size>0x126</size>
         <input_file_ref idref="fl-92"/>
      </object_component>
      <object_component id="oc-5f">
         <name>.debug_line</name>
         <load_address>0xba0</load_address>
         <run_address>0xba0</run_address>
         <size>0x66</size>
         <input_file_ref idref="fl-93"/>
      </object_component>
      <object_component id="oc-62">
         <name>.debug_line</name>
         <load_address>0xc06</load_address>
         <run_address>0xc06</run_address>
         <size>0x4a</size>
         <input_file_ref idref="fl-94"/>
      </object_component>
      <object_component id="oc-65">
         <name>.debug_line</name>
         <load_address>0xc50</load_address>
         <run_address>0xc50</run_address>
         <size>0x57</size>
         <input_file_ref idref="fl-95"/>
      </object_component>
      <object_component id="oc-6a">
         <name>.debug_line</name>
         <load_address>0xca7</load_address>
         <run_address>0xca7</run_address>
         <size>0x35</size>
         <input_file_ref idref="fl-96"/>
      </object_component>
      <object_component id="oc-6e">
         <name>.debug_line</name>
         <load_address>0xcdc</load_address>
         <run_address>0xcdc</run_address>
         <size>0x31a</size>
         <input_file_ref idref="fl-97"/>
      </object_component>
      <object_component id="oc-71">
         <name>.debug_line</name>
         <load_address>0xff6</load_address>
         <run_address>0xff6</run_address>
         <size>0x3f</size>
         <input_file_ref idref="fl-98"/>
      </object_component>
      <object_component id="oc-74">
         <name>.debug_line</name>
         <load_address>0x1035</load_address>
         <run_address>0x1035</run_address>
         <size>0x45</size>
         <input_file_ref idref="fl-99"/>
      </object_component>
      <object_component id="oc-77">
         <name>.debug_line</name>
         <load_address>0x107a</load_address>
         <run_address>0x107a</run_address>
         <size>0x49</size>
         <input_file_ref idref="fl-9a"/>
      </object_component>
      <object_component id="oc-7a">
         <name>.debug_line</name>
         <load_address>0x10c3</load_address>
         <run_address>0x10c3</run_address>
         <size>0x45</size>
         <input_file_ref idref="fl-9b"/>
      </object_component>
      <object_component id="oc-7d">
         <name>.debug_line</name>
         <load_address>0x1108</load_address>
         <run_address>0x1108</run_address>
         <size>0x44</size>
         <input_file_ref idref="fl-9c"/>
      </object_component>
      <object_component id="oc-86">
         <name>.debug_line</name>
         <load_address>0x114c</load_address>
         <run_address>0x114c</run_address>
         <size>0x3c</size>
         <input_file_ref idref="fl-9f"/>
      </object_component>
      <object_component id="oc-89">
         <name>.debug_line</name>
         <load_address>0x1188</load_address>
         <run_address>0x1188</run_address>
         <size>0x44</size>
         <input_file_ref idref="fl-a0"/>
      </object_component>
      <object_component id="oc-8c">
         <name>.debug_line</name>
         <load_address>0x11cc</load_address>
         <run_address>0x11cc</run_address>
         <size>0x3d</size>
         <input_file_ref idref="fl-a1"/>
      </object_component>
      <object_component id="oc-8f">
         <name>.debug_line</name>
         <load_address>0x1209</load_address>
         <run_address>0x1209</run_address>
         <size>0x3d</size>
         <input_file_ref idref="fl-a2"/>
      </object_component>
      <object_component id="oc-92">
         <name>.debug_line</name>
         <load_address>0x1246</load_address>
         <run_address>0x1246</run_address>
         <size>0x3f</size>
         <input_file_ref idref="fl-a3"/>
      </object_component>
      <object_component id="oc-96">
         <name>.debug_line</name>
         <load_address>0x1285</load_address>
         <run_address>0x1285</run_address>
         <size>0x93</size>
         <input_file_ref idref="fl-a4"/>
      </object_component>
      <object_component id="oc-99">
         <name>.debug_line</name>
         <load_address>0x1318</load_address>
         <run_address>0x1318</run_address>
         <size>0x3e</size>
         <input_file_ref idref="fl-a5"/>
      </object_component>
      <object_component id="oc-9c">
         <name>.debug_line</name>
         <load_address>0x1356</load_address>
         <run_address>0x1356</run_address>
         <size>0x73</size>
         <input_file_ref idref="fl-a6"/>
      </object_component>
      <object_component id="oc-9f">
         <name>.debug_line</name>
         <load_address>0x13c9</load_address>
         <run_address>0x13c9</run_address>
         <size>0x61</size>
         <input_file_ref idref="fl-a7"/>
      </object_component>
      <object_component id="oc-a2">
         <name>.debug_line</name>
         <load_address>0x142a</load_address>
         <run_address>0x142a</run_address>
         <size>0x38</size>
         <input_file_ref idref="fl-a8"/>
      </object_component>
      <object_component id="oc-a5">
         <name>.debug_line</name>
         <load_address>0x1462</load_address>
         <run_address>0x1462</run_address>
         <size>0x56</size>
         <input_file_ref idref="fl-a9"/>
      </object_component>
      <object_component id="oc-a8">
         <name>.debug_line</name>
         <load_address>0x14b8</load_address>
         <run_address>0x14b8</run_address>
         <size>0x40</size>
         <input_file_ref idref="fl-aa"/>
      </object_component>
      <object_component id="oc-ab">
         <name>.debug_line</name>
         <load_address>0x14f8</load_address>
         <run_address>0x14f8</run_address>
         <size>0x3f</size>
         <input_file_ref idref="fl-ab"/>
      </object_component>
      <object_component id="oc-ae">
         <name>.debug_line</name>
         <load_address>0x1537</load_address>
         <run_address>0x1537</run_address>
         <size>0x39</size>
         <input_file_ref idref="fl-ac"/>
      </object_component>
      <object_component id="oc-b1">
         <name>.debug_line</name>
         <load_address>0x1570</load_address>
         <run_address>0x1570</run_address>
         <size>0x3f</size>
         <input_file_ref idref="fl-ad"/>
      </object_component>
      <object_component id="oc-b4">
         <name>.debug_line</name>
         <load_address>0x15af</load_address>
         <run_address>0x15af</run_address>
         <size>0x23</size>
         <input_file_ref idref="fl-ae"/>
      </object_component>
      <object_component id="oc-15">
         <name>.debug_abbrev</name>
         <load_address>0x0</load_address>
         <run_address>0x0</run_address>
         <size>0x101</size>
         <input_file_ref idref="fl-2"/>
      </object_component>
      <object_component id="oc-1c">
         <name>.debug_abbrev</name>
         <load_address>0x101</load_address>
         <run_address>0x101</run_address>
         <size>0x1ae</size>
         <input_file_ref idref="fl-8"/>
      </object_component>
      <object_component id="oc-22">
         <name>.debug_abbrev</name>
         <load_address>0x2af</load_address>
         <run_address>0x2af</run_address>
         <size>0xfe</size>
         <input_file_ref idref="fl-82"/>
      </object_component>
      <object_component id="oc-27">
         <name>.debug_abbrev</name>
         <load_address>0x3ad</load_address>
         <run_address>0x3ad</run_address>
         <size>0x119</size>
         <input_file_ref idref="fl-83"/>
      </object_component>
      <object_component id="oc-2a">
         <name>.debug_abbrev</name>
         <load_address>0x4c6</load_address>
         <run_address>0x4c6</run_address>
         <size>0x130</size>
         <input_file_ref idref="fl-84"/>
      </object_component>
      <object_component id="oc-2d">
         <name>.debug_abbrev</name>
         <load_address>0x5f6</load_address>
         <run_address>0x5f6</run_address>
         <size>0x12d</size>
         <input_file_ref idref="fl-85"/>
      </object_component>
      <object_component id="oc-32">
         <name>.debug_abbrev</name>
         <load_address>0x723</load_address>
         <run_address>0x723</run_address>
         <size>0x1cd</size>
         <input_file_ref idref="fl-86"/>
      </object_component>
      <object_component id="oc-35">
         <name>.debug_abbrev</name>
         <load_address>0x8f0</load_address>
         <run_address>0x8f0</run_address>
         <size>0x12e</size>
         <input_file_ref idref="fl-87"/>
      </object_component>
      <object_component id="oc-38">
         <name>.debug_abbrev</name>
         <load_address>0xa1e</load_address>
         <run_address>0xa1e</run_address>
         <size>0xf7</size>
         <input_file_ref idref="fl-88"/>
      </object_component>
      <object_component id="oc-3b">
         <name>.debug_abbrev</name>
         <load_address>0xb15</load_address>
         <run_address>0xb15</run_address>
         <size>0x139</size>
         <input_file_ref idref="fl-89"/>
      </object_component>
      <object_component id="oc-40">
         <name>.debug_abbrev</name>
         <load_address>0xc4e</load_address>
         <run_address>0xc4e</run_address>
         <size>0x215</size>
         <input_file_ref idref="fl-8a"/>
      </object_component>
      <object_component id="oc-43">
         <name>.debug_abbrev</name>
         <load_address>0xe63</load_address>
         <run_address>0xe63</run_address>
         <size>0x3a</size>
         <input_file_ref idref="fl-8b"/>
      </object_component>
      <object_component id="oc-49">
         <name>.debug_abbrev</name>
         <load_address>0xe9d</load_address>
         <run_address>0xe9d</run_address>
         <size>0x1f8</size>
         <input_file_ref idref="fl-8c"/>
      </object_component>
      <object_component id="oc-4c">
         <name>.debug_abbrev</name>
         <load_address>0x1095</load_address>
         <run_address>0x1095</run_address>
         <size>0xd0</size>
         <input_file_ref idref="fl-8d"/>
      </object_component>
      <object_component id="oc-4f">
         <name>.debug_abbrev</name>
         <load_address>0x1165</load_address>
         <run_address>0x1165</run_address>
         <size>0x161</size>
         <input_file_ref idref="fl-8e"/>
      </object_component>
      <object_component id="oc-52">
         <name>.debug_abbrev</name>
         <load_address>0x12c6</load_address>
         <run_address>0x12c6</run_address>
         <size>0xab</size>
         <input_file_ref idref="fl-8f"/>
      </object_component>
      <object_component id="oc-55">
         <name>.debug_abbrev</name>
         <load_address>0x1371</load_address>
         <run_address>0x1371</run_address>
         <size>0x108</size>
         <input_file_ref idref="fl-90"/>
      </object_component>
      <object_component id="oc-58">
         <name>.debug_abbrev</name>
         <load_address>0x1479</load_address>
         <run_address>0x1479</run_address>
         <size>0x3a</size>
         <input_file_ref idref="fl-91"/>
      </object_component>
      <object_component id="oc-5c">
         <name>.debug_abbrev</name>
         <load_address>0x14b3</load_address>
         <run_address>0x14b3</run_address>
         <size>0x180</size>
         <input_file_ref idref="fl-92"/>
      </object_component>
      <object_component id="oc-60">
         <name>.debug_abbrev</name>
         <load_address>0x1633</load_address>
         <run_address>0x1633</run_address>
         <size>0xd5</size>
         <input_file_ref idref="fl-93"/>
      </object_component>
      <object_component id="oc-63">
         <name>.debug_abbrev</name>
         <load_address>0x1708</load_address>
         <run_address>0x1708</run_address>
         <size>0x10e</size>
         <input_file_ref idref="fl-94"/>
      </object_component>
      <object_component id="oc-66">
         <name>.debug_abbrev</name>
         <load_address>0x1816</load_address>
         <run_address>0x1816</run_address>
         <size>0xd1</size>
         <input_file_ref idref="fl-95"/>
      </object_component>
      <object_component id="oc-6b">
         <name>.debug_abbrev</name>
         <load_address>0x18e7</load_address>
         <run_address>0x18e7</run_address>
         <size>0x9f</size>
         <input_file_ref idref="fl-96"/>
      </object_component>
      <object_component id="oc-6f">
         <name>.debug_abbrev</name>
         <load_address>0x1986</load_address>
         <run_address>0x1986</run_address>
         <size>0x1d1</size>
         <input_file_ref idref="fl-97"/>
      </object_component>
      <object_component id="oc-72">
         <name>.debug_abbrev</name>
         <load_address>0x1b57</load_address>
         <run_address>0x1b57</run_address>
         <size>0xe1</size>
         <input_file_ref idref="fl-98"/>
      </object_component>
      <object_component id="oc-75">
         <name>.debug_abbrev</name>
         <load_address>0x1c38</load_address>
         <run_address>0x1c38</run_address>
         <size>0xcc</size>
         <input_file_ref idref="fl-99"/>
      </object_component>
      <object_component id="oc-78">
         <name>.debug_abbrev</name>
         <load_address>0x1d04</load_address>
         <run_address>0x1d04</run_address>
         <size>0x13f</size>
         <input_file_ref idref="fl-9a"/>
      </object_component>
      <object_component id="oc-7b">
         <name>.debug_abbrev</name>
         <load_address>0x1e43</load_address>
         <run_address>0x1e43</run_address>
         <size>0xdd</size>
         <input_file_ref idref="fl-9b"/>
      </object_component>
      <object_component id="oc-7e">
         <name>.debug_abbrev</name>
         <load_address>0x1f20</load_address>
         <run_address>0x1f20</run_address>
         <size>0x10c</size>
         <input_file_ref idref="fl-9c"/>
      </object_component>
      <object_component id="oc-80">
         <name>.debug_abbrev</name>
         <load_address>0x202c</load_address>
         <run_address>0x202c</run_address>
         <size>0x5f</size>
         <input_file_ref idref="fl-9d"/>
      </object_component>
      <object_component id="oc-84">
         <name>.debug_abbrev</name>
         <load_address>0x208b</load_address>
         <run_address>0x208b</run_address>
         <size>0x8e</size>
         <input_file_ref idref="fl-9e"/>
      </object_component>
      <object_component id="oc-87">
         <name>.debug_abbrev</name>
         <load_address>0x2119</load_address>
         <run_address>0x2119</run_address>
         <size>0xf5</size>
         <input_file_ref idref="fl-9f"/>
      </object_component>
      <object_component id="oc-8a">
         <name>.debug_abbrev</name>
         <load_address>0x220e</load_address>
         <run_address>0x220e</run_address>
         <size>0x3a</size>
         <input_file_ref idref="fl-a0"/>
      </object_component>
      <object_component id="oc-8d">
         <name>.debug_abbrev</name>
         <load_address>0x2248</load_address>
         <run_address>0x2248</run_address>
         <size>0xac</size>
         <input_file_ref idref="fl-a1"/>
      </object_component>
      <object_component id="oc-90">
         <name>.debug_abbrev</name>
         <load_address>0x22f4</load_address>
         <run_address>0x22f4</run_address>
         <size>0xc3</size>
         <input_file_ref idref="fl-a2"/>
      </object_component>
      <object_component id="oc-93">
         <name>.debug_abbrev</name>
         <load_address>0x23b7</load_address>
         <run_address>0x23b7</run_address>
         <size>0x11f</size>
         <input_file_ref idref="fl-a3"/>
      </object_component>
      <object_component id="oc-97">
         <name>.debug_abbrev</name>
         <load_address>0x24d6</load_address>
         <run_address>0x24d6</run_address>
         <size>0x14b</size>
         <input_file_ref idref="fl-a4"/>
      </object_component>
      <object_component id="oc-9a">
         <name>.debug_abbrev</name>
         <load_address>0x2621</load_address>
         <run_address>0x2621</run_address>
         <size>0x8c</size>
         <input_file_ref idref="fl-a5"/>
      </object_component>
      <object_component id="oc-9d">
         <name>.debug_abbrev</name>
         <load_address>0x26ad</load_address>
         <run_address>0x26ad</run_address>
         <size>0xc3</size>
         <input_file_ref idref="fl-a6"/>
      </object_component>
      <object_component id="oc-a0">
         <name>.debug_abbrev</name>
         <load_address>0x2770</load_address>
         <run_address>0x2770</run_address>
         <size>0xc3</size>
         <input_file_ref idref="fl-a7"/>
      </object_component>
      <object_component id="oc-a3">
         <name>.debug_abbrev</name>
         <load_address>0x2833</load_address>
         <run_address>0x2833</run_address>
         <size>0xd0</size>
         <input_file_ref idref="fl-a8"/>
      </object_component>
      <object_component id="oc-a6">
         <name>.debug_abbrev</name>
         <load_address>0x2903</load_address>
         <run_address>0x2903</run_address>
         <size>0xa3</size>
         <input_file_ref idref="fl-a9"/>
      </object_component>
      <object_component id="oc-a9">
         <name>.debug_abbrev</name>
         <load_address>0x29a6</load_address>
         <run_address>0x29a6</run_address>
         <size>0xe3</size>
         <input_file_ref idref="fl-aa"/>
      </object_component>
      <object_component id="oc-ac">
         <name>.debug_abbrev</name>
         <load_address>0x2a89</load_address>
         <run_address>0x2a89</run_address>
         <size>0xae</size>
         <input_file_ref idref="fl-ab"/>
      </object_component>
      <object_component id="oc-af">
         <name>.debug_abbrev</name>
         <load_address>0x2b37</load_address>
         <run_address>0x2b37</run_address>
         <size>0x71</size>
         <input_file_ref idref="fl-ac"/>
      </object_component>
      <object_component id="oc-b2">
         <name>.debug_abbrev</name>
         <load_address>0x2ba8</load_address>
         <run_address>0x2ba8</run_address>
         <size>0x11a</size>
         <input_file_ref idref="fl-ad"/>
      </object_component>
      <object_component id="oc-b5">
         <name>.debug_abbrev</name>
         <load_address>0x2cc2</load_address>
         <run_address>0x2cc2</run_address>
         <size>0x90</size>
         <input_file_ref idref="fl-ae"/>
      </object_component>
      <object_component id="oc-16d">
         <name>.debug_abbrev</name>
         <load_address>0x2d52</load_address>
         <run_address>0x2d52</run_address>
         <size>0xd</size>
      </object_component>
   </object_component_list>
   <logical_group_list>
      <logical_group id="lg-2">
         <name>.text</name>
         <load_address>0xc0800000</load_address>
         <run_address>0xc0800000</run_address>
         <size>0x89e0</size>
         <contents>
            <object_component_ref idref="oc-c9"/>
            <object_component_ref idref="oc-106"/>
            <object_component_ref idref="oc-fb"/>
            <object_component_ref idref="oc-d3"/>
            <object_component_ref idref="oc-cc"/>
            <object_component_ref idref="oc-da"/>
            <object_component_ref idref="oc-d7"/>
            <object_component_ref idref="oc-ec"/>
            <object_component_ref idref="oc-d9"/>
            <object_component_ref idref="oc-cf"/>
            <object_component_ref idref="oc-101"/>
            <object_component_ref idref="oc-104"/>
            <object_component_ref idref="oc-f2"/>
            <object_component_ref idref="oc-10f"/>
            <object_component_ref idref="oc-fa"/>
            <object_component_ref idref="oc-ed"/>
            <object_component_ref idref="oc-db"/>
            <object_component_ref idref="oc-dc"/>
            <object_component_ref idref="oc-f8"/>
            <object_component_ref idref="oc-f1"/>
            <object_component_ref idref="oc-c4"/>
            <object_component_ref idref="oc-103"/>
            <object_component_ref idref="oc-de"/>
            <object_component_ref idref="oc-10e"/>
            <object_component_ref idref="oc-bf"/>
            <object_component_ref idref="oc-d0"/>
[...]
         <origin>0x80000000</origin>
         <length>0x20000</length>
         <used_space>0x0</used_space>
         <unused_space>0x20000</unused_space>
         <attributes>RWIX</attributes>
         <usage_details>
         </usage_details>
      </memory_area>
      <memory_area>
         <name>DDR2</name>
         <page_id>0x0</page_id>
         <origin>0xc0000000</origin>
         <length>0x20000000</length>
         <used_space>0x80a84f</used_space>
         <unused_space>0x1f7f57b1</unused_space>
         <attributes>RWIX</attributes>
         <usage_details>
            <allocated_space>
               <start_address>0xc0000000</start_address>
               <size>0x0</size>
               <logical_group_ref idref="lg-7"/>
            </allocated_space>
            <allocated_space>
               <start_address>0xc0000000</start_address>
               <size>0x800000</size>
               <logical_group_ref idref="lg-9"/>
            </allocated_space>
            <allocated_space>
               <start_address>0xc0800000</start_address>
               <size>0x89e0</size>
               <logical_group_ref idref="lg-2"/>
            </allocated_space>
            <allocated_space>
               <start_address>0xc08089e0</start_address>
               <size>0x1000</size>
               <logical_group_ref idref="lg-3"/>
            </allocated_space>
            <allocated_space>
               <start_address>0xc08099e0</start_address>
               <size>0x868</size>
               <logical_group_ref idref="lg-a"/>
            </allocated_space>
            <allocated_space>
               <start_address>0xc080a248</start_address>
               <size>0x38f</size>
               <logical_group_ref idref="lg-6"/>
            </allocated_space>
            <available_space>
               <start_address>0xc080a5d7</start_address>
               <size>0x1</size>
            </available_space>
            <allocated_space>
               <start_address>0xc080a5d8</start_address>
               <size>0x154</size>
               <logical_group_ref idref="lg-f"/>
            </allocated_space>
            <allocated_space>
               <start_address>0xc080a72c</start_address>
               <size>0x4</size>
               <logical_group_ref idref="lg-4"/>
            </allocated_space>
            <allocated_space>
               <start_address>0xc080a730</start_address>
               <size>0x120</size>
               <logical_group_ref idref="lg-5"/>
            </allocated_space>
            <available_space>
               <start_address>0xc080a850</start_address>
               <size>0x1f7f57b0</size>
            </available_space>
         </usage_details>
      </memory_area>
   </placement_map>
   <symbol_table>
      <symbol id="sm-0">
         <name>cinit</name>
         <value>0xc080a5d8</value>
      </symbol>
      <symbol id="sm-1">
         <name>___cinit__</name>
         <value>0xc080a5d8</value>
      </symbol>
      <symbol id="sm-2">
         <name>pinit</name>
         <value>0xffffffff</value>
      </symbol>
      <symbol id="sm-3">
         <name>___pinit__</name>
         <value>0xffffffff</value>
      </symbol>
      <symbol id="sm-4">
         <name>binit</name>
         <value>0xffffffff</value>
      </symbol>
      <symbol id="sm-5">
         <name>___binit__</name>
         <value>0xffffffff</value>
      </symbol>
      <symbol id="sm-6">
         <name>__STACK_SIZE</name>
         <value>0x1000</value>
      </symbol>
      <symbol id="sm-7">
         <name>__STACK_END</name>
         <value>0xc08099e0</value>
      </symbol>
      <symbol id="sm-8">
         <name>__SYSMEM_SIZE</name>
         <value>0x800000</value>
      </symbol>
      <symbol id="sm-9">
         <name>___c_args__</name>
         <value>0xffffffff</value>
      </symbol>
      <symbol id="sm-a">
         <name>.text</name>
         <value>0xc0800000</value>
      </symbol>
      <symbol id="sm-b">
         <name>___text__</name>
         <value>0xc0800000</value>
      </symbol>
      <symbol id="sm-c">
         <name>etext</name>
         <value>0xc08089e0</value>
      </symbol>
      <symbol id="sm-d">
         <name>___etext__</name>
         <value>0xc08089e0</value>
      </symbol>
      <symbol id="sm-e">
         <name>.data</name>
         <value>0xc0000000</value>
      </symbol>
      <symbol id="sm-f">
         <name>___data__</name>
         <value>0xc0000000</value>
      </symbol>
      <symbol id="sm-10">
         <name>edata</name>
         <value>0xc0000000</value>
      </symbol>
      <symbol id="sm-11">
         <name>___edata__</name>
         <value>0xc0000000</value>
      </symbol>
      <symbol id="sm-12">
         <name>.bss</name>
         <value>0xc080a72c</value>
      </symbol>
      <symbol id="sm-13">
         <name>___bss__</name>
         <value>0xc080a72c</value>
      </symbol>
      <symbol id="sm-14">
         <name>end</name>
         <value>0xc080a730</value>
      </symbol>
      <symbol id="sm-15">
         <name>___end__</name>
         <value>0xc080a730</value>
      </symbol>
      <symbol id="sm-16">
         <name>___TI_pprof_out_hndl</name>
         <value>0xffffffff</value>
      </symbol>
      <symbol id="sm-17">
         <name>___TI_prof_data_start</name>
         <value>0xffffffff</value>
      </symbol>
      <symbol id="sm-18">
         <name>___TI_prof_data_size</name>
         <value>0xffffffff</value>
      </symbol>
      <symbol id="sm-19">
         <name>$bss</name>
         <value>0xc080a72c</value>
      </symbol>
      <symbol id="sm-74">
         <name>_main</name>
         <value>0xc0805440</value>
         <object_component_ref idref="oc-c4"/>
      </symbol>
      <symbol id="sm-167">
         <name>_newpColorTable</name>
         <value>0xc08099e0</value>
         <object_component_ref idref="oc-18"/>
      </symbol>
      <symbol id="sm-168">
         <name>_RGB2Gray</name>
         <value>0xc0801280</value>
         <object_component_ref idref="oc-c9"/>
      </symbol>
      <symbol id="sm-169">
         <name>_Rotate</name>
         <value>0xc0800814</value>
         <object_component_ref idref="oc-c9"/>
      </symbol>
      <symbol id="sm-16a">
         <name>_SaveBmp</name>
         <value>0xc08002ec</value>
         <object_component_ref idref="oc-c9"/>
      </symbol>
      <symbol id="sm-16b">
         <name>_ReadBmp</name>
         <value>0xc0800000</value>
         <object_component_ref idref="oc-c9"/>
      </symbol>
      <symbol id="sm-16c">
         <name>_LinerTrans</name>
         <value>0xc0800578</value>
         <object_component_ref idref="oc-c9"/>
      </symbol>
      <symbol id="sm-16d">
         <name>_ImageReverse</name>
         <value>0xc08016f8</value>
         <object_component_ref idref="oc-c9"/>
      </symbol>
      <symbol id="sm-16e">
         <name>_newBmpBuf</name>
         <value>0xc080a72c</value>
         <object_component_ref idref="oc-16"/>
      </symbol>
      <symbol id="sm-172">
         <name>_sinsp</name>
         <value>0xc0806934</value>
         <object_component_ref idref="oc-1d"/>
      </symbol>
      <symbol id="sm-176">
         <name>_cossp</name>
         <value>0xc0806800</value>
         <object_component_ref idref="oc-1e"/>
      </symbol>
      <symbol id="sm-185">
         <name>_c_int00</name>
         <value>0xc0808280</value>
         <object_component_ref idref="oc-10"/>
      </symbol>
      <symbol id="sm-186">
         <name>__stack</name>
         <value>0xc08089e0</value>
         <object_component_ref idref="oc-20"/>
      </symbol>
      <symbol id="sm-19d">
         <name>C$$EXIT</name>
         <value>0xc08089a0</value>
         <object_component_ref idref="oc-c5"/>
      </symbol>
      <symbol id="sm-19e">
         <name>_exit</name>
         <value>0xc08076a0</value>
         <object_component_ref idref="oc-b8"/>
      </symbol>
      <symbol id="sm-19f">
         <name>___TI_enable_exit_profile_output</name>
         <value>0xc080a22c</value>
         <object_component_ref idref="oc-25"/>
      </symbol>
      <symbol id="sm-1a0">
         <name>_abort</name>
         <value>0xc08089a0</value>
         <object_component_ref idref="oc-c5"/>
      </symbol>
      <symbol id="sm-1a1">
         <name>__cleanup_ptr</name>
         <value>0xc080a224</value>
         <object_component_ref idref="oc-25"/>
      </symbol>
      <symbol id="sm-1a2">
         <name>__dtors_ptr</name>
         <value>0xc080a228</value>
         <object_component_ref idref="oc-25"/>
      </symbol>
      <symbol id="sm-1b8">
         <name>__closefile</name>
         <value>0xc0806380</value>
         <object_component_ref idref="oc-e5"/>
      </symbol>
      <symbol id="sm-1b9">
         <name>_fclose</name>
         <value>0xc08084c0</value>
         <object_component_ref idref="oc-d1"/>
      </symbol>
      <symbol id="sm-1c6">
         <name>__doflush</name>
         <value>0xc0807520</value>
         <object_component_ref idref="oc-e7"/>
      </symbol>
      <symbol id="sm-1ef">
         <name>__cleanup</name>
         <value>0xc08078c0</value>
         <object_component_ref idref="oc-ef"/>
      </symbol>
      <symbol id="sm-1f0">
         <name>_fopen</name>
         <value>0xc0808520</value>
         <object_component_ref idref="oc-ce"/>
      </symbol>
      <symbol id="sm-20e">
         <name>_fread</name>
         <value>0xc0803a80</value>
         <object_component_ref idref="oc-cf"/>
      </symbol>
      <symbol id="sm-21f">
         <name>_fseek</name>
         <value>0xc08066e0</value>
         <object_component_ref idref="oc-d4"/>
      </symbol>
      <symbol id="sm-249">
         <name>_fwrite</name>
         <value>0xc08023c0</value>
         <object_component_ref idref="oc-d3"/>
      </symbol>
      <symbol id="sm-29e">
         <name>_read</name>
         <value>0xc0808040</value>
         <object_component_ref idref="oc-e2"/>
      </symbol>
      <symbol id="sm-29f">
         <name>_unlink</name>
         <value>0xc0808380</value>
         <object_component_ref idref="oc-100"/>
      </symbol>
      <symbol id="sm-2a0">
         <name>_open</name>
         <value>0xc0805e60</value>
         <object_component_ref idref="oc-f0"/>
      </symbol>
      <symbol id="sm-2a1">
         <name>_lseek</name>
         <value>0xc0807dc0</value>
         <object_component_ref idref="oc-e9"/>
      </symbol>
      <symbol id="sm-2a2">
         <name>_close</name>
         <value>0xc0806e00</value>
         <object_component_ref idref="oc-f3"/>
      </symbol>
      <symbol id="sm-2a3">
         <name>_write</name>
         <value>0xc08080e0</value>
         <object_component_ref idref="oc-e8"/>
      </symbol>
      <symbol id="sm-2ab">
         <name>_memcpy</name>
         <value>0xc0807e60</value>
         <object_component_ref idref="oc-c2"/>
      </symbol>
      <symbol id="sm-2e4">
         <name>__sys_memory</name>
         <value>0xc0000000</value>
         <object_component_ref idref="oc-47"/>
      </symbol>
      <symbol id="sm-2e5">
         <name>_free</name>
         <value>0xc0804280</value>
         <object_component_ref idref="oc-f2"/>
      </symbol>
      <symbol id="sm-2e6">
         <name>_malloc</name>
         <value>0xc0805ce0</value>
         <object_component_ref idref="oc-d0"/>
      </symbol>
      <symbol id="sm-2f1">
         <name>_memset</name>
         <value>0xc0806ee0</value>
         <object_component_ref idref="oc-ea"/>
      </symbol>
      <symbol id="sm-306">
         <name>_printf</name>
         <value>0xc0806fc0</value>
         <object_component_ref idref="oc-c8"/>
      </symbol>
      <symbol id="sm-310">
         <name>_remove</name>
         <value>0xc08089c0</value>
         <object_component_ref idref="oc-f4"/>
      </symbol>
      <symbol id="sm-320">
         <name>_sprintf</name>
         <value>0xc08085e0</value>
         <object_component_ref idref="oc-ca"/>
      </symbol>
      <symbol id="sm-328">
         <name>__c6xabi_strasgi_64plus</name>
         <value>0xc08088c0</value>
         <object_component_ref idref="oc-d2"/>
      </symbol>
      <symbol id="sm-329">
         <name>__strasgi_64plus</name>
         <value>0xc08088c0</value>
         <object_component_ref idref="oc-d2"/>
      </symbol>
      <symbol id="sm-352">
         <name>_HOSTopen</name>
         <value>0xc0806c40</value>
         <object_component_ref idref="oc-b9"/>
      </symbol>
      <symbol id="sm-353">
         <name>_HOSTread</name>
         <value>0xc08070a0</value>
         <object_component_ref idref="oc-bb"/>
      </symbol>
      <symbol id="sm-354">
         <name>_HOSTrename</name>
         <value>0xc0805b60</value>
         <object_component_ref idref="oc-bf"/>
      </symbol>
      <symbol id="sm-355">
         <name>_HOSTwrite</name>
         <value>0xc0807220</value>
         <object_component_ref idref="oc-bc"/>
      </symbol>
      <symbol id="sm-356">
         <name>_HOSTlseek</name>
         <value>0xc0806a40</value>
         <object_component_ref idref="oc-bd"/>
      </symbol>
      <symbol id="sm-357">
         <name>_HOSTunlink</name>
         <value>0xc0807160</value>
         <object_component_ref idref="oc-be"/>
      </symbol>
      <symbol id="sm-358">
         <name>_HOSTclose</name>
         <value>0xc0807820</value>
         <object_component_ref idref="oc-ba"/>
      </symbol>
      <symbol id="sm-368">
         <name>C$$IO$$</name>
         <value>0xc08086f8</value>
         <object_component_ref idref="oc-c6"/>
      </symbol>
      <symbol id="sm-369">
         <name>__CIOBUF_</name>
         <value>0xc080a730</value>
         <object_component_ref idref="oc-5e"/>
      </symbol>
      <symbol id="sm-36a">
         <name>_readmsg</name>
         <value>0xc0808300</value>
         <object_component_ref idref="oc-c7"/>
      </symbol>
      <symbol id="sm-36b">
         <name>_writemsg</name>
         <value>0xc08086a0</value>
         <object_component_ref idref="oc-c6"/>
      </symbol>
      <symbol id="sm-379">
         <name>__buff_read</name>
         <value>0xc0806260</value>
         <object_component_ref idref="oc-e0"/>
      </symbol>
      <symbol id="sm-38d">
         <name>__rd_ok</name>
         <value>0xc08075e0</value>
         <object_component_ref idref="oc-df"/>
      </symbol>
      <symbol id="sm-38e">
         <name>__wrt_ok</name>
         <value>0xc0806b40</value>
         <object_component_ref idref="oc-e6"/>
      </symbol>
      <symbol id="sm-39c">
         <name>__unlock</name>
         <value>0xc080a234</value>
         <object_component_ref idref="oc-69"/>
      </symbol>
      <symbol id="sm-39d">
         <name>__lock</name>
         <value>0xc080a230</value>
         <object_component_ref idref="oc-69"/>
      </symbol>
      <symbol id="sm-39e">
         <name>__nop</name>
         <value>0xc0808920</value>
         <object_component_ref idref="oc-c0"/>
      </symbol>
      <symbol id="sm-4a8">
         <name>__printfi</name>
         <value>0xc0802880</value>
         <object_component_ref idref="oc-cc"/>
      </symbol>
      <symbol id="sm-4b2">
         <name>__args_main</name>
         <value>0xc0808780</value>
         <object_component_ref idref="oc-b7"/>
      </symbol>
      <symbol id="sm-4b3">
         <name>__TI_args_main</name>
         <value>0x1</value>
      </symbol>
      <symbol id="sm-4c1">
         <name>_atoi</name>
         <value>0xc0806d20</value>
         <object_component_ref idref="oc-eb"/>
      </symbol>
      <symbol id="sm-4d0">
         <name>__auto_init</name>
         <value>0xc08072e0</value>
         <object_component_ref idref="oc-b6"/>
      </symbol>
      <symbol id="sm-4dd">
         <name>___TI_cpp_init</name>
         <value>0xc0808400</value>
         <object_component_ref idref="oc-c3"/>
      </symbol>
      <symbol id="sm-4eb">
         <name>_copy_in</name>
         <value>0xc0807c80</value>
         <object_component_ref idref="oc-c1"/>
      </symbol>
      <symbol id="sm-4f3">
         <name>__ctypes_</name>
         <value>0xc080a458</value>
         <object_component_ref idref="oc-f5"/>
      </symbol>
      <symbol id="sm-4fd">
         <name>__tmpnams</name>
         <value>0xc0809fc0</value>
         <object_component_ref idref="oc-83"/>
      </symbol>
      <symbol id="sm-4fe">
         <name>__ft_end</name>
         <value>0xc080a100</value>
         <object_component_ref idref="oc-83"/>
      </symbol>
      <symbol id="sm-4ff">
         <name>__ftable</name>
         <value>0xc0809de0</value>
         <object_component_ref idref="oc-83"/>
      </symbol>
      <symbol id="sm-511">
         <name>__divd</name>
         <value>0xc08018a0</value>
         <object_component_ref idref="oc-106"/>
      </symbol>
      <symbol id="sm-51a">
         <name>__c6xabi_divu</name>
         <value>0xc0807460</value>
         <object_component_ref idref="oc-e1"/>
      </symbol>
      <symbol id="sm-51b">
         <name>__divu</name>
         <value>0xc0807460</value>
         <object_component_ref idref="oc-e1"/>
      </symbol>
      <symbol id="sm-528">
         <name>__fixdli</name>
         <value>0xc0807b40</value>
         <object_component_ref idref="oc-109"/>
      </symbol>
      <symbol id="sm-533">
         <name>__fltlid</name>
         <value>0xc0808180</value>
         <object_component_ref idref="oc-10b"/>
      </symbol>
      <symbol id="sm-54e">
         <name>_putc</name>
         <value>0xc0804e20</value>
         <object_component_ref idref="oc-dc"/>
      </symbol>
      <symbol id="sm-54f">
         <name>_fputc</name>
         <value>0xc0804e20</value>
         <object_component_ref idref="oc-dc"/>
      </symbol>
      <symbol id="sm-571">
         <name>_fputs</name>
         <value>0xc0803100</value>
         <object_component_ref idref="oc-d7"/>
      </symbol>
      <symbol id="sm-57b">
         <name>__frcmpyd_div</name>
         <value>0xc08087c0</value>
         <object_component_ref idref="oc-10d"/>
      </symbol>
      <symbol id="sm-58b">
         <name>__divul</name>
         <value>0xc08059c0</value>
         <object_component_ref idref="oc-10e"/>
      </symbol>
      <symbol id="sm-58c">
         <name>__remli</name>
         <value>0xc0808880</value>
         <object_component_ref idref="oc-110"/>
      </symbol>
      <symbol id="sm-58d">
         <name>__divli</name>
         <value>0xc0807960</value>
         <object_component_ref idref="oc-111"/>
      </symbol>
      <symbol id="sm-5a1">
         <name>__subcull</name>
         <value>0xc0808460</value>
         <object_component_ref idref="oc-113"/>
      </symbol>
      <symbol id="sm-5a2">
         <name>__divull</name>
         <value>0xc0804500</value>
         <object_component_ref idref="oc-10f"/>
      </symbol>
      <symbol id="sm-5ac">
         <name>___isinf</name>
         <value>0xc0808700</value>
         <object_component_ref idref="oc-f7"/>
      </symbol>
      <symbol id="sm-5ba">
         <name>__llshl</name>
         <value>0xc0808200</value>
         <object_component_ref idref="oc-112"/>
      </symbol>
      <symbol id="sm-5bb">
         <name>__llshru</name>
         <value>0xc0808800</value>
         <object_component_ref idref="oc-10c"/>
      </symbol>
      <symbol id="sm-5c8">
         <name>_ltoa</name>
         <value>0xc0807760</value>
         <object_component_ref idref="oc-10a"/>
      </symbol>
      <symbol id="sm-5d5">
         <name>_memccpy</name>
         <value>0xc0808580</value>
         <object_component_ref idref="oc-ee"/>
      </symbol>
      <symbol id="sm-5df">
         <name>__negll</name>
         <value>0xc0808900</value>
         <object_component_ref idref="oc-fc"/>
      </symbol>
      <symbol id="sm-5f5">
         <name>_setvbuf</name>
         <value>0xc0805240</value>
         <object_component_ref idref="oc-f1"/>
      </symbol>
   </symbol_table>
</link_info>
