******************************************************************************
               TMS320C6x Linker PC v7.4.4                      
******************************************************************************
>> Linked Wed May 20 20:07:05 2026

OUTPUT FILE NAME:   <Image_Transform.out>
ENTRY POINT SYMBOL: "_c_int00"  address: c086f540


MEMORY CONFIGURATION

         name            origin    length      used     unused   attr    fill
----------------------  --------  ---------  --------  --------  ----  --------
  SHDSPL2RAM            11800000   00040000  00000000  00040000  RWIX
  SHDSPL1PRAM           11e00000   00008000  00000000  00008000  RWIX
  SHDSPL1DRAM           11f00000   00008000  00000000  00008000  RWIX
  EMIFACS2              60000000   02000000  00000000  02000000  RWIX
  SHRAM                 80000000   00020000  00000000  00020000  RWIX
  DDR2                  c0000000   20000000  00879284  1f786d7c  RWIX


SECTION ALLOCATION MAP

 output                                  attributes/
section   page    origin      length       input sections
--------  ----  ----------  ----------   ----------------
.pinit     0    c0000000    00000000     UNINITIALIZED

.data      0    c0000000    00000000     UNINITIALIZED

.sysmem    0    c0000000    00800000     UNINITIALIZED
                  c0000000    00000008     rts6740.lib : memory.obj (.sysmem)
                  c0000008    007ffff8     --HOLE--

.text      0    c0800000    0006fe20     
                  c0800000    0002a6a0     opencv_dsp_c674x.lib : cxconvert.obj (.text)
                  c082a6a0    0001fbe0                          : cxarithm.obj (.text)
                  c084a280    0000c800                          : cxdatastructs.obj (.text)
                  c0856a80    000073e0                          : cxarray.obj (.text)
                  c085de60    00005800                          : cxcopy.obj (.text)
                  c0863660    00002ee0                          : cxlut.obj (.text)
                  c0866540    00000e40     main.obj (.text)
                  c0867380    00000ce0     opencv_dsp_c674x.lib : cxerror.obj (.text)
                  c0868060    000005a0     rts6740.lib : divd.obj (.text:__divd)
                  c0868600    00000580                 : _printfi.obj (.text:__getarg_diouxp)
                  c0868b80    000004c0                 : fwrite.obj (.text:_fwrite)
                  c0869040    00000440                 : _printfi.obj (.text:__printfi)
                  c0869480    00000440                 : _printfi.obj (.text:__setfield)
                  c08698c0    000003a0                 : fputs.obj (.text:_fputs)
                  c0869c60    00000320                 : _printfi.obj (.text:__pproc_fge)
                  c0869f80    000002c0                 : _printfi.obj (.text:__pproc_fwp)
                  c086a240    000002c0                 : fread.obj (.text:_fread)
                  c086a500    000002a0                 : _printfi.obj (.text:_ecvt)
                  c086a7a0    000002a0                 : _printfi.obj (.text:_fcvt)
                  c086aa40    00000280                 : divf.obj (.text:__divf)
                  c086acc0    00000280                 : memory.obj (.text:_free)
                  c086af40    00000260                 : imath64.obj (.text:__divull)
                  c086b1a0    00000260                 : _printfi.obj (.text:__pconv_e)
                  c086b400    00000240                 : _printfi.obj (.text:__pproc_diouxp)
                  c086b640    00000240                 : sinf.obj (.text:_sinf)
                  c086b880    00000220                 : _printfi.obj (.text:__pproc_str)
                  c086baa0    00000220                 : cosf.obj (.text:_cosf)
                  c086bcc0    00000220                 : fputc.obj (.text:_fputc)
                  c086bee0    00000220                 : memory.obj (.text:_memalign)
                  c086c100    00000200                 : _printfi.obj (.text:__pconv_g)
                  c086c300    00000200                 : setvbuf.obj (.text:_setvbuf)
                  c086c500    000001c0                 : _printfi.obj (.text:__mcpy)
                  c086c6c0    000001c0                 : fopen.obj (.text:__openfile)
                  c086c880    000001a0                 : imath40.obj (.text:__divul)
                  c086ca20    00000180                 : trgdrv.obj (.text:_HOSTrename)
                  c086cba0    00000180                 : memory.obj (.text:_malloc)
                  c086cd20    00000180                 : lowlev.obj (.text:_open)
                  c086cea0    00000140                 : _printfi.obj (.text:__pproc_fflags)
                  c086cfe0    00000140                 : lowlev.obj (.text:_getdevice)
                  c086d120    00000120                 : _bufread.obj (.text:__buff_read)
                  c086d240    00000120                 : fclose.obj (.text:__closefile)
                  c086d360    00000120                 : _printfi.obj (.text:__ltostr)
                  c086d480    00000120                 : fopen.obj (.text:__search_fp)
                  c086d5a0    00000120                 : fseek.obj (.text:_fseek)
                  c086d6c0    00000120     opencv_dsp_c674x.lib : cxalloc.obj (.text)
                  c086d7e0    00000100     rts6740.lib : trgdrv.obj (.text:_HOSTlseek)
                  c086d8e0    00000100                 : _io_perm.obj (.text:__wrt_ok)
                  c086d9e0    00000100                 : fprintf.obj (.text:_fprintf)
                  c086dae0    000000e0                 : trgdrv.obj (.text:_HOSTopen)
                  c086dbc0    000000e0                 : divi.obj (.text:__divi)
                  c086dca0    000000e0                 : atoi.obj (.text:_atoi)
                  c086dd80    000000e0                 : lowlev.obj (.text:_close)
                  c086de60    000000e0                 : fflush.obj (.text:_fflush)
                  c086df40    000000e0                 : memset.obj (.text:_memset)
                  c086e020    000000e0                 : printf.obj (.text:_printf)
                  c086e100    000000c0                 : trgdrv.obj (.text:_HOSTread)
                  c086e1c0    000000c0                 : trgdrv.obj (.text:_HOSTunlink)
                  c086e280    000000c0                 : trgdrv.obj (.text:_HOSTwrite)
                  c086e340    000000c0                 : autoinit.obj (.text:__auto_init)
                  c086e400    000000c0                 : _printfi.obj (.text:__div)
                  c086e4c0    000000c0                 : divu.obj (.text:__divu)
                  c086e580    000000c0                 : fflush.obj (.text:__doflush)
                  c086e640    000000c0                 : _io_perm.obj (.text:__rd_ok)
                  c086e700    000000c0                 : remi.obj (.text:__remi)
                  c086e7c0    000000c0                 : exit.obj (.text:_exit)
                  c086e880    000000c0                 : ltoa.obj (.text:_ltoa)
                  c086e940    000000a0                 : trgdrv.obj (.text:_HOSTclose)
                  c086e9e0    000000a0                 : fopen.obj (.text:__cleanup)
                  c086ea80    000000a0                 : imath40.obj (.text:__divli)
                  c086eb20    000000a0                 : _printfi.obj (.text:__ecpy)
                  c086ebc0    000000a0                 : _printfi.obj (.text:__fcpy)
                  c086ec60    000000a0                 : fixdli.obj (.text:__fixdli)
                  c086ed00    000000a0                 : _printfi.obj (.text:__pconv_f)
                  c086eda0    000000a0                 : cpy_tbl.obj (.text:_copy_in)
                  c086ee40    000000a0                 : lowlev.obj (.text:_finddevice)
                  c086eee0    000000a0                 : lowlev.obj (.text:_lseek)
                  c086ef80    000000a0                 : memcpy64.obj (.text:_memcpy)
                  c086f020    000000a0                 : memory.obj (.text:_minsert)
                  c086f0c0    000000a0                 : modf.obj (.text:_modf)
                  c086f160    000000a0                 : memory.obj (.text:_mremove)
                  c086f200    000000a0                 : lowlev.obj (.text:_read)
                  c086f2a0    000000a0                 : lowlev.obj (.text:_write)
                  c086f340    00000080                 : fixfu.obj (.text:__fixfu)
                  c086f3c0    00000080                 : fltlid.obj (.text:__fltlid)
                  c086f440    00000080                 : llshift.obj (.text:__llshl)
                  c086f4c0    00000080                 : roundf.obj (.text:__roundf)
                  c086f540    00000080                 : boot.obj (.text:_c_int00)
                  c086f5c0    00000080                 : trgmsg.obj (.text:_readmsg)
                  c086f640    00000080                 : lowlev.obj (.text:_unlink)
                  c086f6c0    00000060                 : cpp_init.obj (.text:___TI_cpp_init)
                  c086f720    00000060                 : assert.obj (.text:__abort_msg)
                  c086f780    00000060                 : imath64.obj (.text:__subcull)
                  c086f7e0    00000060                 : fclose.obj (.text:_fclose)
                  c086f840    00000060                 : fopen.obj (.text:_fopen)
                  c086f8a0    00000060                 : memccpy.obj (.text:_memccpy)
                  c086f900    00000060                 : memmov.obj (.text:_memmove)
                  c086f960    00000060                 : modff.obj (.text:_modff)
                  c086f9c0    00000060                 : sprintf.obj (.text:_sprintf)
                  c086fa20    00000060                 : lowlev.obj (.text:_tabinit)
                  c086fa80    00000060                 : trgmsg.obj (.text:_writemsg)
                  c086fae0    00000040                 : isinf.obj (.text:___isinf)
                  c086fb20    00000040                 : _printfi.obj (.text:___isnan)
                  c086fb60    00000040                 : args_main.obj (.text:__args_main)
                  c086fba0    00000040                 : frcmpyd_div.obj (.text:__frcmpyd_div)
                  c086fbe0    00000040                 : llshift.obj (.text:__llshru)
                  c086fc20    00000040                 : sprintf.obj (.text:__outs)
                  c086fc60    00000040                 : imath40.obj (.text:__remli)
                  c086fca0    00000040                 : strasg.obj (.text:__strasgi_64plus)
                  c086fce0    00000020                 : negll.obj (.text:__negll)
                  c086fd00    00000020                 : _lock.obj (.text:__nop)
                  c086fd20    00000020                 : fprintf.obj (.text:__outc)
                  c086fd40    00000020                 : printf.obj (.text:__outc)
                  c086fd60    00000020                 : sprintf.obj (.text:__outc)
                  c086fd80    00000020                 : fprintf.obj (.text:__outs)
                  c086fda0    00000020                 : printf.obj (.text:__outs)
                  c086fdc0    00000020                 : truncf.obj (.text:__truncf)
                  c086fde0    00000020                 : exit.obj (.text:_abort)
                  c086fe00    00000020                 : remove.obj (.text:_remove)

.const     0    c086fe20    00004938     
                  c086fe20    00002120     opencv_dsp_c674x.lib : cxdatastructs.obj (.const:.string)
                  c0871f40    00000969                          : cxarray.obj (.const:.string)
                  c08728a9    00000003     rts6740.lib : assert.obj (.const:.string)
                  c08728ac    00000002                 : fputs.obj (.const:.string)
                  c08728ae    00000002     --HOLE-- [fill = 0]
                  c08728b0    00000600     opencv_dsp_c674x.lib : cxtables.obj (.const:_icv8x32fTab)
                  c0872eb0    000005ec                          : cxarithm.obj (.const:.string)
                  c087349c    00000579                          : cxconvert.obj (.const:.string)
                  c0873a15    000003c3                          : cxerror.obj (.const:.string)
                  c0873dd8    00000301                          : cxtables.obj (.const:.string:_icvSaturate8u)
                  c08740d9    00000003     --HOLE-- [fill = 0]
                  c08740dc    00000280     main.obj (.const:.string)
                  c087435c    00000147     opencv_dsp_c674x.lib : cxcopy.obj (.const:.string)
                  c08744a3    00000005     --HOLE-- [fill = 0]
                  c08744a8    00000101     rts6740.lib : ctype.obj (.const:.string:__ctypes_)
                  c08745a9    000000b1     opencv_dsp_c674x.lib : cxlut.obj (.const:.string)
                  c087465a    00000084                          : cxalloc.obj (.const:.string)
                  c08746de    00000023     rts6740.lib : _printfi.obj (.const:.string)
                  c0874701    00000007     --HOLE-- [fill = 0]
                  c0874708    00000020     opencv_dsp_c674x.lib : cxdatastructs.obj (.const:.string:_icvPower2ShiftTab)
                  c0874728    00000012                          : cxtables.obj (.const:.string:_icvDepthToType)
                  c087473a    00000002     --HOLE-- [fill = 0]
                  c087473c    0000000c                          : cxdatastructs.obj (.const)
                  c0874748    00000008                          : cxarray.obj (.const)
                  c0874750    00000008                          : cxconvert.obj (.const)

.far       0    c0874758    00002200     UNINITIALIZED
                  c0874758    000010e7     opencv_dsp_c674x.lib : cxconvert.obj (.far)
                  c087583f    00000001     --HOLE--
                  c0875840    0000058f                          : cxdatastructs.obj (.far)
                  c0875dcf    00000001     --HOLE--
                  c0875dd0    00000324     rts6740.lib : defs.obj (.far)
                  c08760f4    00000004                 : fopen.obj (.far)
                  c08760f8    00000285     opencv_dsp_c674x.lib : cxarray.obj (.far)
                  c087637d    00000003     --HOLE--
                  c0876380    000001c1                          : cxcopy.obj (.far)
                  c0876541    00000007     --HOLE--
                  c0876548    0000013e                          : cxarithm.obj (.far)
                  c0876686    00000002     --HOLE--
                  c0876688    0000011c     rts6740.lib : lowlev.obj (.far)
                  c08767a4    00000004     --HOLE--
                  c08767a8    00000100     opencv_dsp_c674x.lib : cxerror.obj (.far)
                  c08768a8    00000056                          : cxlut.obj (.far)
                  c08768fe    00000002     --HOLE--
                  c0876900    00000010                          : cxalloc.obj (.far)
                  c0876910    00000010     rts6740.lib : cosf.obj (.far)
                  c0876920    00000010                 : sinf.obj (.far)
                  c0876930    0000000c                 : exit.obj (.far)
                  c087693c    00000008                 : _lock.obj (.far)
                  c0876944    00000008                 : memory.obj (.far)
                  c087694c    00000004     --HOLE--
                  c0876950    00000008                 : trgdrv.obj (.far)

.cinit     0    c0876958    000013ac     
                  c0876958    000007c7     opencv_dsp_c674x.lib : cxdatastructs.obj (.cinit)
                  c087711f    00000001     --HOLE-- [fill = 0]
                  c0877120    000003a5                          : cxarray.obj (.cinit)
                  c08774c5    00000003     --HOLE-- [fill = 0]
                  c08774c8    000002cf                          : cxconvert.obj (.cinit)
                  c0877797    00000001     --HOLE-- [fill = 0]
                  c0877798    000001e9                          : cxcopy.obj (.cinit)
                  c0877981    00000007     --HOLE-- [fill = 0]
                  c0877988    000001a6                          : cxarithm.obj (.cinit)
                  c0877b2e    00000002     --HOLE-- [fill = 0]
                  c0877b30    0000005c     rts6740.lib : defs.obj (.cinit)
                  c0877b8c    00000004     --HOLE-- [fill = 0]
                  c0877b90    0000005c                 : lowlev.obj (.cinit)
                  c0877bec    00000004     --HOLE-- [fill = 0]
                  c0877bf0    0000002c                 : exit.obj (.cinit)
                  c0877c1c    00000004     --HOLE-- [fill = 0]
                  c0877c20    0000002c                 : memory.obj (.cinit)
                  c0877c4c    00000004     --HOLE-- [fill = 0]
                  c0877c50    00000020     opencv_dsp_c674x.lib : cxalloc.obj (.cinit)
                  c0877c70    0000001e                          : cxlut.obj (.cinit)
                  c0877c8e    00000002     --HOLE-- [fill = 0]
                  c0877c90    0000001c     rts6740.lib : _lock.obj (.cinit)
                  c0877cac    00000004     --HOLE-- [fill = 0]
                  c0877cb0    00000018                 : cosf.obj (.cinit)
                  c0877cc8    00000018                 : sinf.obj (.cinit)
                  c0877ce0    0000000c     opencv_dsp_c674x.lib : cxerror.obj (.cinit)
                  c0877cec    00000004     --HOLE-- [fill = 0]
                  c0877cf0    0000000c     rts6740.lib : fopen.obj (.cinit)
                  c0877cfc    00000004     --HOLE-- [fill = 0]
                  c0877d00    00000004     (.pad.cinit) [fill = 0]

.stack     0    c0877d08    00001000     UNINITIALIZED
                  c0877d08    00000008     rts6740.lib : boot.obj (.stack)
                  c0877d10    00000ff8     --HOLE--

.switch    0    c0878d08    00000310     
                  c0878d08    000000a8     opencv_dsp_c674x.lib : cxerror.obj (.switch:_cvErrorStr)
                  c0878db0    00000060                          : cxerror.obj (.switch:_cvErrorFromIppStatus)
                  c0878e10    00000020                          : cxarray.obj (.switch:_cvRawDataToScalar)
                  c0878e30    00000020                          : cxconvert.obj (.switch:_icvCvtScaleTo_16s_C1R__FPCUciPsT26CvSizedT6T2)
                  c0878e50    00000020                          : cxconvert.obj (.switch:_icvCvtScaleTo_16u_C1R__FPCUciPUsT26CvSizedT6T2)
                  c0878e70    00000020                          : cxconvert.obj (.switch:_icvCvtScaleTo_32f_C1R__FPCUciPfT26CvSizedT6T2)
                  c0878e90    00000020                          : cxconvert.obj (.switch:_icvCvtScaleTo_32s_C1R__FPCUciPiT26CvSizedT6T2)
                  c0878eb0    00000020                          : cxconvert.obj (.switch:_icvCvtScaleTo_64f_C1R__FPCUciPdT26CvSizedT6T2)
                  c0878ed0    00000020                          : cxconvert.obj (.switch:_icvCvtScaleTo_8s_C1R__FPCUciPcT26CvSizedT6T2)
                  c0878ef0    00000020                          : cxconvert.obj (.switch:_icvCvtScaleTo_8u_C1R__FPCUciPUcT26CvSizedT6T2)
                  c0878f10    00000020                          : cxconvert.obj (.switch:_icvCvtTo_16s_C1R__FPCUciPsT26CvSizeT2)
                  c0878f30    00000020                          : cxconvert.obj (.switch:_icvCvtTo_16u_C1R__FPCUciPUsT26CvSizeT2)
                  c0878f50    00000020                          : cxconvert.obj (.switch:_icvCvtTo_32f_C1R__FPCUciPfT26CvSizeT2)
                  c0878f70    00000020                          : cxconvert.obj (.switch:_icvCvtTo_32s_C1R__FPCUciPiT26CvSizeT2)
                  c0878f90    00000020                          : cxconvert.obj (.switch:_icvCvtTo_8s_C1R__FPCUciPcT26CvSizeT2)
                  c0878fb0    00000020                          : cxconvert.obj (.switch:_icvCvtTo_8u_C1R__FPCUciPUcT26CvSizeT2)
                  c0878fd0    0000001c                          : cxarray.obj (.switch:_cvScalarToRawData)
                  c0878fec    00000018                          : cxconvert.obj (.switch:_icvCvtTo_64f_C1R__FPCUciPdT26CvSizeT2)
                  c0879004    00000014                          : cxconvert.obj (.switch:_icvCvtScaleAbsTo_8u_C1R__FPCUciPUcT26CvSizedT6T2)

.bss       0    c0879018    00000150     UNINITIALIZED
                  c0879018    00000098     opencv_dsp_c674x.lib : cxconvert.obj (.bss)
                  c08790b0    00000064                          : cxcopy.obj (.bss)
                  c0879114    0000004c                          : cxarithm.obj (.bss)
                  c0879160    00000004                          : cxerror.obj (.bss)
                  c0879164    00000004                          : cxlut.obj (.bss)

.cio       0    c0879168    00000120     UNINITIALIZED
                  c0879168    00000120     rts6740.lib : trgmsg.obj (.cio)


GLOBAL SYMBOLS: SORTED ALPHABETICALLY BY Name 

address    name
--------   ----
c0879018   $bss
c0879018   .bss
c0000000   .data
c0800000   .text
c086fde0   C$$EXIT
c086fad8   C$$IO$$
c086e940   _HOSTclose
c086d7e0   _HOSTlseek
c086dae0   _HOSTopen
c086e100   _HOSTread
c086ca20   _HOSTrename
c086e1c0   _HOSTunlink
c086e280   _HOSTwrite
c0879168   __CIOBUF_
c0878d08   __STACK_END
00001000   __STACK_SIZE
00800000   __SYSMEM_SIZE
00000001   __TI_args_main
c086f6c0   ___TI_cpp_init
c0876938   ___TI_enable_exit_profile_output
ffffffff   ___TI_pprof_out_hndl
ffffffff   ___TI_prof_data_size
ffffffff   ___TI_prof_data_start
ffffffff   ___binit__
c0879018   ___bss__
ffffffff   ___c_args__
c0876958   ___cinit__
c0000000   ___data__
c0000000   ___edata__
c0879168   ___end__
c086fe20   ___etext__
c086fae0   ___isinf
ffffffff   ___pinit__
c0800000   ___text__
c086f720   __abort_msg
c086fb60   __args_main
c086e340   __auto_init
c086d120   __buff_read
c086dbc0   __c6xabi_divi
c086e4c0   __c6xabi_divu
c086e700   __c6xabi_remi
c086fca0   __c6xabi_strasgi_64plus
c086e9e0   __cleanup
c0876930   __cleanup_ptr
c086d240   __closefile
c08744a8   __ctypes_
c0868060   __divd
c086aa40   __divf
c086dbc0   __divi
c086ea80   __divli
c086e4c0   __divu
c086c880   __divul
c086af40   __divull
c086e580   __doflush
c0876934   __dtors_ptr
c086ec60   __fixdli
c086f340   __fixfu
c086f3c0   __fltlid
c086fba0   __frcmpyd_div
c08760f0   __ft_end
c0875dd0   __ftable
c086f440   __llshl
c086fbe0   __llshru
c087693c   __lock
c086fce0   __negll
c086fd00   __nop
c0869040   __printfi
c086e640   __rd_ok
c086e700   __remi
c086fc60   __remli
c086f4c0   __roundf
c0877d08   __stack
c086fca0   __strasgi_64plus
c086f780   __subcull
c0000000   __sys_memory
c0875fb0   __tmpnams
c086fdc0   __truncf
c0876940   __unlock
c086d8e0   __wrt_ok
c086fde0   _abort
c086dca0   _atoi
c086f540   _c_int00
c086dd80   _close
c086eda0   _copy_in
c086baa0   _cosf
c0848fcc   _cvAdd
c08480d0   _cvAddS
c0847c4c   _cvAddWeighted
c086d708   _cvAlloc
c084c380   _cvChangeSeqBlock
c0856910   _cvClearGraph
c08568a4   _cvClearMemStorage
c0856788   _cvClearSeq
c08567e0   _cvClearSet
c0856064   _cvCloneGraph
c085dc84   _cvCloneImage
c085d724   _cvCloneMat
c085d54c   _cvCloneSparseMat
c0829aa8   _cvConvertScale
c08297e8   _cvConvertScaleAbs
c0862544   _cvCopy
c0850ccc   _cvCreateChildMemStorage
c085c6ac   _cvCreateData
c0855f04   _cvCreateGraph
c0855c40   _cvCreateGraphScanner
c085d20c   _cvCreateImage
c085d0e8   _cvCreateImageHeader
c085ca68   _cvCreateMat
c085c2cc   _cvCreateMatHeader
c0850b34   _cvCreateMemStorage
c084a940   _cvCreateSeq
c0850ecc   _cvCreateSeqBlock
c0855a10   _cvCreateSet
c085be60   _cvCreateSparseMat
c0855880   _cvCvtSeqToArray
c0847048   _cvDiv
c0850fa8   _cvEndWriteSeq
c0867ea4   _cvError
c0867d60   _cvErrorFromIppStatus
c0867388   _cvErrorStr
c08555e0   _cvFindGraphEdge
c0854d88   _cvFindGraphEdgeByPtr
c0861f40   _cvFlip
c0850dc0   _cvFlushSeqWriter
c086d6c0   _cvFree_
c085bc0c   _cvGetCols
c085b92c   _cvGetDiag
c085b814   _cvGetElemType
c0867c20   _cvGetErrInfo
c0867728   _cvGetErrMode
c0867be0   _cvGetErrStatus
c085b66c   _cvGetImage
c0859384   _cvGetMat
c085b360   _cvGetRawData
c085b0b0   _cvGetRows
c084bd20   _cvGetSeqElem
c084c464   _cvGetSeqReaderPos
c085afac   _cvGetSize
c085acf4   _cvGetSubRect
c0855340   _cvGraphAddEdge
c0854ec4   _cvGraphAddEdgeByPtr
c0854ba0   _cvGraphAddVtx
c0854920   _cvGraphRemoveEdge
c0854260   _cvGraphRemoveEdgeByPtr
c08546a0   _cvGraphRemoveVtx
c085452c   _cvGraphRemoveVtxByPtr
c0854000   _cvGraphVtxDegree
c0853f0c   _cvGraphVtxDegreeByPtr
c0867a60   _cvGuiBoxReport
c085a8ac   _cvInitImageHeader
c08591ac   _cvInitMatHeader
c085a0e4   _cvInitNArrayIterator
c0859050   _cvInitSparseMatIterator
c084ab88   _cvInitTreeNodeIterator
c0853e40   _cvInsertNodeIntoTree
c0865d24   _cvLUT
c0851f44   _cvMakeSeqHeaderForArray
c084a608   _cvMemStorageAlloc
c0853d50   _cvMemStorageAllocString
c0825a74   _cvMerge
c0825060   _cvMixChannels
c0846660   _cvMul
c0853924   _cvNextGraphItem
c0858f08   _cvNextNArraySlice
c084ac00   _cvNextTreeNode
c0867a10   _cvNulDevReport
c08535a0   _cvPrevTreeNode
c0858acc   _cvPtr1D
c0858660   _cvPtr2D
c08584c0   _cvPtr3D
c0858150   _cvRawDataToScalar
c0867998   _cvRedirectError
c0856a80   _cvReleaseData
c0853420   _cvReleaseGraphScanner
c0857ea8   _cvReleaseImage
c0857e0c   _cvReleaseImageHeader
c0857bc0   _cvReleaseMat
c0851240   _cvReleaseMemStorage
c0857ae8   _cvReleaseSparseMat
c0853328   _cvRemoveNodeFromTree
c0861828   _cvRepeat
c084a2e0   _cvRestoreMemStoragePos
c084a280   _cvSaveMemStoragePos
c0857370   _cvScalarToRawData
c0853220   _cvSeqElemIdx
c0852c30   _cvSeqInsert
c085214c   _cvSeqInsertSlice
c0851d74   _cvSeqInvert
c0851300   _cvSeqPartition
c084fe40   _cvSeqPop
c084fa20   _cvSeqPopFront
c084edac   _cvSeqPopMulti
c084b200   _cvSeqPush
c0850808   _cvSeqPushFront
c084df00   _cvSeqPushMulti
c08502a0   _cvSeqRemove
c084f30c   _cvSeqRemoveSlice
c084e780   _cvSeqSearch
c084e268   _cvSeqSlice
c084c520   _cvSeqSort
c0860da8   _cvSet
c084c020   _cvSetAdd
c0856ccc   _cvSetData
c0867934   _cvSetErrMode
c08678e0   _cvSetErrStatus
c084be14   _cvSetRemove
c084a820   _cvSetSeqBlockSize
c084b9b4   _cvSetSeqReaderPos
c0860820   _cvSetZero
c084b96c   _cvSliceLength
c0824968   _cvSplit
c084b6e0   _cvStartAppendToSeq
c084b868   _cvStartReadSeq
c084b7a0   _cvStartWriteSeq
c0867764   _cvStdErrReport
c08453ac   _cvSub
c08444a0   _cvSubRS
c084b4ec   _cvTreeToNodeSeq
c086e7c0   _exit
c086f7e0   _fclose
c086de60   _fflush
c086f840   _fopen
c086d9e0   _fprintf
c086bcc0   _fputc
c08698c0   _fputs
c086a240   _fread
c086acc0   _free
c086d5a0   _fseek
c0868b80   _fwrite
c08728b0   _icv8x32fTab
c0844380   _icvAdd_16s_C1R__FPCsiT1T2PsT26CvSizeT2
c087911c   _icvAdd_16s_C1R_p
c0844344   _icvAdd_16u_C1R__FPCUsiT1T2PUsT26CvSizeT2
c0879118   _icvAdd_16u_C1R_p
c08443f0   _icvAdd_32f_C1R__FPCfiT1T2PfT26CvSize
c0879124   _icvAdd_32f_C1R_p
c08443b8   _icvAdd_32s_C1R__FPCiiT1T2PiT26CvSize
c0879120   _icvAdd_32s_C1R_p
c084442c   _icvAdd_64f_C1R__FPCdiT1T2PdT26CvSize
c0879128   _icvAdd_64f_C1R_p
c0844308   _icvAdd_8u_C1R__FPCUciT1T2PUcT26CvSizeT2
c0879114   _icvAdd_8u_C1R_p
c08248d8   _icvCopy_16s_C1CnCR__FPCUsiPUsT26CvSizeN22
c087908c   _icvCopy_16s_C1CnCR_p
c08604e8   _icvCopy_16s_C1MR__FPCUsiPUsT26CvSizePCUcT2
c08790e0   _icvCopy_16s_C1MR_p
c08244ac   _icvCopy_16s_C2P2R__FPCUsiPPUsT26CvSize
c0879024   _icvCopy_16s_C2P2R_p
c0860564   _icvCopy_16s_C3MR__FPCUsiPUsT26CvSizePCUcT2
c08790ec   _icvCopy_16s_C3MR_p
c08244d4   _icvCopy_16s_C3P3R__FPCUsiPPUsT26CvSize
c0879028   _icvCopy_16s_C3P3R_p
c086058c   _icvCopy_16s_C4MR__FPCLiPLT26CvSizePCUcT2
c08790f0   _icvCopy_16s_C4MR_p
c0824500   _icvCopy_16s_C4P4R__FPCUsiPPUsT26CvSize
c087902c   _icvCopy_16s_C4P4R_p
c0824648   _icvCopy_16s_CnC1CR__FPCUsiPUsT26CvSizeN22
c087904c   _icvCopy_16s_CnC1CR_p
c0824740   _icvCopy_16s_P2C2R__FPPCUsiPUsT26CvSize
c0879064   _icvCopy_16s_P2C2R_p
c0824768   _icvCopy_16s_P3C3R__FPPCUsiPUsT26CvSize
c0879068   _icvCopy_16s_P3C3R_p
c0824790   _icvCopy_16s_P4C4R__FPPCUsiPUsT26CvSize
c087906c   _icvCopy_16s_P4C4R_p
c0824904   _icvCopy_32f_C1CnCR__FPCiiPiT26CvSizeN22
c0879090   _icvCopy_32f_C1CnCR_p
c0824528   _icvCopy_32f_C2P2R__FPCiiPPiT26CvSize
c0879030   _icvCopy_32f_C2P2R_p
c08605b4   _icvCopy_32f_C3MR__FPCiiPiT26CvSizePCUcT2
c08790f4   _icvCopy_32f_C3MR_p
c0824550   _icvCopy_32f_C3P3R__FPCiiPPiT26CvSize
c0879034   _icvCopy_32f_C3P3R_p
c08605e0   _icvCopy_32f_C4MR__FPCiiPiT26CvSizePCUcT2
c08790f8   _icvCopy_32f_C4MR_p
c0824578   _icvCopy_32f_C4P4R__FPCiiPPiT26CvSize
c0879038   _icvCopy_32f_C4P4R_p
c0824670   _icvCopy_32f_CnC1CR__FPCiiPiT26CvSizeN22
c0879050   _icvCopy_32f_CnC1CR_p
c08247b8   _icvCopy_32f_P2C2R__FPPCiiPiT26CvSize
c0879070   _icvCopy_32f_P2C2R_p
c08247e4   _icvCopy_32f_P3C3R__FPPCiiPiT26CvSize
c0879074   _icvCopy_32f_P3C3R_p
c082480c   _icvCopy_32f_P4C4R__FPPCiiPiT26CvSize
c0879078   _icvCopy_32f_P4C4R_p
c082492c   _icvCopy_64f_C1CnCR__FPCLiPLT26CvSizeN22
c0879094   _icvCopy_64f_C1CnCR_p
c08245a4   _icvCopy_64f_C2P2R__FPCLiPPLT26CvSize
c087903c   _icvCopy_64f_C2P2R_p
c08245cc   _icvCopy_64f_C3P3R__FPCLiPPLT26CvSize
c0879040   _icvCopy_64f_C3P3R_p
c08245f4   _icvCopy_64f_C4P4R__FPCLiPPLT26CvSize
c0879044   _icvCopy_64f_C4P4R_p
c0824698   _icvCopy_64f_CnC1CR__FPCLiPLT26CvSizeN22
c0879054   _icvCopy_64f_CnC1CR_p
c0824834   _icvCopy_64f_P2C2R__FPPCLiPLT26CvSize
c087907c   _icvCopy_64f_P2C2R_p
c0824860   _icvCopy_64f_P3C3R__FPPCLiPLT26CvSize
c0879080   _icvCopy_64f_P3C3R_p
c0824888   _icvCopy_64f_P4C4R__FPPCLiPLT26CvSize
c0879084   _icvCopy_64f_P4C4R_p
c0860608   _icvCopy_64s_C3MR__FPCLiPLT26CvSizePCUcT2
c08790fc   _icvCopy_64s_C3MR_p
c0860630   _icvCopy_64s_C4MR__FPCLiPLT26CvSizePCUcT2
c0879100   _icvCopy_64s_C4MR_p
c08248b0   _icvCopy_8u_C1CnCR__FPCUciPUcT26CvSizeN22
c0879088   _icvCopy_8u_C1CnCR_p
c08604c0   _icvCopy_8u_C1MR__FPCUciPUcT26CvSizeT1T2
c08790dc   _icvCopy_8u_C1MR_p
c08607f0   _icvCopy_8u_C1R__FPCUciPUcT26CvSize
c08790b0   _icvCopy_8u_C1R_p
c0824430   _icvCopy_8u_C2P2R__FPCUciPPUcT26CvSize
c0879018   _icvCopy_8u_C2P2R_p
c0860510   _icvCopy_8u_C3MR__FPCUciPUcT26CvSizeT1T2
c08790e4   _icvCopy_8u_C3MR_p
c0824458   _icvCopy_8u_C3P3R__FPCUciPPUcT26CvSize
c087901c   _icvCopy_8u_C3P3R_p
c0860538   _icvCopy_8u_C4MR__FPCiiPiT26CvSizePCUcT2
c08790e8   _icvCopy_8u_C4MR_p
c0824484   _icvCopy_8u_C4P4R__FPCUciPPUcT26CvSize
c0879020   _icvCopy_8u_C4P4R_p
c0824620   _icvCopy_8u_CnC1CR__FPCUciPUcT26CvSizeN22
c0879048   _icvCopy_8u_CnC1CR_p
c08246c4   _icvCopy_8u_P2C2R__FPPCUciPUcT26CvSize
c0879058   _icvCopy_8u_P2C2R_p
c08246ec   _icvCopy_8u_P3C3R__FPPCUciPUcT26CvSize
c087905c   _icvCopy_8u_P3C3R_p
c0824714   _icvCopy_8u_P4C4R__FPPCUciPUcT26CvSize
c0879060   _icvCopy_8u_P4C4R_p
c0824960   _icvCvt_32f64f__FPCfPdi
c0879098   _icvCvt_32f64f_p
c0824954   _icvCvt_64f32f__FPCdPfi
c087909c   _icvCvt_64f32f_p
c0874728   _icvDepthToType
c086074c   _icvGetCopyMaskFunc__Fi
c0865b80   _icvLUT_Transform8u_16u_C1R__FPCUciPUsT26CvSizePCUs
c0865340   _icvLUT_Transform8u_32s_C1R__FPCUciPiT26CvSizePCi
c0864b40   _icvLUT_Transform8u_64f_C1R__FPCUciPdT26CvSizePCd
c08642a0   _icvLUT_Transform8u_8u_C1R__FPCUciPUcT26CvSizeT1
c0864180   _icvLUT_Transform8u_8u_C2R__FPCUciPUcT26CvSizeT1
c0863f50   _icvLUT_Transform8u_8u_C3R__FPCUciPUcT26CvSizeT1
c0863dcc   _icvLUT_Transform8u_8u_C4R__FPCUciPUcT26CvSizeT1
c0867380   _icvPthreadDestructor__FPv
c0873dd8   _icvSaturate8u
c0800224   _icvScale_32f__FPCfPfifT4
c0800000   _icvScale_64f__FPCdPdidT4
c0879104   _icvSetByte_8u_C1R_p
c0860684   _icvSetZero_8u_C1R__FPUci6CvSize
c0860374   _icvSet_16s_C1MR__FPUsiPCUcT26CvSizePCUs
c08790b8   _icvSet_16s_C1MR_p
c08603c8   _icvSet_16s_C3MR__FPUsiPCUcT26CvSizePCUs
c08790c4   _icvSet_16s_C3MR_p
c08603f0   _icvSet_16s_C4MR__FPLiPCUcT26CvSizePCL
c08790c8   _icvSet_16s_C4MR_p
c0860418   _icvSet_32f_C3MR__FPiiPCUcT26CvSizePCi
c08790cc   _icvSet_32f_C3MR_p
c0860444   _icvSet_32f_C4MR__FPiiPCUcT26CvSizePCi
c08790d0   _icvSet_32f_C4MR_p
c086046c   _icvSet_64s_C3MR__FPLiPCUcT26CvSizePCL
c08790d4   _icvSet_64s_C3MR_p
c0860494   _icvSet_64s_C4MR__FPLiPCUcT26CvSizePCL
c08790d8   _icvSet_64s_C4MR_p
c086034c   _icvSet_8u_C1MR__FPUciPCUcT26CvSizeT3
c08790b4   _icvSet_8u_C1MR_p
c08603a0   _icvSet_8u_C3MR__FPUciPCUcT26CvSizeT3
c08790bc   _icvSet_8u_C3MR_p
c0860658   _icvSet_8u_C4MR__FPiiPCUcT26CvSizePCi
c08790c0   _icvSet_8u_C4MR_p
c0844224   _icvSub_16s_C1R__FPCsiT1T2PsT26CvSizeT2
c0879134   _icvSub_16s_C1R_p
c08441e8   _icvSub_16u_C1R__FPCUsiT1T2PUsT26CvSizeT2
c0879130   _icvSub_16u_C1R_p
c0844294   _icvSub_32f_C1R__FPCfiT1T2PfT26CvSize
c087913c   _icvSub_32f_C1R_p
c0844260   _icvSub_32s_C1R__FPCiiT1T2PiT26CvSize
c0879138   _icvSub_32s_C1R_p
c08442d0   _icvSub_64f_C1R__FPCdiT1T2PdT26CvSize
c0879140   _icvSub_64f_C1R_p
c0844464   _icvSub_8u_C1R__FPCUciT1T2PUcT26CvSizeT2
c087912c   _icvSub_8u_C1R_p
c086eee0   _lseek
c086e880   _ltoa
c086700c   _main
c086cba0   _malloc
c086bee0   _memalign
c086f8a0   _memccpy
c086ef80   _memcpy
c086f900   _memmove
c086df40   _memset
c086f0c0   _modf
c086f960   _modff
c086cd20   _open
c086e020   _printf
c086bcc0   _putc
c086f200   _read
c086f5c0   _readmsg
c086fe00   _remove
c086c300   _setvbuf
c086b640   _sinf
c086f9c0   _sprintf
c086f640   _unlink
c086f2a0   _write
c086fa80   _writemsg
ffffffff   binit
c0876958   cinit
c0000000   edata
c0879168   end
c086fe20   etext
ffffffff   pinit


GLOBAL SYMBOLS: SORTED BY Symbol Address 

address    name
--------   ----
00000001   __TI_args_main
00001000   __STACK_SIZE
00800000   __SYSMEM_SIZE
c0000000   .data
c0000000   ___data__
c0000000   ___edata__
c0000000   __sys_memory
c0000000   edata
c0800000   .text
c0800000   ___text__
c0800000   _icvScale_64f__FPCdPdidT4
c0800224   _icvScale_32f__FPCfPfifT4
c0824430   _icvCopy_8u_C2P2R__FPCUciPPUcT26CvSize
c0824458   _icvCopy_8u_C3P3R__FPCUciPPUcT26CvSize
c0824484   _icvCopy_8u_C4P4R__FPCUciPPUcT26CvSize
c08244ac   _icvCopy_16s_C2P2R__FPCUsiPPUsT26CvSize
c08244d4   _icvCopy_16s_C3P3R__FPCUsiPPUsT26CvSize
c0824500   _icvCopy_16s_C4P4R__FPCUsiPPUsT26CvSize
c0824528   _icvCopy_32f_C2P2R__FPCiiPPiT26CvSize
c0824550   _icvCopy_32f_C3P3R__FPCiiPPiT26CvSize
c0824578   _icvCopy_32f_C4P4R__FPCiiPPiT26CvSize
c08245a4   _icvCopy_64f_C2P2R__FPCLiPPLT26CvSize
c08245cc   _icvCopy_64f_C3P3R__FPCLiPPLT26CvSize
c08245f4   _icvCopy_64f_C4P4R__FPCLiPPLT26CvSize
c0824620   _icvCopy_8u_CnC1CR__FPCUciPUcT26CvSizeN22
c0824648   _icvCopy_16s_CnC1CR__FPCUsiPUsT26CvSizeN22
c0824670   _icvCopy_32f_CnC1CR__FPCiiPiT26CvSizeN22
c0824698   _icvCopy_64f_CnC1CR__FPCLiPLT26CvSizeN22
c08246c4   _icvCopy_8u_P2C2R__FPPCUciPUcT26CvSize
c08246ec   _icvCopy_8u_P3C3R__FPPCUciPUcT26CvSize
c0824714   _icvCopy_8u_P4C4R__FPPCUciPUcT26CvSize
c0824740   _icvCopy_16s_P2C2R__FPPCUsiPUsT26CvSize
c0824768   _icvCopy_16s_P3C3R__FPPCUsiPUsT26CvSize
c0824790   _icvCopy_16s_P4C4R__FPPCUsiPUsT26CvSize
c08247b8   _icvCopy_32f_P2C2R__FPPCiiPiT26CvSize
c08247e4   _icvCopy_32f_P3C3R__FPPCiiPiT26CvSize
c082480c   _icvCopy_32f_P4C4R__FPPCiiPiT26CvSize
c0824834   _icvCopy_64f_P2C2R__FPPCLiPLT26CvSize
c0824860   _icvCopy_64f_P3C3R__FPPCLiPLT26CvSize
c0824888   _icvCopy_64f_P4C4R__FPPCLiPLT26CvSize
c08248b0   _icvCopy_8u_C1CnCR__FPCUciPUcT26CvSizeN22
c08248d8   _icvCopy_16s_C1CnCR__FPCUsiPUsT26CvSizeN22
c0824904   _icvCopy_32f_C1CnCR__FPCiiPiT26CvSizeN22
c082492c   _icvCopy_64f_C1CnCR__FPCLiPLT26CvSizeN22
c0824954   _icvCvt_64f32f__FPCdPfi
c0824960   _icvCvt_32f64f__FPCfPdi
c0824968   _cvSplit
c0825060   _cvMixChannels
c0825a74   _cvMerge
c08297e8   _cvConvertScaleAbs
c0829aa8   _cvConvertScale
c08441e8   _icvSub_16u_C1R__FPCUsiT1T2PUsT26CvSizeT2
c0844224   _icvSub_16s_C1R__FPCsiT1T2PsT26CvSizeT2
c0844260   _icvSub_32s_C1R__FPCiiT1T2PiT26CvSize
c0844294   _icvSub_32f_C1R__FPCfiT1T2PfT26CvSize
c08442d0   _icvSub_64f_C1R__FPCdiT1T2PdT26CvSize
c0844308   _icvAdd_8u_C1R__FPCUciT1T2PUcT26CvSizeT2
c0844344   _icvAdd_16u_C1R__FPCUsiT1T2PUsT26CvSizeT2
c0844380   _icvAdd_16s_C1R__FPCsiT1T2PsT26CvSizeT2
c08443b8   _icvAdd_32s_C1R__FPCiiT1T2PiT26CvSize
c08443f0   _icvAdd_32f_C1R__FPCfiT1T2PfT26CvSize
c084442c   _icvAdd_64f_C1R__FPCdiT1T2PdT26CvSize
c0844464   _icvSub_8u_C1R__FPCUciT1T2PUcT26CvSizeT2
c08444a0   _cvSubRS
c08453ac   _cvSub
c0846660   _cvMul
c0847048   _cvDiv
c0847c4c   _cvAddWeighted
c08480d0   _cvAddS
c0848fcc   _cvAdd
c084a280   _cvSaveMemStoragePos
c084a2e0   _cvRestoreMemStoragePos
c084a608   _cvMemStorageAlloc
c084a820   _cvSetSeqBlockSize
c084a940   _cvCreateSeq
c084ab88   _cvInitTreeNodeIterator
c084ac00   _cvNextTreeNode
c084b200   _cvSeqPush
c084b4ec   _cvTreeToNodeSeq
c084b6e0   _cvStartAppendToSeq
c084b7a0   _cvStartWriteSeq
c084b868   _cvStartReadSeq
c084b96c   _cvSliceLength
c084b9b4   _cvSetSeqReaderPos
c084bd20   _cvGetSeqElem
c084be14   _cvSetRemove
c084c020   _cvSetAdd
c084c380   _cvChangeSeqBlock
c084c464   _cvGetSeqReaderPos
c084c520   _cvSeqSort
c084df00   _cvSeqPushMulti
c084e268   _cvSeqSlice
c084e780   _cvSeqSearch
c084edac   _cvSeqPopMulti
c084f30c   _cvSeqRemoveSlice
c084fa20   _cvSeqPopFront
c084fe40   _cvSeqPop
c08502a0   _cvSeqRemove
c0850808   _cvSeqPushFront
c0850b34   _cvCreateMemStorage
c0850ccc   _cvCreateChildMemStorage
c0850dc0   _cvFlushSeqWriter
c0850ecc   _cvCreateSeqBlock
c0850fa8   _cvEndWriteSeq
c0851240   _cvReleaseMemStorage
c0851300   _cvSeqPartition
c0851d74   _cvSeqInvert
c0851f44   _cvMakeSeqHeaderForArray
c085214c   _cvSeqInsertSlice
c0852c30   _cvSeqInsert
c0853220   _cvSeqElemIdx
c0853328   _cvRemoveNodeFromTree
c0853420   _cvReleaseGraphScanner
c08535a0   _cvPrevTreeNode
c0853924   _cvNextGraphItem
c0853d50   _cvMemStorageAllocString
c0853e40   _cvInsertNodeIntoTree
c0853f0c   _cvGraphVtxDegreeByPtr
c0854000   _cvGraphVtxDegree
c0854260   _cvGraphRemoveEdgeByPtr
c085452c   _cvGraphRemoveVtxByPtr
c08546a0   _cvGraphRemoveVtx
c0854920   _cvGraphRemoveEdge
c0854ba0   _cvGraphAddVtx
c0854d88   _cvFindGraphEdgeByPtr
c0854ec4   _cvGraphAddEdgeByPtr
c0855340   _cvGraphAddEdge
c08555e0   _cvFindGraphEdge
c0855880   _cvCvtSeqToArray
c0855a10   _cvCreateSet
c0855c40   _cvCreateGraphScanner
c0855f04   _cvCreateGraph
c0856064   _cvCloneGraph
c0856788   _cvClearSeq
c08567e0   _cvClearSet
c08568a4   _cvClearMemStorage
c0856910   _cvClearGraph
c0856a80   _cvReleaseData
c0856ccc   _cvSetData
c0857370   _cvScalarToRawData
c0857ae8   _cvReleaseSparseMat
c0857bc0   _cvReleaseMat
c0857e0c   _cvReleaseImageHeader
c0857ea8   _cvReleaseImage
c0858150   _cvRawDataToScalar
c08584c0   _cvPtr3D
c0858660   _cvPtr2D
c0858acc   _cvPtr1D
c0858f08   _cvNextNArraySlice
c0859050   _cvInitSparseMatIterator
c08591ac   _cvInitMatHeader
c0859384   _cvGetMat
c085a0e4   _cvInitNArrayIterator
c085a8ac   _cvInitImageHeader
c085acf4   _cvGetSubRect
c085afac   _cvGetSize
c085b0b0   _cvGetRows
c085b360   _cvGetRawData
c085b66c   _cvGetImage
c085b814   _cvGetElemType
c085b92c   _cvGetDiag
c085bc0c   _cvGetCols
c085be60   _cvCreateSparseMat
c085c2cc   _cvCreateMatHeader
c085c6ac   _cvCreateData
c085ca68   _cvCreateMat
c085d0e8   _cvCreateImageHeader
c085d20c   _cvCreateImage
c085d54c   _cvCloneSparseMat
c085d724   _cvCloneMat
c085dc84   _cvCloneImage
c086034c   _icvSet_8u_C1MR__FPUciPCUcT26CvSizeT3
c0860374   _icvSet_16s_C1MR__FPUsiPCUcT26CvSizePCUs
c08603a0   _icvSet_8u_C3MR__FPUciPCUcT26CvSizeT3
c08603c8   _icvSet_16s_C3MR__FPUsiPCUcT26CvSizePCUs
c08603f0   _icvSet_16s_C4MR__FPLiPCUcT26CvSizePCL
c0860418   _icvSet_32f_C3MR__FPiiPCUcT26CvSizePCi
c0860444   _icvSet_32f_C4MR__FPiiPCUcT26CvSizePCi
c086046c   _icvSet_64s_C3MR__FPLiPCUcT26CvSizePCL
c0860494   _icvSet_64s_C4MR__FPLiPCUcT26CvSizePCL
c08604c0   _icvCopy_8u_C1MR__FPCUciPUcT26CvSizeT1T2
c08604e8   _icvCopy_16s_C1MR__FPCUsiPUsT26CvSizePCUcT2
c0860510   _icvCopy_8u_C3MR__FPCUciPUcT26CvSizeT1T2
c0860538   _icvCopy_8u_C4MR__FPCiiPiT26CvSizePCUcT2
c0860564   _icvCopy_16s_C3MR__FPCUsiPUsT26CvSizePCUcT2
c086058c   _icvCopy_16s_C4MR__FPCLiPLT26CvSizePCUcT2
c08605b4   _icvCopy_32f_C3MR__FPCiiPiT26CvSizePCUcT2
c08605e0   _icvCopy_32f_C4MR__FPCiiPiT26CvSizePCUcT2
c0860608   _icvCopy_64s_C3MR__FPCLiPLT26CvSizePCUcT2
c0860630   _icvCopy_64s_C4MR__FPCLiPLT26CvSizePCUcT2
c0860658   _icvSet_8u_C4MR__FPiiPCUcT26CvSizePCi
c0860684   _icvSetZero_8u_C1R__FPUci6CvSize
c086074c   _icvGetCopyMaskFunc__Fi
c08607f0   _icvCopy_8u_C1R__FPCUciPUcT26CvSize
c0860820   _cvSetZero
c0860da8   _cvSet
c0861828   _cvRepeat
c0861f40   _cvFlip
c0862544   _cvCopy
c0863dcc   _icvLUT_Transform8u_8u_C4R__FPCUciPUcT26CvSizeT1
c0863f50   _icvLUT_Transform8u_8u_C3R__FPCUciPUcT26CvSizeT1
c0864180   _icvLUT_Transform8u_8u_C2R__FPCUciPUcT26CvSizeT1
c08642a0   _icvLUT_Transform8u_8u_C1R__FPCUciPUcT26CvSizeT1
c0864b40   _icvLUT_Transform8u_64f_C1R__FPCUciPdT26CvSizePCd
c0865340   _icvLUT_Transform8u_32s_C1R__FPCUciPiT26CvSizePCi
c0865b80   _icvLUT_Transform8u_16u_C1R__FPCUciPUsT26CvSizePCUs
c0865d24   _cvLUT
c086700c   _main
c0867380   _icvPthreadDestructor__FPv
c0867388   _cvErrorStr
c0867728   _cvGetErrMode
c0867764   _cvStdErrReport
c08678e0   _cvSetErrStatus
c0867934   _cvSetErrMode
c0867998   _cvRedirectError
c0867a10   _cvNulDevReport
c0867a60   _cvGuiBoxReport
c0867be0   _cvGetErrStatus
c0867c20   _cvGetErrInfo
c0867d60   _cvErrorFromIppStatus
c0867ea4   _cvError
c0868060   __divd
c0868b80   _fwrite
c0869040   __printfi
c08698c0   _fputs
c086a240   _fread
c086aa40   __divf
c086acc0   _free
c086af40   __divull
c086b640   _sinf
c086baa0   _cosf
c086bcc0   _fputc
c086bcc0   _putc
c086bee0   _memalign
c086c300   _setvbuf
c086c880   __divul
c086ca20   _HOSTrename
c086cba0   _malloc
c086cd20   _open
c086d120   __buff_read
c086d240   __closefile
c086d5a0   _fseek
c086d6c0   _cvFree_
c086d708   _cvAlloc
c086d7e0   _HOSTlseek
c086d8e0   __wrt_ok
c086d9e0   _fprintf
c086dae0   _HOSTopen
c086dbc0   __c6xabi_divi
c086dbc0   __divi
c086dca0   _atoi
c086dd80   _close
c086de60   _fflush
c086df40   _memset
c086e020   _printf
c086e100   _HOSTread
c086e1c0   _HOSTunlink
c086e280   _HOSTwrite
c086e340   __auto_init
c086e4c0   __c6xabi_divu
c086e4c0   __divu
c086e580   __doflush
c086e640   __rd_ok
c086e700   __c6xabi_remi
c086e700   __remi
c086e7c0   _exit
c086e880   _ltoa
c086e940   _HOSTclose
c086e9e0   __cleanup
c086ea80   __divli
c086ec60   __fixdli
c086eda0   _copy_in
c086eee0   _lseek
c086ef80   _memcpy
c086f0c0   _modf
c086f200   _read
c086f2a0   _write
c086f340   __fixfu
c086f3c0   __fltlid
c086f440   __llshl
c086f4c0   __roundf
c086f540   _c_int00
c086f5c0   _readmsg
c086f640   _unlink
c086f6c0   ___TI_cpp_init
c086f720   __abort_msg
c086f780   __subcull
c086f7e0   _fclose
c086f840   _fopen
c086f8a0   _memccpy
c086f900   _memmove
c086f960   _modff
c086f9c0   _sprintf
c086fa80   _writemsg
c086fad8   C$$IO$$
c086fae0   ___isinf
c086fb60   __args_main
c086fba0   __frcmpyd_div
c086fbe0   __llshru
c086fc60   __remli
c086fca0   __c6xabi_strasgi_64plus
c086fca0   __strasgi_64plus
c086fce0   __negll
c086fd00   __nop
c086fdc0   __truncf
c086fde0   C$$EXIT
c086fde0   _abort
c086fe00   _remove
c086fe20   ___etext__
c086fe20   etext
c08728b0   _icv8x32fTab
c0873dd8   _icvSaturate8u
c08744a8   __ctypes_
c0874728   _icvDepthToType
c0875dd0   __ftable
c0875fb0   __tmpnams
c08760f0   __ft_end
c0876930   __cleanup_ptr
c0876934   __dtors_ptr
c0876938   ___TI_enable_exit_profile_output
c087693c   __lock
c0876940   __unlock
c0876958   ___cinit__
c0876958   cinit
c0877d08   __stack
c0878d08   __STACK_END
c0879018   $bss
c0879018   .bss
c0879018   ___bss__
c0879018   _icvCopy_8u_C2P2R_p
c087901c   _icvCopy_8u_C3P3R_p
c0879020   _icvCopy_8u_C4P4R_p
c0879024   _icvCopy_16s_C2P2R_p
c0879028   _icvCopy_16s_C3P3R_p
c087902c   _icvCopy_16s_C4P4R_p
c0879030   _icvCopy_32f_C2P2R_p
c0879034   _icvCopy_32f_C3P3R_p
c0879038   _icvCopy_32f_C4P4R_p
c087903c   _icvCopy_64f_C2P2R_p
c0879040   _icvCopy_64f_C3P3R_p
c0879044   _icvCopy_64f_C4P4R_p
c0879048   _icvCopy_8u_CnC1CR_p
c087904c   _icvCopy_16s_CnC1CR_p
c0879050   _icvCopy_32f_CnC1CR_p
c0879054   _icvCopy_64f_CnC1CR_p
c0879058   _icvCopy_8u_P2C2R_p
c087905c   _icvCopy_8u_P3C3R_p
c0879060   _icvCopy_8u_P4C4R_p
c0879064   _icvCopy_16s_P2C2R_p
c0879068   _icvCopy_16s_P3C3R_p
c087906c   _icvCopy_16s_P4C4R_p
c0879070   _icvCopy_32f_P2C2R_p
c0879074   _icvCopy_32f_P3C3R_p
c0879078   _icvCopy_32f_P4C4R_p
c087907c   _icvCopy_64f_P2C2R_p
c0879080   _icvCopy_64f_P3C3R_p
c0879084   _icvCopy_64f_P4C4R_p
c0879088   _icvCopy_8u_C1CnCR_p
c087908c   _icvCopy_16s_C1CnCR_p
c0879090   _icvCopy_32f_C1CnCR_p
c0879094   _icvCopy_64f_C1CnCR_p
c0879098   _icvCvt_32f64f_p
c087909c   _icvCvt_64f32f_p
c08790b0   _icvCopy_8u_C1R_p
c08790b4   _icvSet_8u_C1MR_p
c08790b8   _icvSet_16s_C1MR_p
c08790bc   _icvSet_8u_C3MR_p
c08790c0   _icvSet_8u_C4MR_p
c08790c4   _icvSet_16s_C3MR_p
c08790c8   _icvSet_16s_C4MR_p
c08790cc   _icvSet_32f_C3MR_p
c08790d0   _icvSet_32f_C4MR_p
c08790d4   _icvSet_64s_C3MR_p
c08790d8   _icvSet_64s_C4MR_p
c08790dc   _icvCopy_8u_C1MR_p
c08790e0   _icvCopy_16s_C1MR_p
c08790e4   _icvCopy_8u_C3MR_p
c08790e8   _icvCopy_8u_C4MR_p
c08790ec   _icvCopy_16s_C3MR_p
c08790f0   _icvCopy_16s_C4MR_p
c08790f4   _icvCopy_32f_C3MR_p
c08790f8   _icvCopy_32f_C4MR_p
c08790fc   _icvCopy_64s_C3MR_p
c0879100   _icvCopy_64s_C4MR_p
c0879104   _icvSetByte_8u_C1R_p
c0879114   _icvAdd_8u_C1R_p
c0879118   _icvAdd_16u_C1R_p
c087911c   _icvAdd_16s_C1R_p
c0879120   _icvAdd_32s_C1R_p
c0879124   _icvAdd_32f_C1R_p
c0879128   _icvAdd_64f_C1R_p
c087912c   _icvSub_8u_C1R_p
c0879130   _icvSub_16u_C1R_p
c0879134   _icvSub_16s_C1R_p
c0879138   _icvSub_32s_C1R_p
c087913c   _icvSub_32f_C1R_p
c0879140   _icvSub_64f_C1R_p
c0879168   __CIOBUF_
c0879168   ___end__
c0879168   end
ffffffff   ___TI_pprof_out_hndl
ffffffff   ___TI_prof_data_size
ffffffff   ___TI_prof_data_start
ffffffff   ___binit__
ffffffff   ___c_args__
ffffffff   ___pinit__
ffffffff   binit
ffffffff   pinit

[408 symbols]
