<?xml version="1.0"?>
<link_info>
   <banner>TMS320C6x Linker PC v7.4.4</banner>
   <copyright>Copyright (c) 1996-2013 Texas Instruments Incorporated</copyright>
   <link_time>0x6a0c724e</link_time>
   <output_file>Image_Transform.out</output_file>
   <entry_point>
      <name>_c_int00</name>
      <address>0xc0808700</address>
   </entry_point>
   <input_file_list>
      <input_file id="fl-2">
         <path>.\</path>
         <kind>object</kind>
         <file>main.obj</file>
         <name>main.obj</name>
      </input_file>
      <input_file id="fl-7">
         <path>..\</path>
         <kind>archive</kind>
         <file>image_transform.lib</file>
         <name>image_transform.obj</name>
      </input_file>
      <input_file id="fl-7f">
         <path>C:\ti\ccsv5\tools\compiler\c6000_7.4.4\lib\</path>
         <kind>archive</kind>
         <file>rts6740.lib</file>
         <name>boot.obj</name>
      </input_file>
      <input_file id="fl-80">
         <path>C:\ti\ccsv5\tools\compiler\c6000_7.4.4\lib\</path>
         <kind>archive</kind>
         <file>rts6740.lib</file>
         <name>cos.obj</name>
      </input_file>
      <input_file id="fl-81">
         <path>C:\ti\ccsv5\tools\compiler\c6000_7.4.4\lib\</path>
         <kind>archive</kind>
         <file>rts6740.lib</file>
         <name>exit.obj</name>
      </input_file>
      <input_file id="fl-82">
         <path>C:\ti\ccsv5\tools\compiler\c6000_7.4.4\lib\</path>
         <kind>archive</kind>
         <file>rts6740.lib</file>
         <name>fclose.obj</name>
      </input_file>
      <input_file id="fl-83">
         <path>C:\ti\ccsv5\tools\compiler\c6000_7.4.4\lib\</path>
         <kind>archive</kind>
         <file>rts6740.lib</file>
         <name>fflush.obj</name>
      </input_file>
      <input_file id="fl-84">
         <path>C:\ti\ccsv5\tools\compiler\c6000_7.4.4\lib\</path>
         <kind>archive</kind>
         <file>rts6740.lib</file>
         <name>fopen.obj</name>
      </input_file>
      <input_file id="fl-85">
         <path>C:\ti\ccsv5\tools\compiler\c6000_7.4.4\lib\</path>
         <kind>archive</kind>
         <file>rts6740.lib</file>
         <name>fread.obj</name>
      </input_file>
      <input_file id="fl-86">
         <path>C:\ti\ccsv5\tools\compiler\c6000_7.4.4\lib\</path>
         <kind>archive</kind>
         <file>rts6740.lib</file>
         <name>fseek.obj</name>
      </input_file>
      <input_file id="fl-87">
         <path>C:\ti\ccsv5\tools\compiler\c6000_7.4.4\lib\</path>
         <kind>archive</kind>
         <file>rts6740.lib</file>
         <name>fwrite.obj</name>
      </input_file>
      <input_file id="fl-88">
         <path>C:\ti\ccsv5\tools\compiler\c6000_7.4.4\lib\</path>
         <kind>archive</kind>
         <file>rts6740.lib</file>
         <name>lowlev.obj</name>
      </input_file>
      <input_file id="fl-89">
         <path>C:\ti\ccsv5\tools\compiler\c6000_7.4.4\lib\</path>
         <kind>archive</kind>
         <file>rts6740.lib</file>
         <name>memcpy64.obj</name>
      </input_file>
      <input_file id="fl-8a">
         <path>C:\ti\ccsv5\tools\compiler\c6000_7.4.4\lib\</path>
         <kind>archive</kind>
         <file>rts6740.lib</file>
         <name>memory.obj</name>
      </input_file>
      <input_file id="fl-8b">
         <path>C:\ti\ccsv5\tools\compiler\c6000_7.4.4\lib\</path>
         <kind>archive</kind>
         <file>rts6740.lib</file>
         <name>memset.obj</name>
      </input_file>
      <input_file id="fl-8c">
         <path>C:\ti\ccsv5\tools\compiler\c6000_7.4.4\lib\</path>
         <kind>archive</kind>
         <file>rts6740.lib</file>
         <name>modf.obj</name>
      </input_file>
      <input_file id="fl-8d">
         <path>C:\ti\ccsv5\tools\compiler\c6000_7.4.4\lib\</path>
         <kind>archive</kind>
         <file>rts6740.lib</file>
         <name>printf.obj</name>
      </input_file>
      <input_file id="fl-8e">
         <path>C:\ti\ccsv5\tools\compiler\c6000_7.4.4\lib\</path>
         <kind>archive</kind>
         <file>rts6740.lib</file>
         <name>remove.obj</name>
      </input_file>
      <input_file id="fl-8f">
         <path>C:\ti\ccsv5\tools\compiler\c6000_7.4.4\lib\</path>
         <kind>archive</kind>
         <file>rts6740.lib</file>
         <name>round.obj</name>
      </input_file>
      <input_file id="fl-90">
         <path>C:\ti\ccsv5\tools\compiler\c6000_7.4.4\lib\</path>
         <kind>archive</kind>
         <file>rts6740.lib</file>
         <name>sin.obj</name>
      </input_file>
      <input_file id="fl-91">
         <path>C:\ti\ccsv5\tools\compiler\c6000_7.4.4\lib\</path>
         <kind>archive</kind>
         <file>rts6740.lib</file>
         <name>sprintf.obj</name>
      </input_file>
      <input_file id="fl-92">
         <path>C:\ti\ccsv5\tools\compiler\c6000_7.4.4\lib\</path>
         <kind>archive</kind>
         <file>rts6740.lib</file>
         <name>strasg.obj</name>
      </input_file>
      <input_file id="fl-93">
         <path>C:\ti\ccsv5\tools\compiler\c6000_7.4.4\lib\</path>
         <kind>archive</kind>
         <file>rts6740.lib</file>
         <name>trgdrv.obj</name>
      </input_file>
      <input_file id="fl-94">
         <path>C:\ti\ccsv5\tools\compiler\c6000_7.4.4\lib\</path>
         <kind>archive</kind>
         <file>rts6740.lib</file>
         <name>trgmsg.obj</name>
      </input_file>
      <input_file id="fl-95">
         <path>C:\ti\ccsv5\tools\compiler\c6000_7.4.4\lib\</path>
         <kind>archive</kind>
         <file>rts6740.lib</file>
         <name>trunc.obj</name>
      </input_file>
      <input_file id="fl-96">
         <path>C:\ti\ccsv5\tools\compiler\c6000_7.4.4\lib\</path>
         <kind>archive</kind>
         <file>rts6740.lib</file>
         <name>_bufread.obj</name>
      </input_file>
      <input_file id="fl-97">
         <path>C:\ti\ccsv5\tools\compiler\c6000_7.4.4\lib\</path>
         <kind>archive</kind>
         <file>rts6740.lib</file>
         <name>_io_perm.obj</name>
      </input_file>
      <input_file id="fl-98">
         <path>C:\ti\ccsv5\tools\compiler\c6000_7.4.4\lib\</path>
         <kind>archive</kind>
         <file>rts6740.lib</file>
         <name>_lock.obj</name>
      </input_file>
      <input_file id="fl-99">
         <path>C:\ti\ccsv5\tools\compiler\c6000_7.4.4\lib\</path>
         <kind>archive</kind>
         <file>rts6740.lib</file>
         <name>_printfi.obj</name>
      </input_file>
      <input_file id="fl-9a">
         <path>C:\ti\ccsv5\tools\compiler\c6000_7.4.4\lib\</path>
         <kind>archive</kind>
         <file>rts6740.lib</file>
         <name>args_main.obj</name>
      </input_file>
      <input_file id="fl-9b">
         <path>C:\ti\ccsv5\tools\compiler\c6000_7.4.4\lib\</path>
         <kind>archive</kind>
         <file>rts6740.lib</file>
         <name>atoi.obj</name>
      </input_file>
      <input_file id="fl-9c">
         <path>C:\ti\ccsv5\tools\compiler\c6000_7.4.4\lib\</path>
         <kind>archive</kind>
         <file>rts6740.lib</file>
         <name>autoinit.obj</name>
      </input_file>
      <input_file id="fl-9d">
         <path>C:\ti\ccsv5\tools\compiler\c6000_7.4.4\lib\</path>
         <kind>archive</kind>
         <file>rts6740.lib</file>
         <name>cpp_init.obj</name>
      </input_file>
      <input_file id="fl-9e">
         <path>C:\ti\ccsv5\tools\compiler\c6000_7.4.4\lib\</path>
         <kind>archive</kind>
         <file>rts6740.lib</file>
         <name>cpy_tbl.obj</name>
      </input_file>
      <input_file id="fl-9f">
         <path>C:\ti\ccsv5\tools\compiler\c6000_7.4.4\lib\</path>
         <kind>archive</kind>
         <file>rts6740.lib</file>
         <name>ctype.obj</name>
      </input_file>
      <input_file id="fl-a0">
         <path>C:\ti\ccsv5\tools\compiler\c6000_7.4.4\lib\</path>
         <kind>archive</kind>
         <file>rts6740.lib</file>
         <name>defs.obj</name>
      </input_file>
      <input_file id="fl-a1">
         <path>C:\ti\ccsv5\tools\compiler\c6000_7.4.4\lib\</path>
         <kind>archive</kind>
         <file>rts6740.lib</file>
         <name>divd.obj</name>
      </input_file>
      <input_file id="fl-a2">
         <path>C:\ti\ccsv5\tools\compiler\c6000_7.4.4\lib\</path>
         <kind>archive</kind>
         <file>rts6740.lib</file>
         <name>divu.obj</name>
      </input_file>
      <input_file id="fl-a3">
         <path>C:\ti\ccsv5\tools\compiler\c6000_7.4.4\lib\</path>
         <kind>archive</kind>
         <file>rts6740.lib</file>
         <name>fixdli.obj</name>
      </input_file>
      <input_file id="fl-a4">
         <path>C:\ti\ccsv5\tools\compiler\c6000_7.4.4\lib\</path>
         <kind>archive</kind>
         <file>rts6740.lib</file>
         <name>fltlid.obj</name>
      </input_file>
      <input_file id="fl-a5">
         <path>C:\ti\ccsv5\tools\compiler\c6000_7.4.4\lib\</path>
         <kind>archive</kind>
         <file>rts6740.lib</file>
         <name>fputc.obj</name>
      </input_file>
      <input_file id="fl-a6">
         <path>C:\ti\ccsv5\tools\compiler\c6000_7.4.4\lib\</path>
         <kind>archive</kind>
         <file>rts6740.lib</file>
         <name>fputs.obj</name>
      </input_file>
      <input_file id="fl-a7">
         <path>C:\ti\ccsv5\tools\compiler\c6000_7.4.4\lib\</path>
         <kind>archive</kind>
         <file>rts6740.lib</file>
         <name>frcmpyd_div.obj</name>
      </input_file>
      <input_file id="fl-a8">
         <path>C:\ti\ccsv5\tools\compiler\c6000_7.4.4\lib\</path>
         <kind>archive</kind>
         <file>rts6740.lib</file>
         <name>imath40.obj</name>
      </input_file>
      <input_file id="fl-a9">
         <path>C:\ti\ccsv5\tools\compiler\c6000_7.4.4\lib\</path>
         <kind>archive</kind>
         <file>rts6740.lib</file>
         <name>imath64.obj</name>
      </input_file>
      <input_file id="fl-aa">
         <path>C:\ti\ccsv5\tools\compiler\c6000_7.4.4\lib\</path>
         <kind>archive</kind>
         <file>rts6740.lib</file>
         <name>isinf.obj</name>
      </input_file>
      <input_file id="fl-ab">
         <path>C:\ti\ccsv5\tools\compiler\c6000_7.4.4\lib\</path>
         <kind>archive</kind>
         <file>rts6740.lib</file>
         <name>llshift.obj</name>
      </input_file>
      <input_file id="fl-ac">
         <path>C:\ti\ccsv5\tools\compiler\c6000_7.4.4\lib\</path>
         <kind>archive</kind>
         <file>rts6740.lib</file>
         <name>ltoa.obj</name>
      </input_file>
      <input_file id="fl-ad">
         <path>C:\ti\ccsv5\tools\compiler\c6000_7.4.4\lib\</path>
         <kind>archive</kind>
         <file>rts6740.lib</file>
         <name>memccpy.obj</name>
      </input_file>
      <input_file id="fl-ae">
         <path>C:\ti\ccsv5\tools\compiler\c6000_7.4.4\lib\</path>
         <kind>archive</kind>
         <file>rts6740.lib</file>
         <name>negll.obj</name>
      </input_file>
      <input_file id="fl-af">
         <path>C:\ti\ccsv5\tools\compiler\c6000_7.4.4\lib\</path>
         <kind>archive</kind>
         <file>rts6740.lib</file>
         <name>setvbuf.obj</name>
      </input_file>
      <input_file id="fl-b0">
         <path>C:\ti\ccsv5\tools\compiler\c6000_7.4.4\lib\</path>
         <kind>archive</kind>
         <file>rts6740.lib</file>
         <name>abs.obj</name>
      </input_file>
   </input_file_list>
   <object_component_list>
      <object_component id="oc-da">
         <name>.text</name>
         <load_address>0xc0800000</load_address>
         <run_address>0xc0800000</run_address>
         <size>0x18c0</size>
         <input_file_ref idref="fl-7"/>
      </object_component>
      <object_component id="oc-11c">
         <name>.text:__divd</name>
         <load_address>0xc08018c0</load_address>
         <run_address>0xc08018c0</run_address>
         <size>0x5a0</size>
         <input_file_ref idref="fl-a1"/>
      </object_component>
      <object_component id="oc-111">
         <name>.text:__getarg_diouxp</name>
         <load_address>0xc0801e60</load_address>
         <run_address>0xc0801e60</run_address>
         <size>0x580</size>
         <input_file_ref idref="fl-99"/>
      </object_component>
      <object_component id="oc-e4">
         <name>.text:_fwrite</name>
         <load_address>0xc08023e0</load_address>
         <run_address>0xc08023e0</run_address>
         <size>0x4c0</size>
         <input_file_ref idref="fl-87"/>
      </object_component>
      <object_component id="oc-dd">
         <name>.text:__printfi</name>
         <load_address>0xc08028a0</load_address>
         <run_address>0xc08028a0</run_address>
         <size>0x440</size>
         <input_file_ref idref="fl-99"/>
      </object_component>
      <object_component id="oc-ed">
         <name>.text:__setfield</name>
         <load_address>0xc0802ce0</load_address>
         <run_address>0xc0802ce0</run_address>
         <size>0x440</size>
         <input_file_ref idref="fl-99"/>
      </object_component>
      <object_component id="oc-ea">
         <name>.text:_fputs</name>
         <load_address>0xc0803120</load_address>
         <run_address>0xc0803120</run_address>
         <size>0x3a0</size>
         <input_file_ref idref="fl-a6"/>
      </object_component>
      <object_component id="oc-102">
         <name>.text:__pproc_fge</name>
         <load_address>0xc08034c0</load_address>
         <run_address>0xc08034c0</run_address>
         <size>0x320</size>
         <input_file_ref idref="fl-99"/>
      </object_component>
      <object_component id="oc-e6">
         <name>.text:_cos</name>
         <load_address>0xc08037e0</load_address>
         <run_address>0xc08037e0</run_address>
         <size>0x2e0</size>
         <input_file_ref idref="fl-80"/>
      </object_component>
      <object_component id="oc-ec">
         <name>.text:__pproc_fwp</name>
         <load_address>0xc0803ac0</load_address>
         <run_address>0xc0803ac0</run_address>
         <size>0x2c0</size>
         <input_file_ref idref="fl-99"/>
      </object_component>
      <object_component id="oc-e0">
         <name>.text:_fread</name>
         <load_address>0xc0803d80</load_address>
         <run_address>0xc0803d80</run_address>
         <size>0x2c0</size>
         <input_file_ref idref="fl-85"/>
      </object_component>
      <object_component id="oc-117">
         <name>.text:_ecvt</name>
         <load_address>0xc0804040</load_address>
         <run_address>0xc0804040</run_address>
         <size>0x2a0</size>
         <input_file_ref idref="fl-99"/>
      </object_component>
      <object_component id="oc-11a">
         <name>.text:_fcvt</name>
         <load_address>0xc08042e0</load_address>
         <run_address>0xc08042e0</run_address>
         <size>0x2a0</size>
         <input_file_ref idref="fl-99"/>
      </object_component>
      <object_component id="oc-108">
         <name>.text:_free</name>
         <load_address>0xc0804580</load_address>
         <run_address>0xc0804580</run_address>
         <size>0x280</size>
         <input_file_ref idref="fl-8a"/>
      </object_component>
      <object_component id="oc-e7">
         <name>.text:_sin</name>
         <load_address>0xc0804800</load_address>
         <run_address>0xc0804800</run_address>
         <size>0x280</size>
         <input_file_ref idref="fl-90"/>
      </object_component>
      <object_component id="oc-125">
         <name>.text:__divull</name>
         <load_address>0xc0804a80</load_address>
         <run_address>0xc0804a80</run_address>
         <size>0x260</size>
         <input_file_ref idref="fl-a9"/>
      </object_component>
      <object_component id="oc-110">
         <name>.text:__pconv_e</name>
         <load_address>0xc0804ce0</load_address>
         <run_address>0xc0804ce0</run_address>
         <size>0x260</size>
         <input_file_ref idref="fl-99"/>
      </object_component>
      <object_component id="oc-103">
         <name>.text:__pproc_diouxp</name>
         <load_address>0xc0804f40</load_address>
         <run_address>0xc0804f40</run_address>
         <size>0x240</size>
         <input_file_ref idref="fl-99"/>
      </object_component>
      <object_component id="oc-ee">
         <name>.text:__pproc_str</name>
         <load_address>0xc0805180</load_address>
         <run_address>0xc0805180</run_address>
         <size>0x220</size>
         <input_file_ref idref="fl-99"/>
      </object_component>
      <object_component id="oc-ef">
         <name>.text:_fputc</name>
         <load_address>0xc08053a0</load_address>
         <run_address>0xc08053a0</run_address>
         <size>0x220</size>
         <input_file_ref idref="fl-a5"/>
      </object_component>
      <object_component id="oc-10e">
         <name>.text:__pconv_g</name>
         <load_address>0xc08055c0</load_address>
         <run_address>0xc08055c0</run_address>
         <size>0x200</size>
         <input_file_ref idref="fl-99"/>
      </object_component>
      <object_component id="oc-107">
         <name>.text:_setvbuf</name>
         <load_address>0xc08057c0</load_address>
         <run_address>0xc08057c0</run_address>
         <size>0x200</size>
         <input_file_ref idref="fl-af"/>
      </object_component>
      <object_component id="oc-d5">
         <name>.text</name>
         <load_address>0xc08059c0</load_address>
         <run_address>0xc08059c0</run_address>
         <size>0x200</size>
         <input_file_ref idref="fl-2"/>
      </object_component>
      <object_component id="oc-119">
         <name>.text:__mcpy</name>
         <load_address>0xc0805bc0</load_address>
         <run_address>0xc0805bc0</run_address>
         <size>0x1c0</size>
         <input_file_ref idref="fl-99"/>
      </object_component>
      <object_component id="oc-f1">
         <name>.text:__openfile</name>
         <load_address>0xc0805d80</load_address>
         <run_address>0xc0805d80</run_address>
         <size>0x1c0</size>
         <input_file_ref idref="fl-84"/>
      </object_component>
      <object_component id="oc-124">
         <name>.text:__divul</name>
         <load_address>0xc0805f40</load_address>
         <run_address>0xc0805f40</run_address>
         <size>0x1a0</size>
         <input_file_ref idref="fl-a8"/>
      </object_component>
      <object_component id="oc-d0">
         <name>.text:_HOSTrename</name>
         <load_address>0xc08060e0</load_address>
         <run_address>0xc08060e0</run_address>
         <size>0x180</size>
         <input_file_ref idref="fl-93"/>
      </object_component>
      <object_component id="oc-e1">
         <name>.text:_malloc</name>
         <load_address>0xc0806260</load_address>
         <run_address>0xc0806260</run_address>
         <size>0x180</size>
         <input_file_ref idref="fl-8a"/>
      </object_component>
      <object_component id="oc-106">
         <name>.text:_open</name>
         <load_address>0xc08063e0</load_address>
         <run_address>0xc08063e0</run_address>
         <size>0x180</size>
         <input_file_ref idref="fl-88"/>
      </object_component>
      <object_component id="oc-eb">
         <name>.text:__pproc_fflags</name>
         <load_address>0xc0806560</load_address>
         <run_address>0xc0806560</run_address>
         <size>0x140</size>
         <input_file_ref idref="fl-99"/>
      </object_component>
      <object_component id="oc-115">
         <name>.text:_getdevice</name>
         <load_address>0xc08066a0</load_address>
         <run_address>0xc08066a0</run_address>
         <size>0x140</size>
         <input_file_ref idref="fl-88"/>
      </object_component>
      <object_component id="oc-f3">
         <name>.text:__buff_read</name>
         <load_address>0xc08067e0</load_address>
         <run_address>0xc08067e0</run_address>
         <size>0x120</size>
         <input_file_ref idref="fl-96"/>
      </object_component>
      <object_component id="oc-f8">
         <name>.text:__closefile</name>
         <load_address>0xc0806900</load_address>
         <run_address>0xc0806900</run_address>
         <size>0x120</size>
         <input_file_ref idref="fl-82"/>
      </object_component>
      <object_component id="oc-113">
         <name>.text:__ltostr</name>
         <load_address>0xc0806a20</load_address>
         <run_address>0xc0806a20</run_address>
         <size>0x120</size>
         <input_file_ref idref="fl-99"/>
      </object_component>
      <object_component id="oc-f0">
         <name>.text:__search_fp</name>
         <load_address>0xc0806b40</load_address>
         <run_address>0xc0806b40</run_address>
         <size>0x120</size>
         <input_file_ref idref="fl-84"/>
      </object_component>
      <object_component id="oc-e5">
         <name>.text:_fseek</name>
         <load_address>0xc0806c60</load_address>
         <run_address>0xc0806c60</run_address>
         <size>0x120</size>
         <input_file_ref idref="fl-86"/>
      </object_component>
      <object_component id="oc-ce">
         <name>.text:_HOSTlseek</name>
         <load_address>0xc0806d80</load_address>
         <run_address>0xc0806d80</run_address>
         <size>0x100</size>
         <input_file_ref idref="fl-93"/>
      </object_component>
      <object_component id="oc-f9">
         <name>.text:__wrt_ok</name>
         <load_address>0xc0806e80</load_address>
         <run_address>0xc0806e80</run_address>
         <size>0x100</size>
         <input_file_ref idref="fl-97"/>
      </object_component>
      <object_component id="oc-ca">
         <name>.text:_HOSTopen</name>
         <load_address>0xc0806f80</load_address>
         <run_address>0xc0806f80</run_address>
         <size>0xe0</size>
         <input_file_ref idref="fl-93"/>
      </object_component>
      <object_component id="oc-101">
         <name>.text:_atoi</name>
         <load_address>0xc0807060</load_address>
         <run_address>0xc0807060</run_address>
         <size>0xe0</size>
         <input_file_ref idref="fl-9b"/>
      </object_component>
      <object_component id="oc-109">
         <name>.text:_close</name>
         <load_address>0xc0807140</load_address>
         <run_address>0xc0807140</run_address>
         <size>0xe0</size>
         <input_file_ref idref="fl-88"/>
      </object_component>
      <object_component id="oc-100">
         <name>.text:_memset</name>
         <load_address>0xc0807220</load_address>
         <run_address>0xc0807220</run_address>
         <size>0xe0</size>
         <input_file_ref idref="fl-8b"/>
      </object_component>
      <object_component id="oc-d9">
         <name>.text:_printf</name>
         <load_address>0xc0807300</load_address>
         <run_address>0xc0807300</run_address>
         <size>0xe0</size>
         <input_file_ref idref="fl-8d"/>
      </object_component>
      <object_component id="oc-cc">
         <name>.text:_HOSTread</name>
         <load_address>0xc08073e0</load_address>
         <run_address>0xc08073e0</run_address>
         <size>0xc0</size>
         <input_file_ref idref="fl-93"/>
      </object_component>
      <object_component id="oc-cf">
         <name>.text:_HOSTunlink</name>
         <load_address>0xc08074a0</load_address>
         <run_address>0xc08074a0</run_address>
         <size>0xc0</size>
         <input_file_ref idref="fl-93"/>
      </object_component>
      <object_component id="oc-cd">
         <name>.text:_HOSTwrite</name>
         <load_address>0xc0807560</load_address>
         <run_address>0xc0807560</run_address>
         <size>0xc0</size>
         <input_file_ref idref="fl-93"/>
      </object_component>
      <object_component id="oc-c7">
         <name>.text:__auto_init</name>
         <load_address>0xc0807620</load_address>
         <run_address>0xc0807620</run_address>
         <size>0xc0</size>
         <input_file_ref idref="fl-9c"/>
      </object_component>
      <object_component id="oc-11d">
         <name>.text:__div</name>
         <load_address>0xc08076e0</load_address>
         <run_address>0xc08076e0</run_address>
         <size>0xc0</size>
         <input_file_ref idref="fl-99"/>
      </object_component>
      <object_component id="oc-f4">
         <name>.text:__divu</name>
         <load_address>0xc08077a0</load_address>
         <run_address>0xc08077a0</run_address>
         <size>0xc0</size>
         <input_file_ref idref="fl-a2"/>
      </object_component>
      <object_component id="oc-fa">
         <name>.text:__doflush</name>
         <load_address>0xc0807860</load_address>
         <run_address>0xc0807860</run_address>
         <size>0xc0</size>
         <input_file_ref idref="fl-83"/>
      </object_component>
      <object_component id="oc-f2">
         <name>.text:__rd_ok</name>
         <load_address>0xc0807920</load_address>
         <run_address>0xc0807920</run_address>
         <size>0xc0</size>
         <input_file_ref idref="fl-97"/>
      </object_component>
      <object_component id="oc-c9">
         <name>.text:_exit</name>
         <load_address>0xc08079e0</load_address>
         <run_address>0xc08079e0</run_address>
         <size>0xc0</size>
         <input_file_ref idref="fl-81"/>
      </object_component>
      <object_component id="oc-120">
         <name>.text:_ltoa</name>
         <load_address>0xc0807aa0</load_address>
         <run_address>0xc0807aa0</run_address>
         <size>0xc0</size>
         <input_file_ref idref="fl-ac"/>
      </object_component>
      <object_component id="oc-cb">
         <name>.text:_HOSTclose</name>
         <load_address>0xc0807b60</load_address>
         <run_address>0xc0807b60</run_address>
         <size>0xa0</size>
         <input_file_ref idref="fl-93"/>
      </object_component>
      <object_component id="oc-105">
         <name>.text:__cleanup</name>
         <load_address>0xc0807c00</load_address>
         <run_address>0xc0807c00</run_address>
         <size>0xa0</size>
         <input_file_ref idref="fl-84"/>
      </object_component>
      <object_component id="oc-127">
         <name>.text:__divli</name>
         <load_address>0xc0807ca0</load_address>
         <run_address>0xc0807ca0</run_address>
         <size>0xa0</size>
         <input_file_ref idref="fl-a8"/>
      </object_component>
      <object_component id="oc-118">
         <name>.text:__ecpy</name>
         <load_address>0xc0807d40</load_address>
         <run_address>0xc0807d40</run_address>
         <size>0xa0</size>
         <input_file_ref idref="fl-99"/>
      </object_component>
      <object_component id="oc-11b">
         <name>.text:__fcpy</name>
         <load_address>0xc0807de0</load_address>
         <run_address>0xc0807de0</run_address>
         <size>0xa0</size>
         <input_file_ref idref="fl-99"/>
      </object_component>
      <object_component id="oc-11f">
         <name>.text:__fixdli</name>
         <load_address>0xc0807e80</load_address>
         <run_address>0xc0807e80</run_address>
         <size>0xa0</size>
         <input_file_ref idref="fl-a3"/>
      </object_component>
      <object_component id="oc-fe">
         <name>.text:__nround</name>
         <load_address>0xc0807f20</load_address>
         <run_address>0xc0807f20</run_address>
         <size>0xa0</size>
         <input_file_ref idref="fl-8f"/>
      </object_component>
      <object_component id="oc-10f">
         <name>.text:__pconv_f</name>
         <load_address>0xc0807fc0</load_address>
         <run_address>0xc0807fc0</run_address>
         <size>0xa0</size>
         <input_file_ref idref="fl-99"/>
      </object_component>
      <object_component id="oc-d2">
         <name>.text:_copy_in</name>
         <load_address>0xc0808060</load_address>
         <run_address>0xc0808060</run_address>
         <size>0xa0</size>
         <input_file_ref idref="fl-9e"/>
      </object_component>
      <object_component id="oc-11e">
         <name>.text:_finddevice</name>
         <load_address>0xc0808100</load_address>
         <run_address>0xc0808100</run_address>
         <size>0xa0</size>
         <input_file_ref idref="fl-88"/>
      </object_component>
      <object_component id="oc-fc">
         <name>.text:_lseek</name>
         <load_address>0xc08081a0</load_address>
         <run_address>0xc08081a0</run_address>
         <size>0xa0</size>
         <input_file_ref idref="fl-88"/>
      </object_component>
      <object_component id="oc-d3">
         <name>.text:_memcpy</name>
         <load_address>0xc0808240</load_address>
         <run_address>0xc0808240</run_address>
         <size>0xa0</size>
         <input_file_ref idref="fl-89"/>
      </object_component>
      <object_component id="oc-f7">
         <name>.text:_minsert</name>
         <load_address>0xc08082e0</load_address>
         <run_address>0xc08082e0</run_address>
         <size>0xa0</size>
         <input_file_ref idref="fl-8a"/>
      </object_component>
      <object_component id="oc-ff">
         <name>.text:_modf</name>
         <load_address>0xc0808380</load_address>
         <run_address>0xc0808380</run_address>
         <size>0xa0</size>
         <input_file_ref idref="fl-8c"/>
      </object_component>
      <object_component id="oc-f6">
         <name>.text:_mremove</name>
         <load_address>0xc0808420</load_address>
         <run_address>0xc0808420</run_address>
         <size>0xa0</size>
         <input_file_ref idref="fl-8a"/>
      </object_component>
      <object_component id="oc-f5">
         <name>.text:_read</name>
         <load_address>0xc08084c0</load_address>
         <run_address>0xc08084c0</run_address>
         <size>0xa0</size>
         <input_file_ref idref="fl-88"/>
      </object_component>
      <object_component id="oc-fb">
         <name>.text:_write</name>
         <load_address>0xc0808560</load_address>
         <run_address>0xc0808560</run_address>
         <size>0xa0</size>
         <input_file_ref idref="fl-88"/>
      </object_component>
      <object_component id="oc-121">
         <name>.text:__fltlid</name>
         <load_address>0xc0808600</load_address>
         <run_address>0xc0808600</run_address>
         <size>0x80</size>
         <input_file_ref idref="fl-a4"/>
      </object_component>
      <object_component id="oc-128">
         <name>.text:__llshl</name>
         <load_address>0xc0808680</load_address>
         <run_address>0xc0808680</run_address>
         <size>0x80</size>
         <input_file_ref idref="fl-ab"/>
      </object_component>
      <object_component id="oc-10">
         <name>.text:_c_int00</name>
         <load_address>0xc0808700</load_address>
         <run_address>0xc0808700</run_address>
         <size>0x80</size>
         <input_file_ref idref="fl-7f"/>
      </object_component>
      <object_component id="oc-d8">
         <name>.text:_readmsg</name>
         <load_address>0xc0808780</load_address>
         <run_address>0xc0808780</run_address>
         <size>0x80</size>
         <input_file_ref idref="fl-94"/>
      </object_component>
      <object_component id="oc-116">
         <name>.text:_unlink</name>
         <load_address>0xc0808800</load_address>
         <run_address>0xc0808800</run_address>
         <size>0x80</size>
         <input_file_ref idref="fl-88"/>
      </object_component>
      <object_component id="oc-d4">
         <name>.text:___TI_cpp_init</name>
         <load_address>0xc0808880</load_address>
         <run_address>0xc0808880</run_address>
         <size>0x60</size>
         <input_file_ref idref="fl-9d"/>
      </object_component>
      <object_component id="oc-129">
         <name>.text:__subcull</name>
         <load_address>0xc08088e0</load_address>
         <run_address>0xc08088e0</run_address>
         <size>0x60</size>
         <input_file_ref idref="fl-a9"/>
      </object_component>
      <object_component id="oc-e2">
         <name>.text:_fclose</name>
         <load_address>0xc0808940</load_address>
         <run_address>0xc0808940</run_address>
         <size>0x60</size>
         <input_file_ref idref="fl-82"/>
      </object_component>
      <object_component id="oc-df">
         <name>.text:_fopen</name>
         <load_address>0xc08089a0</load_address>
         <run_address>0xc08089a0</run_address>
         <size>0x60</size>
         <input_file_ref idref="fl-84"/>
      </object_component>
      <object_component id="oc-104">
         <name>.text:_memccpy</name>
         <load_address>0xc0808a00</load_address>
         <run_address>0xc0808a00</run_address>
         <size>0x60</size>
         <input_file_ref idref="fl-ad"/>
      </object_component>
      <object_component id="oc-db">
         <name>.text:_sprintf</name>
         <load_address>0xc0808a60</load_address>
         <run_address>0xc0808a60</run_address>
         <size>0x60</size>
         <input_file_ref idref="fl-91"/>
      </object_component>
      <object_component id="oc-114">
         <name>.text:_tabinit</name>
         <load_address>0xc0808ac0</load_address>
         <run_address>0xc0808ac0</run_address>
         <size>0x60</size>
         <input_file_ref idref="fl-88"/>
      </object_component>
      <object_component id="oc-d7">
         <name>.text:_writemsg</name>
         <load_address>0xc0808b20</load_address>
         <run_address>0xc0808b20</run_address>
         <size>0x60</size>
         <input_file_ref idref="fl-94"/>
      </object_component>
      <object_component id="oc-10d">
         <name>.text:___isinf</name>
         <load_address>0xc0808b80</load_address>
         <run_address>0xc0808b80</run_address>
         <size>0x40</size>
         <input_file_ref idref="fl-aa"/>
      </object_component>
      <object_component id="oc-10c">
         <name>.text:___isnan</name>
         <load_address>0xc0808bc0</load_address>
         <run_address>0xc0808bc0</run_address>
         <size>0x40</size>
         <input_file_ref idref="fl-99"/>
      </object_component>
      <object_component id="oc-c8">
         <name>.text:__args_main</name>
         <load_address>0xc0808c00</load_address>
         <run_address>0xc0808c00</run_address>
         <size>0x40</size>
         <input_file_ref idref="fl-9a"/>
      </object_component>
      <object_component id="oc-123">
         <name>.text:__frcmpyd_div</name>
         <load_address>0xc0808c40</load_address>
         <run_address>0xc0808c40</run_address>
         <size>0x40</size>
         <input_file_ref idref="fl-a7"/>
      </object_component>
      <object_component id="oc-122">
         <name>.text:__llshru</name>
         <load_address>0xc0808c80</load_address>
         <run_address>0xc0808c80</run_address>
         <size>0x40</size>
         <input_file_ref idref="fl-ab"/>
      </object_component>
      <object_component id="oc-e9">
         <name>.text:__outs</name>
         <load_address>0xc0808cc0</load_address>
         <run_address>0xc0808cc0</run_address>
         <size>0x40</size>
         <input_file_ref idref="fl-91"/>
      </object_component>
      <object_component id="oc-126">
         <name>.text:__remli</name>
         <load_address>0xc0808d00</load_address>
         <run_address>0xc0808d00</run_address>
         <size>0x40</size>
         <input_file_ref idref="fl-a8"/>
      </object_component>
      <object_component id="oc-e3">
         <name>.text:__strasgi_64plus</name>
         <load_address>0xc0808d40</load_address>
         <run_address>0xc0808d40</run_address>
         <size>0x40</size>
         <input_file_ref idref="fl-92"/>
      </object_component>
      <object_component id="oc-112">
         <name>.text:__negll</name>
         <load_address>0xc0808d80</load_address>
         <run_address>0xc0808d80</run_address>
         <size>0x20</size>
         <input_file_ref idref="fl-ae"/>
      </object_component>
      <object_component id="oc-d1">
         <name>.text:__nop</name>
         <load_address>0xc0808da0</load_address>
         <run_address>0xc0808da0</run_address>
         <size>0x20</size>
         <input_file_ref idref="fl-98"/>
      </object_component>
      <object_component id="oc-de">
         <name>.text:__outc</name>
         <load_address>0xc0808dc0</load_address>
         <run_address>0xc0808dc0</run_address>
         <size>0x20</size>
         <input_file_ref idref="fl-8d"/>
      </object_component>
      <object_component id="oc-e8">
         <name>.text:__outc</name>
         <load_address>0xc0808de0</load_address>
         <run_address>0xc0808de0</run_address>
         <size>0x20</size>
         <input_file_ref idref="fl-91"/>
      </object_component>
      <object_component id="oc-dc">
         <name>.text:__outs</name>
         <load_address>0xc0808e00</load_address>
         <run_address>0xc0808e00</run_address>
         <size>0x20</size>
         <input_file_ref idref="fl-8d"/>
      </object_component>
      <object_component id="oc-fd">
         <name>.text:__trunc</name>
         <load_address>0xc0808e20</load_address>
         <run_address>0xc0808e20</run_address>
         <size>0x20</size>
         <input_file_ref idref="fl-95"/>
      </object_component>
      <object_component id="oc-d6">
         <name>.text:_abort</name>
         <load_address>0xc0808e40</load_address>
         <run_address>0xc0808e40</run_address>
         <size>0x20</size>
         <input_file_ref idref="fl-81"/>
      </object_component>
      <object_component id="oc-10a">
         <name>.text:_remove</name>
         <load_address>0xc0808e60</load_address>
         <run_address>0xc0808e60</run_address>
         <size>0x20</size>
         <input_file_ref idref="fl-8e"/>
      </object_component>
      <object_component id="oc-1e">
         <name>.stack</name>
         <uninitialized>true</uninitialized>
         <run_address>0xc0808e80</run_address>
         <size>0x8</size>
         <input_file_ref idref="fl-7f"/>
      </object_component>
      <object_component id="oc-141">
         <name>.stack</name>
         <uninitialized>true</uninitialized>
         <run_address>0xc0808e80</run_address>
         <size>0x0</size>
      </object_component>
      <object_component id="oc-16">
         <name>.bss</name>
         <uninitialized>true</uninitialized>
         <run_address>0xc080ace4</run_address>
         <size>0x4</size>
         <input_file_ref idref="fl-7"/>
      </object_component>
      <object_component id="oc-6c">
         <name>.cio</name>
         <uninitialized>true</uninitialized>
         <run_address>0xc080ace8</run_address>
         <size>0x120</size>
         <input_file_ref idref="fl-94"/>
      </object_component>
      <object_component id="oc-12">
         <name>.const:.string</name>
         <load_address>0xc080a770</load_address>
         <run_address>0xc080a770</run_address>
         <size>0x210</size>
         <input_file_ref idref="fl-2"/>
      </object_component>
      <object_component id="oc-10b">
         <name>.const:.string:__ctypes_</name>
         <load_address>0xc080a980</load_address>
         <run_address>0xc080a980</run_address>
         <size>0x101</size>
         <input_file_ref idref="fl-9f"/>
      </object_component>
      <object_component id="oc-a6">
         <name>.const:.string</name>
         <load_address>0xc080aa81</load_address>
         <run_address>0xc080aa81</run_address>
         <size>0x2</size>
         <input_file_ref idref="fl-a6"/>
      </object_component>
      <object_component id="oc-19">
         <name>.const:.string</name>
         <load_address>0xc080aa84</load_address>
         <run_address>0xc080aa84</run_address>
         <size>0x58</size>
         <input_file_ref idref="fl-7"/>
      </object_component>
      <object_component id="oc-7e">
         <name>.const:.string</name>
         <load_address>0xc080aadc</load_address>
         <run_address>0xc080aadc</run_address>
         <size>0x23</size>
         <input_file_ref idref="fl-99"/>
      </object_component>
      <object_component id="oc-4a">
         <name>.sysmem</name>
         <uninitialized>true</uninitialized>
         <run_address>0xc0000000</run_address>
         <size>0x8</size>
         <input_file_ref idref="fl-8a"/>
      </object_component>
      <object_component id="oc-142">
         <name>.sysmem</name>
         <uninitialized>true</uninitialized>
         <run_address>0xc0000000</run_address>
         <size>0x0</size>
      </object_component>
      <object_component id="oc-18">
         <name>.far</name>
         <uninitialized>true</uninitialized>
         <run_address>0xc0809e80</run_address>
         <size>0x400</size>
         <input_file_ref idref="fl-7"/>
      </object_component>
      <object_component id="oc-23">
         <name>.far</name>
         <uninitialized>true</uninitialized>
         <run_address>0xc080a6c8</run_address>
         <size>0x40</size>
         <input_file_ref idref="fl-80"/>
      </object_component>
      <object_component id="oc-28">
         <name>.far</name>
         <uninitialized>true</uninitialized>
         <run_address>0xc080a748</run_address>
         <size>0xc</size>
         <input_file_ref idref="fl-81"/>
      </object_component>
      <object_component id="oc-33">
         <name>.far</name>
         <uninitialized>true</uninitialized>
         <run_address>0xc080a5a4</run_address>
         <size>0x4</size>
         <input_file_ref idref="fl-84"/>
      </object_component>
      <object_component id="oc-41">
         <name>.far</name>
         <uninitialized>true</uninitialized>
         <run_address>0xc080a5a8</run_address>
         <size>0x11c</size>
         <input_file_ref idref="fl-88"/>
      </object_component>
      <object_component id="oc-49">
         <name>.far</name>
         <uninitialized>true</uninitialized>
         <run_address>0xc080a75c</run_address>
         <size>0x8</size>
         <input_file_ref idref="fl-8a"/>
      </object_component>
      <object_component id="oc-5e">
         <name>.far</name>
         <uninitialized>true</uninitialized>
         <run_address>0xc080a708</run_address>
         <size>0x40</size>
         <input_file_ref idref="fl-90"/>
      </object_component>
      <object_component id="oc-68">
         <name>.far</name>
         <uninitialized>true</uninitialized>
         <run_address>0xc080a768</run_address>
         <size>0x8</size>
         <input_file_ref idref="fl-93"/>
      </object_component>
      <object_component id="oc-7a">
         <name>.far</name>
         <uninitialized>true</uninitialized>
         <run_address>0xc080a754</run_address>
         <size>0x8</size>
         <input_file_ref idref="fl-98"/>
      </object_component>
      <object_component id="oc-94">
         <name>.far</name>
         <uninitialized>true</uninitialized>
         <run_address>0xc080a280</run_address>
         <size>0x324</size>
         <input_file_ref idref="fl-a0"/>
      </object_component>
      <object_component id="oc-93">
         <name>.cinit</name>
         <load_address>0xc080ab00</load_address>
         <run_address>0xc080ab00</run_address>
         <size>0x5c</size>
         <input_file_ref idref="fl-a0"/>
      </object_component>
      <object_component id="oc-40">
         <name>.cinit</name>
         <load_address>0xc080ab60</load_address>
         <run_address>0xc080ab60</run_address>
         <size>0x5c</size>
         <input_file_ref idref="fl-88"/>
      </object_component>
      <object_component id="oc-22">
         <name>.cinit</name>
         <load_address>0xc080abc0</load_address>
         <run_address>0xc080abc0</run_address>
         <size>0x48</size>
         <input_file_ref idref="fl-80"/>
      </object_component>
      <object_component id="oc-5d">
         <name>.cinit</name>
         <load_address>0xc080ac08</load_address>
         <run_address>0xc080ac08</run_address>
         <size>0x48</size>
         <input_file_ref idref="fl-90"/>
      </object_component>
      <object_component id="oc-27">
         <name>.cinit</name>
         <load_address>0xc080ac50</load_address>
         <run_address>0xc080ac50</run_address>
         <size>0x2c</size>
         <input_file_ref idref="fl-81"/>
      </object_component>
      <object_component id="oc-48">
         <name>.cinit</name>
         <load_address>0xc080ac80</load_address>
         <run_address>0xc080ac80</run_address>
         <size>0x2c</size>
         <input_file_ref idref="fl-8a"/>
      </object_component>
      <object_component id="oc-79">
         <name>.cinit</name>
         <load_address>0xc080acb0</load_address>
         <run_address>0xc080acb0</run_address>
         <size>0x1c</size>
         <input_file_ref idref="fl-98"/>
      </object_component>
      <object_component id="oc-32">
         <name>.cinit</name>
         <load_address>0xc080acd0</load_address>
         <run_address>0xc080acd0</run_address>
         <size>0xc</size>
         <input_file_ref idref="fl-84"/>
      </object_component>
      <object_component id="oc-11">
         <name>.debug_info</name>
         <load_address>0x0</load_address>
         <run_address>0x0</run_address>
         <size>0xd1a</size>
         <input_file_ref idref="fl-2"/>
      </object_component>
      <object_component id="oc-17">
         <name>.debug_info</name>
         <load_address>0xd1a</load_address>
         <run_address>0xd1a</run_address>
         <size>0x2527</size>
         <input_file_ref idref="fl-7"/>
      </object_component>
      <object_component id="oc-1d">
         <name>.debug_info</name>
         <load_address>0x3241</load_address>
         <run_address>0x3241</run_address>
         <size>0x6f2</size>
         <input_file_ref idref="fl-7f"/>
      </object_component>
      <object_component id="oc-21">
         <name>.debug_info</name>
         <load_address>0x3933</load_address>
         <run_address>0x3933</run_address>
         <size>0x6e4</size>
         <input_file_ref idref="fl-80"/>
      </object_component>
      <object_component id="oc-26">
         <name>.debug_info</name>
         <load_address>0x4017</load_address>
         <run_address>0x4017</run_address>
         <size>0x7bf</size>
         <input_file_ref idref="fl-81"/>
      </object_component>
      <object_component id="oc-2b">
         <name>.debug_info</name>
         <load_address>0x47d6</load_address>
         <run_address>0x47d6</run_address>
         <size>0x867</size>
         <input_file_ref idref="fl-82"/>
      </object_component>
      <object_component id="oc-2e">
         <name>.debug_info</name>
         <load_address>0x503d</load_address>
         <run_address>0x503d</run_address>
         <size>0x768</size>
         <input_file_ref idref="fl-83"/>
      </object_component>
      <object_component id="oc-31">
         <name>.debug_info</name>
         <load_address>0x57a5</load_address>
         <run_address>0x57a5</run_address>
         <size>0xa92</size>
         <input_file_ref idref="fl-84"/>
      </object_component>
      <object_component id="oc-36">
         <name>.debug_info</name>
         <load_address>0x6237</load_address>
         <run_address>0x6237</run_address>
         <size>0x92e</size>
         <input_file_ref idref="fl-85"/>
      </object_component>
      <object_component id="oc-39">
         <name>.debug_info</name>
         <load_address>0x6b65</load_address>
         <run_address>0x6b65</run_address>
         <size>0x7a0</size>
         <input_file_ref idref="fl-86"/>
      </object_component>
      <object_component id="oc-3c">
         <name>.debug_info</name>
         <load_address>0x7305</load_address>
         <run_address>0x7305</run_address>
         <size>0xabe</size>
         <input_file_ref idref="fl-87"/>
      </object_component>
      <object_component id="oc-3f">
         <name>.debug_info</name>
         <load_address>0x7dc3</load_address>
         <run_address>0x7dc3</run_address>
         <size>0x10c4</size>
         <input_file_ref idref="fl-88"/>
      </object_component>
      <object_component id="oc-44">
         <name>.debug_info</name>
         <load_address>0x8e87</load_address>
         <run_address>0x8e87</run_address>
         <size>0xcc</size>
         <input_file_ref idref="fl-89"/>
      </object_component>
      <object_component id="oc-47">
         <name>.debug_info</name>
         <load_address>0x8f53</load_address>
         <run_address>0x8f53</run_address>
         <size>0xabf</size>
         <input_file_ref idref="fl-8a"/>
      </object_component>
      <object_component id="oc-4d">
         <name>.debug_info</name>
         <load_address>0x9a12</load_address>
         <run_address>0x9a12</run_address>
         <size>0x79d</size>
         <input_file_ref idref="fl-8b"/>
      </object_component>
      <object_component id="oc-50">
         <name>.debug_info</name>
         <load_address>0xa1af</load_address>
         <run_address>0xa1af</run_address>
         <size>0x667</size>
         <input_file_ref idref="fl-8c"/>
      </object_component>
      <object_component id="oc-53">
         <name>.debug_info</name>
         <load_address>0xa816</load_address>
         <run_address>0xa816</run_address>
         <size>0x8e9</size>
         <input_file_ref idref="fl-8d"/>
      </object_component>
      <object_component id="oc-56">
         <name>.debug_info</name>
         <load_address>0xb0ff</load_address>
         <run_address>0xb0ff</run_address>
         <size>0x64b</size>
         <input_file_ref idref="fl-8e"/>
      </object_component>
      <object_component id="oc-59">
         <name>.debug_info</name>
         <load_address>0xb74a</load_address>
         <run_address>0xb74a</run_address>
         <size>0x63a</size>
         <input_file_ref idref="fl-8f"/>
      </object_component>
      <object_component id="oc-5c">
         <name>.debug_info</name>
         <load_address>0xbd84</load_address>
         <run_address>0xbd84</run_address>
         <size>0x6e4</size>
         <input_file_ref idref="fl-90"/>
      </object_component>
      <object_component id="oc-61">
         <name>.debug_info</name>
         <load_address>0xc468</load_address>
         <run_address>0xc468</run_address>
         <size>0x806</size>
         <input_file_ref idref="fl-91"/>
      </object_component>
      <object_component id="oc-64">
         <name>.debug_info</name>
         <load_address>0xcc6e</load_address>
         <run_address>0xcc6e</run_address>
         <size>0xd3</size>
         <input_file_ref idref="fl-92"/>
      </object_component>
      <object_component id="oc-67">
         <name>.debug_info</name>
         <load_address>0xcd41</load_address>
         <run_address>0xcd41</run_address>
         <size>0xdc3</size>
         <input_file_ref idref="fl-93"/>
      </object_component>
      <object_component id="oc-6b">
         <name>.debug_info</name>
         <load_address>0xdb04</load_address>
         <run_address>0xdb04</run_address>
         <size>0x850</size>
         <input_file_ref idref="fl-94"/>
      </object_component>
      <object_component id="oc-6f">
         <name>.debug_info</name>
         <load_address>0xe354</load_address>
         <run_address>0xe354</run_address>
         <size>0x638</size>
         <input_file_ref idref="fl-95"/>
      </object_component>
      <object_component id="oc-72">
         <name>.debug_info</name>
         <load_address>0xe98c</load_address>
         <run_address>0xe98c</run_address>
         <size>0x7cd</size>
         <input_file_ref idref="fl-96"/>
      </object_component>
      <object_component id="oc-75">
         <name>.debug_info</name>
         <load_address>0xf159</load_address>
         <run_address>0xf159</run_address>
         <size>0x7b4</size>
         <input_file_ref idref="fl-97"/>
      </object_component>
      <object_component id="oc-78">
         <name>.debug_info</name>
         <load_address>0xf90d</load_address>
         <run_address>0xf90d</run_address>
         <size>0x633</size>
         <input_file_ref idref="fl-98"/>
      </object_component>
      <object_component id="oc-7d">
         <name>.debug_info</name>
         <load_address>0xff40</load_address>
         <run_address>0xff40</run_address>
         <size>0x2674</size>
         <input_file_ref idref="fl-99"/>
      </object_component>
      <object_component id="oc-81">
         <name>.debug_info</name>
         <load_address>0x125b4</load_address>
         <run_address>0x125b4</run_address>
         <size>0x6c8</size>
         <input_file_ref idref="fl-9a"/>
      </object_component>
      <object_component id="oc-84">
         <name>.debug_info</name>
         <load_address>0x12c7c</load_address>
         <run_address>0x12c7c</run_address>
         <size>0x6d5</size>
         <input_file_ref idref="fl-9b"/>
      </object_component>
      <object_component id="oc-87">
         <name>.debug_info</name>
         <load_address>0x13351</load_address>
         <run_address>0x13351</run_address>
         <size>0x83e</size>
         <input_file_ref idref="fl-9c"/>
      </object_component>
      <object_component id="oc-8a">
         <name>.debug_info</name>
         <load_address>0x13b8f</load_address>
         <run_address>0x13b8f</run_address>
         <size>0x6b6</size>
         <input_file_ref idref="fl-9d"/>
      </object_component>
      <object_component id="oc-8d">
         <name>.debug_info</name>
         <load_address>0x14245</load_address>
         <run_address>0x14245</run_address>
         <size>0x7ac</size>
         <input_file_ref idref="fl-9e"/>
      </object_component>
      <object_component id="oc-90">
         <name>.debug_info</name>
         <load_address>0x149f1</load_address>
         <run_address>0x149f1</run_address>
         <size>0x5e1</size>
         <input_file_ref idref="fl-9f"/>
      </object_component>
      <object_component id="oc-92">
         <name>.debug_info</name>
         <load_address>0x14fd2</load_address>
         <run_address>0x14fd2</run_address>
         <size>0x6ce</size>
         <input_file_ref idref="fl-a0"/>
      </object_component>
      <object_component id="oc-96">
         <name>.debug_info</name>
         <load_address>0x156a0</load_address>
         <run_address>0x156a0</run_address>
         <size>0x96a</size>
         <input_file_ref idref="fl-a1"/>
      </object_component>
      <object_component id="oc-99">
         <name>.debug_info</name>
         <load_address>0x1600a</load_address>
         <run_address>0x1600a</run_address>
         <size>0xbd</size>
         <input_file_ref idref="fl-a2"/>
      </object_component>
      <object_component id="oc-9c">
         <name>.debug_info</name>
         <load_address>0x160c7</load_address>
         <run_address>0x160c7</run_address>
         <size>0x67e</size>
         <input_file_ref idref="fl-a3"/>
      </object_component>
      <object_component id="oc-9f">
         <name>.debug_info</name>
         <load_address>0x16745</load_address>
         <run_address>0x16745</run_address>
         <size>0x697</size>
         <input_file_ref idref="fl-a4"/>
      </object_component>
      <object_component id="oc-a2">
         <name>.debug_info</name>
         <load_address>0x16ddc</load_address>
         <run_address>0x16ddc</run_address>
         <size>0x811</size>
         <input_file_ref idref="fl-a5"/>
      </object_component>
      <object_component id="oc-a5">
         <name>.debug_info</name>
         <load_address>0x175ed</load_address>
         <run_address>0x175ed</run_address>
         <size>0xa9d</size>
         <input_file_ref idref="fl-a6"/>
      </object_component>
      <object_component id="oc-a9">
         <name>.debug_info</name>
         <load_address>0x1808a</load_address>
         <run_address>0x1808a</run_address>
         <size>0x653</size>
         <input_file_ref idref="fl-a7"/>
      </object_component>
      <object_component id="oc-ac">
         <name>.debug_info</name>
         <load_address>0x186dd</load_address>
         <run_address>0x186dd</run_address>
         <size>0x78a</size>
         <input_file_ref idref="fl-a8"/>
      </object_component>
      <object_component id="oc-af">
         <name>.debug_info</name>
         <load_address>0x18e67</load_address>
         <run_address>0x18e67</run_address>
         <size>0x785</size>
         <input_file_ref idref="fl-a9"/>
      </object_component>
      <object_component id="oc-b2">
         <name>.debug_info</name>
         <load_address>0x195ec</load_address>
         <run_address>0x195ec</run_address>
         <size>0x7fd</size>
         <input_file_ref idref="fl-aa"/>
      </object_component>
      <object_component id="oc-b5">
         <name>.debug_info</name>
         <load_address>0x19de9</load_address>
         <run_address>0x19de9</run_address>
         <size>0x6e8</size>
         <input_file_ref idref="fl-ab"/>
      </object_component>
      <object_component id="oc-b8">
         <name>.debug_info</name>
         <load_address>0x1a4d1</load_address>
         <run_address>0x1a4d1</run_address>
         <size>0x716</size>
         <input_file_ref idref="fl-ac"/>
      </object_component>
      <object_component id="oc-bb">
         <name>.debug_info</name>
         <load_address>0x1abe7</load_address>
         <run_address>0x1abe7</run_address>
         <size>0x6b9</size>
         <input_file_ref idref="fl-ad"/>
      </object_component>
      <object_component id="oc-be">
         <name>.debug_info</name>
         <load_address>0x1b2a0</load_address>
         <run_address>0x1b2a0</run_address>
         <size>0x5ff</size>
         <input_file_ref idref="fl-ae"/>
      </object_component>
      <object_component id="oc-c1">
         <name>.debug_info</name>
         <load_address>0x1b89f</load_address>
         <run_address>0x1b89f</run_address>
         <size>0x7f3</size>
         <input_file_ref idref="fl-af"/>
      </object_component>
      <object_component id="oc-c4">
         <name>.debug_info</name>
         <load_address>0x1c092</load_address>
         <run_address>0x1c092</run_address>
         <size>0x5b3</size>
         <input_file_ref idref="fl-b0"/>
      </object_component>
      <object_component id="oc-185">
         <name>.debug_info</name>
         <load_address>0x1c645</load_address>
         <run_address>0x1c645</run_address>
         <size>0x6d</size>
      </object_component>
      <object_component id="oc-13">
         <name>.debug_frame</name>
         <load_address>0x0</load_address>
         <run_address>0x0</run_address>
         <size>0x25c</size>
         <input_file_ref idref="fl-2"/>
      </object_component>
      <object_component id="oc-1a">
         <name>.debug_frame</name>
         <load_address>0x25c</load_address>
         <run_address>0x25c</run_address>
         <size>0x30c</size>
         <input_file_ref idref="fl-7"/>
      </object_component>
      <object_component id="oc-14">
         <name>.debug_line</name>
         <load_address>0x0</load_address>
         <run_address>0x0</run_address>
         <size>0x5b</size>
         <input_file_ref idref="fl-2"/>
      </object_component>
      <object_component id="oc-1b">
         <name>.debug_line</name>
         <load_address>0x5b</load_address>
         <run_address>0x5b</run_address>
         <size>0x39d</size>
         <input_file_ref idref="fl-7"/>
      </object_component>
      <object_component id="oc-1f">
         <name>.debug_line</name>
         <load_address>0x3f8</load_address>
         <run_address>0x3f8</run_address>
         <size>0x3d</size>
         <input_file_ref idref="fl-7f"/>
      </object_component>
      <object_component id="oc-24">
         <name>.debug_line</name>
         <load_address>0x435</load_address>
         <run_address>0x435</run_address>
         <size>0x54</size>
         <input_file_ref idref="fl-80"/>
      </object_component>
      <object_component id="oc-29">
         <name>.debug_line</name>
         <load_address>0x489</load_address>
         <run_address>0x489</run_address>
         <size>0x4f</size>
         <input_file_ref idref="fl-81"/>
      </object_component>
      <object_component id="oc-2c">
         <name>.debug_line</name>
         <load_address>0x4d8</load_address>
         <run_address>0x4d8</run_address>
         <size>0x53</size>
         <input_file_ref idref="fl-82"/>
      </object_component>
      <object_component id="oc-2f">
         <name>.debug_line</name>
         <load_address>0x52b</load_address>
         <run_address>0x52b</run_address>
         <size>0x3e</size>
         <input_file_ref idref="fl-83"/>
      </object_component>
      <object_component id="oc-34">
         <name>.debug_line</name>
         <load_address>0x569</load_address>
         <run_address>0x569</run_address>
         <size>0x92</size>
         <input_file_ref idref="fl-84"/>
      </object_component>
      <object_component id="oc-37">
         <name>.debug_line</name>
         <load_address>0x5fb</load_address>
         <run_address>0x5fb</run_address>
         <size>0x4e</size>
         <input_file_ref idref="fl-85"/>
      </object_component>
      <object_component id="oc-3a">
         <name>.debug_line</name>
         <load_address>0x649</load_address>
         <run_address>0x649</run_address>
         <size>0x3c</size>
         <input_file_ref idref="fl-86"/>
      </object_component>
      <object_component id="oc-3d">
         <name>.debug_line</name>
         <load_address>0x685</load_address>
         <run_address>0x685</run_address>
         <size>0x99</size>
         <input_file_ref idref="fl-87"/>
      </object_component>
      <object_component id="oc-42">
         <name>.debug_line</name>
         <load_address>0x71e</load_address>
         <run_address>0x71e</run_address>
         <size>0x146</size>
         <input_file_ref idref="fl-88"/>
      </object_component>
      <object_component id="oc-45">
         <name>.debug_line</name>
         <load_address>0x864</load_address>
         <run_address>0x864</run_address>
         <size>0x4a</size>
         <input_file_ref idref="fl-89"/>
      </object_component>
      <object_component id="oc-4b">
         <name>.debug_line</name>
         <load_address>0x8ae</load_address>
         <run_address>0x8ae</run_address>
         <size>0xa7</size>
         <input_file_ref idref="fl-8a"/>
      </object_component>
      <object_component id="oc-4e">
         <name>.debug_line</name>
         <load_address>0x955</load_address>
         <run_address>0x955</run_address>
         <size>0x46</size>
         <input_file_ref idref="fl-8b"/>
      </object_component>
      <object_component id="oc-51">
         <name>.debug_line</name>
         <load_address>0x99b</load_address>
         <run_address>0x99b</run_address>
         <size>0x37</size>
         <input_file_ref idref="fl-8c"/>
      </object_component>
      <object_component id="oc-54">
         <name>.debug_line</name>
         <load_address>0x9d2</load_address>
         <run_address>0x9d2</run_address>
         <size>0x6a</size>
         <input_file_ref idref="fl-8d"/>
      </object_component>
      <object_component id="oc-57">
         <name>.debug_line</name>
         <load_address>0xa3c</load_address>
         <run_address>0xa3c</run_address>
         <size>0x39</size>
         <input_file_ref idref="fl-8e"/>
      </object_component>
      <object_component id="oc-5a">
         <name>.debug_line</name>
         <load_address>0xa75</load_address>
         <run_address>0xa75</run_address>
         <size>0x38</size>
         <input_file_ref idref="fl-8f"/>
      </object_component>
      <object_component id="oc-5f">
         <name>.debug_line</name>
         <load_address>0xaad</load_address>
         <run_address>0xaad</run_address>
         <size>0x50</size>
         <input_file_ref idref="fl-90"/>
      </object_component>
      <object_component id="oc-62">
         <name>.debug_line</name>
         <load_address>0xafd</load_address>
         <run_address>0xafd</run_address>
         <size>0x66</size>
         <input_file_ref idref="fl-91"/>
      </object_component>
      <object_component id="oc-65">
         <name>.debug_line</name>
         <load_address>0xb63</load_address>
         <run_address>0xb63</run_address>
         <size>0x40</size>
         <input_file_ref idref="fl-92"/>
      </object_component>
      <object_component id="oc-69">
         <name>.debug_line</name>
         <load_address>0xba3</load_address>
         <run_address>0xba3</run_address>
         <size>0x126</size>
         <input_file_ref idref="fl-93"/>
      </object_component>
      <object_component id="oc-6d">
         <name>.debug_line</name>
         <load_address>0xcc9</load_address>
         <run_address>0xcc9</run_address>
         <size>0x66</size>
         <input_file_ref idref="fl-94"/>
      </object_component>
      <object_component id="oc-70">
         <name>.debug_line</name>
         <load_address>0xd2f</load_address>
         <run_address>0xd2f</run_address>
         <size>0x38</size>
         <input_file_ref idref="fl-95"/>
      </object_component>
      <object_component id="oc-73">
         <name>.debug_line</name>
         <load_address>0xd67</load_address>
         <run_address>0xd67</run_address>
         <size>0x4a</size>
         <input_file_ref idref="fl-96"/>
      </object_component>
      <object_component id="oc-76">
         <name>.debug_line</name>
         <load_address>0xdb1</load_address>
         <run_address>0xdb1</run_address>
         <size>0x57</size>
         <input_file_ref idref="fl-97"/>
      </object_component>
      <object_component id="oc-7b">
         <name>.debug_line</name>
         <load_address>0xe08</load_address>
         <run_address>0xe08</run_address>
         <size>0x35</size>
         <input_file_ref idref="fl-98"/>
      </object_component>
      <object_component id="oc-7f">
         <name>.debug_line</name>
         <load_address>0xe3d</load_address>
         <run_address>0xe3d</run_address>
         <size>0x31a</size>
         <input_file_ref idref="fl-99"/>
      </object_component>
      <object_component id="oc-82">
         <name>.debug_line</name>
         <load_address>0x1157</load_address>
         <run_address>0x1157</run_address>
         <size>0x3f</size>
         <input_file_ref idref="fl-9a"/>
      </object_component>
      <object_component id="oc-85">
         <name>.debug_line</name>
         <load_address>0x1196</load_address>
         <run_address>0x1196</run_address>
         <size>0x45</size>
         <input_file_ref idref="fl-9b"/>
      </object_component>
      <object_component id="oc-88">
         <name>.debug_line</name>
         <load_address>0x11db</load_address>
         <run_address>0x11db</run_address>
         <size>0x49</size>
         <input_file_ref idref="fl-9c"/>
      </object_component>
      <object_component id="oc-8b">
         <name>.debug_line</name>
         <load_address>0x1224</load_address>
         <run_address>0x1224</run_address>
         <size>0x45</size>
         <input_file_ref idref="fl-9d"/>
      </object_component>
      <object_component id="oc-8e">
         <name>.debug_line</name>
         <load_address>0x1269</load_address>
         <run_address>0x1269</run_address>
         <size>0x44</size>
         <input_file_ref idref="fl-9e"/>
      </object_component>
      <object_component id="oc-97">
         <name>.debug_line</name>
         <load_address>0x12ad</load_address>
         <run_address>0x12ad</run_address>
         <size>0x3c</size>
         <input_file_ref idref="fl-a1"/>
      </object_component>
      <object_component id="oc-9a">
         <name>.debug_line</name>
         <load_address>0x12e9</load_address>
         <run_address>0x12e9</run_address>
         <size>0x44</size>
         <input_file_ref idref="fl-a2"/>
      </object_component>
      <object_component id="oc-9d">
         <name>.debug_line</name>
         <load_address>0x132d</load_address>
         <run_address>0x132d</run_address>
         <size>0x3d</size>
         <input_file_ref idref="fl-a3"/>
      </object_component>
      <object_component id="oc-a0">
         <name>.debug_line</name>
         <load_address>0x136a</load_address>
         <run_address>0x136a</run_address>
         <size>0x3d</size>
         <input_file_ref idref="fl-a4"/>
      </object_component>
      <object_component id="oc-a3">
         <name>.debug_line</name>
         <load_address>0x13a7</load_address>
         <run_address>0x13a7</run_address>
         <size>0x3f</size>
         <input_file_ref idref="fl-a5"/>
      </object_component>
      <object_component id="oc-a7">
         <name>.debug_line</name>
         <load_address>0x13e6</load_address>
         <run_address>0x13e6</run_address>
         <size>0x93</size>
         <input_file_ref idref="fl-a6"/>
      </object_component>
      <object_component id="oc-aa">
         <name>.debug_line</name>
         <load_address>0x1479</load_address>
         <run_address>0x1479</run_address>
         <size>0x3e</size>
         <input_file_ref idref="fl-a7"/>
      </object_component>
      <object_component id="oc-ad">
         <name>.debug_line</name>
         <load_address>0x14b7</load_address>
         <run_address>0x14b7</run_address>
         <size>0x73</size>
         <input_file_ref idref="fl-a8"/>
      </object_component>
      <object_component id="oc-b0">
         <name>.debug_line</name>
         <load_address>0x152a</load_address>
         <run_address>0x152a</run_address>
         <size>0x61</size>
         <input_file_ref idref="fl-a9"/>
      </object_component>
      <object_component id="oc-b3">
         <name>.debug_line</name>
         <load_address>0x158b</load_address>
         <run_address>0x158b</run_address>
         <size>0x38</size>
         <input_file_ref idref="fl-aa"/>
      </object_component>
      <object_component id="oc-b6">
         <name>.debug_line</name>
         <load_address>0x15c3</load_address>
         <run_address>0x15c3</run_address>
         <size>0x56</size>
         <input_file_ref idref="fl-ab"/>
      </object_component>
      <object_component id="oc-b9">
         <name>.debug_line</name>
         <load_address>0x1619</load_address>
         <run_address>0x1619</run_address>
         <size>0x40</size>
         <input_file_ref idref="fl-ac"/>
      </object_component>
      <object_component id="oc-bc">
         <name>.debug_line</name>
         <load_address>0x1659</load_address>
         <run_address>0x1659</run_address>
         <size>0x3f</size>
         <input_file_ref idref="fl-ad"/>
      </object_component>
      <object_component id="oc-bf">
         <name>.debug_line</name>
         <load_address>0x1698</load_address>
         <run_address>0x1698</run_address>
         <size>0x39</size>
         <input_file_ref idref="fl-ae"/>
      </object_component>
      <object_component id="oc-c2">
         <name>.debug_line</name>
         <load_address>0x16d1</load_address>
         <run_address>0x16d1</run_address>
         <size>0x3f</size>
         <input_file_ref idref="fl-af"/>
      </object_component>
      <object_component id="oc-c5">
         <name>.debug_line</name>
         <load_address>0x1710</load_address>
         <run_address>0x1710</run_address>
         <size>0x23</size>
         <input_file_ref idref="fl-b0"/>
      </object_component>
      <object_component id="oc-15">
         <name>.debug_abbrev</name>
         <load_address>0x0</load_address>
         <run_address>0x0</run_address>
         <size>0x101</size>
         <input_file_ref idref="fl-2"/>
      </object_component>
      <object_component id="oc-1c">
         <name>.debug_abbrev</name>
         <load_address>0x101</load_address>
         <run_address>0x101</run_address>
         <size>0x1ae</size>
         <input_file_ref idref="fl-7"/>
      </object_component>
      <object_component id="oc-20">
         <name>.debug_abbrev</name>
         <load_address>0x2af</load_address>
         <run_address>0x2af</run_address>
         <size>0xfe</size>
         <input_file_ref idref="fl-7f"/>
      </object_component>
      <object_component id="oc-25">
         <name>.debug_abbrev</name>
         <load_address>0x3ad</load_address>
         <run_address>0x3ad</run_address>
         <size>0xcc</size>
         <input_file_ref idref="fl-80"/>
      </object_component>
      <object_component id="oc-2a">
         <name>.debug_abbrev</name>
         <load_address>0x479</load_address>
         <run_address>0x479</run_address>
         <size>0x119</size>
         <input_file_ref idref="fl-81"/>
      </object_component>
      <object_component id="oc-2d">
         <name>.debug_abbrev</name>
         <load_address>0x592</load_address>
         <run_address>0x592</run_address>
         <size>0x130</size>
         <input_file_ref idref="fl-82"/>
      </object_component>
      <object_component id="oc-30">
         <name>.debug_abbrev</name>
         <load_address>0x6c2</load_address>
         <run_address>0x6c2</run_address>
         <size>0x12d</size>
         <input_file_ref idref="fl-83"/>
      </object_component>
      <object_component id="oc-35">
         <name>.debug_abbrev</name>
         <load_address>0x7ef</load_address>
         <run_address>0x7ef</run_address>
         <size>0x1cd</size>
         <input_file_ref idref="fl-84"/>
      </object_component>
      <object_component id="oc-38">
         <name>.debug_abbrev</name>
         <load_address>0x9bc</load_address>
         <run_address>0x9bc</run_address>
         <size>0x12e</size>
         <input_file_ref idref="fl-85"/>
      </object_component>
      <object_component id="oc-3b">
         <name>.debug_abbrev</name>
         <load_address>0xaea</load_address>
         <run_address>0xaea</run_address>
         <size>0xf7</size>
         <input_file_ref idref="fl-86"/>
      </object_component>
      <object_component id="oc-3e">
         <name>.debug_abbrev</name>
         <load_address>0xbe1</load_address>
         <run_address>0xbe1</run_address>
         <size>0x139</size>
         <input_file_ref idref="fl-87"/>
      </object_component>
      <object_component id="oc-43">
         <name>.debug_abbrev</name>
         <load_address>0xd1a</load_address>
         <run_address>0xd1a</run_address>
         <size>0x215</size>
         <input_file_ref idref="fl-88"/>
      </object_component>
      <object_component id="oc-46">
         <name>.debug_abbrev</name>
         <load_address>0xf2f</load_address>
         <run_address>0xf2f</run_address>
         <size>0x3a</size>
         <input_file_ref idref="fl-89"/>
      </object_component>
      <object_component id="oc-4c">
         <name>.debug_abbrev</name>
         <load_address>0xf69</load_address>
         <run_address>0xf69</run_address>
         <size>0x1f8</size>
         <input_file_ref idref="fl-8a"/>
      </object_component>
      <object_component id="oc-4f">
         <name>.debug_abbrev</name>
         <load_address>0x1161</load_address>
         <run_address>0x1161</run_address>
         <size>0xd0</size>
         <input_file_ref idref="fl-8b"/>
      </object_component>
      <object_component id="oc-52">
         <name>.debug_abbrev</name>
         <load_address>0x1231</load_address>
         <run_address>0x1231</run_address>
         <size>0xa1</size>
         <input_file_ref idref="fl-8c"/>
      </object_component>
      <object_component id="oc-55">
         <name>.debug_abbrev</name>
         <load_address>0x12d2</load_address>
         <run_address>0x12d2</run_address>
         <size>0x161</size>
         <input_file_ref idref="fl-8d"/>
      </object_component>
      <object_component id="oc-58">
         <name>.debug_abbrev</name>
         <load_address>0x1433</load_address>
         <run_address>0x1433</run_address>
         <size>0xab</size>
         <input_file_ref idref="fl-8e"/>
      </object_component>
      <object_component id="oc-5b">
         <name>.debug_abbrev</name>
         <load_address>0x14de</load_address>
         <run_address>0x14de</run_address>
         <size>0xaf</size>
         <input_file_ref idref="fl-8f"/>
      </object_component>
      <object_component id="oc-60">
         <name>.debug_abbrev</name>
         <load_address>0x158d</load_address>
         <run_address>0x158d</run_address>
         <size>0xcc</size>
         <input_file_ref idref="fl-90"/>
      </object_component>
      <object_component id="oc-63">
         <name>.debug_abbrev</name>
         <load_address>0x1659</load_address>
         <run_address>0x1659</run_address>
         <size>0x108</size>
         <input_file_ref idref="fl-91"/>
      </object_component>
      <object_component id="oc-66">
         <name>.debug_abbrev</name>
         <load_address>0x1761</load_address>
         <run_address>0x1761</run_address>
         <size>0x3a</size>
         <input_file_ref idref="fl-92"/>
      </object_component>
      <object_component id="oc-6a">
         <name>.debug_abbrev</name>
         <load_address>0x179b</load_address>
         <run_address>0x179b</run_address>
         <size>0x180</size>
         <input_file_ref idref="fl-93"/>
      </object_component>
      <object_component id="oc-6e">
         <name>.debug_abbrev</name>
         <load_address>0x191b</load_address>
         <run_address>0x191b</run_address>
         <size>0xd5</size>
         <input_file_ref idref="fl-94"/>
      </object_component>
      <object_component id="oc-71">
         <name>.debug_abbrev</name>
         <load_address>0x19f0</load_address>
         <run_address>0x19f0</run_address>
         <size>0xaf</size>
         <input_file_ref idref="fl-95"/>
      </object_component>
      <object_component id="oc-74">
         <name>.debug_abbrev</name>
         <load_address>0x1a9f</load_address>
         <run_address>0x1a9f</run_address>
         <size>0x10e</size>
         <input_file_ref idref="fl-96"/>
      </object_component>
      <object_component id="oc-77">
         <name>.debug_abbrev</name>
         <load_address>0x1bad</load_address>
         <run_address>0x1bad</run_address>
         <size>0xd1</size>
         <input_file_ref idref="fl-97"/>
      </object_component>
      <object_component id="oc-7c">
         <name>.debug_abbrev</name>
         <load_address>0x1c7e</load_address>
         <run_address>0x1c7e</run_address>
         <size>0x9f</size>
         <input_file_ref idref="fl-98"/>
      </object_component>
      <object_component id="oc-80">
         <name>.debug_abbrev</name>
         <load_address>0x1d1d</load_address>
         <run_address>0x1d1d</run_address>
         <size>0x1d1</size>
         <input_file_ref idref="fl-99"/>
      </object_component>
      <object_component id="oc-83">
         <name>.debug_abbrev</name>
         <load_address>0x1eee</load_address>
         <run_address>0x1eee</run_address>
         <size>0xe1</size>
         <input_file_ref idref="fl-9a"/>
      </object_component>
      <object_component id="oc-86">
         <name>.debug_abbrev</name>
         <load_address>0x1fcf</load_address>
         <run_address>0x1fcf</run_address>
         <size>0xcc</size>
         <input_file_ref idref="fl-9b"/>
      </object_component>
      <object_component id="oc-89">
         <name>.debug_abbrev</name>
         <load_address>0x209b</load_address>
         <run_address>0x209b</run_address>
         <size>0x13f</size>
         <input_file_ref idref="fl-9c"/>
      </object_component>
      <object_component id="oc-8c">
         <name>.debug_abbrev</name>
         <load_address>0x21da</load_address>
         <run_address>0x21da</run_address>
         <size>0xdd</size>
         <input_file_ref idref="fl-9d"/>
      </object_component>
      <object_component id="oc-8f">
         <name>.debug_abbrev</name>
         <load_address>0x22b7</load_address>
         <run_address>0x22b7</run_address>
         <size>0x10c</size>
         <input_file_ref idref="fl-9e"/>
      </object_component>
      <object_component id="oc-91">
         <name>.debug_abbrev</name>
         <load_address>0x23c3</load_address>
[...]
         <attributes>RWIX</attributes>
         <usage_details>
            <allocated_space>
               <start_address>0xc0000000</start_address>
               <size>0x0</size>
               <logical_group_ref idref="lg-7"/>
            </allocated_space>
            <allocated_space>
               <start_address>0xc0000000</start_address>
               <size>0x800000</size>
               <logical_group_ref idref="lg-9"/>
            </allocated_space>
            <allocated_space>
               <start_address>0xc0800000</start_address>
               <size>0x8e80</size>
               <logical_group_ref idref="lg-2"/>
            </allocated_space>
            <allocated_space>
               <start_address>0xc0808e80</start_address>
               <size>0x1000</size>
               <logical_group_ref idref="lg-3"/>
            </allocated_space>
            <allocated_space>
               <start_address>0xc0809e80</start_address>
               <size>0x8f0</size>
               <logical_group_ref idref="lg-a"/>
            </allocated_space>
            <allocated_space>
               <start_address>0xc080a770</start_address>
               <size>0x38f</size>
               <logical_group_ref idref="lg-6"/>
            </allocated_space>
            <available_space>
               <start_address>0xc080aaff</start_address>
               <size>0x1</size>
            </available_space>
            <allocated_space>
               <start_address>0xc080ab00</start_address>
               <size>0x1e4</size>
               <logical_group_ref idref="lg-f"/>
            </allocated_space>
            <allocated_space>
               <start_address>0xc080ace4</start_address>
               <size>0x4</size>
               <logical_group_ref idref="lg-4"/>
            </allocated_space>
            <allocated_space>
               <start_address>0xc080ace8</start_address>
               <size>0x120</size>
               <logical_group_ref idref="lg-5"/>
            </allocated_space>
            <available_space>
               <start_address>0xc080ae08</start_address>
               <size>0x1f7f51f8</size>
            </available_space>
         </usage_details>
      </memory_area>
   </placement_map>
   <symbol_table>
      <symbol id="sm-0">
         <name>cinit</name>
         <value>0xc080ab00</value>
      </symbol>
      <symbol id="sm-1">
         <name>___cinit__</name>
         <value>0xc080ab00</value>
      </symbol>
      <symbol id="sm-2">
         <name>pinit</name>
         <value>0xffffffff</value>
      </symbol>
      <symbol id="sm-3">
         <name>___pinit__</name>
         <value>0xffffffff</value>
      </symbol>
      <symbol id="sm-4">
         <name>binit</name>
         <value>0xffffffff</value>
      </symbol>
      <symbol id="sm-5">
         <name>___binit__</name>
         <value>0xffffffff</value>
      </symbol>
      <symbol id="sm-6">
         <name>__STACK_SIZE</name>
         <value>0x1000</value>
      </symbol>
      <symbol id="sm-7">
         <name>__STACK_END</name>
         <value>0xc0809e80</value>
      </symbol>
      <symbol id="sm-8">
         <name>__SYSMEM_SIZE</name>
         <value>0x800000</value>
      </symbol>
      <symbol id="sm-9">
         <name>___c_args__</name>
         <value>0xffffffff</value>
      </symbol>
      <symbol id="sm-a">
         <name>.text</name>
         <value>0xc0800000</value>
      </symbol>
      <symbol id="sm-b">
         <name>___text__</name>
         <value>0xc0800000</value>
      </symbol>
      <symbol id="sm-c">
         <name>etext</name>
         <value>0xc0808e80</value>
      </symbol>
      <symbol id="sm-d">
         <name>___etext__</name>
         <value>0xc0808e80</value>
      </symbol>
      <symbol id="sm-e">
         <name>.data</name>
         <value>0xc0000000</value>
      </symbol>
      <symbol id="sm-f">
         <name>___data__</name>
         <value>0xc0000000</value>
      </symbol>
      <symbol id="sm-10">
         <name>edata</name>
         <value>0xc0000000</value>
      </symbol>
      <symbol id="sm-11">
         <name>___edata__</name>
         <value>0xc0000000</value>
      </symbol>
      <symbol id="sm-12">
         <name>.bss</name>
         <value>0xc080ace4</value>
      </symbol>
      <symbol id="sm-13">
         <name>___bss__</name>
         <value>0xc080ace4</value>
      </symbol>
      <symbol id="sm-14">
         <name>end</name>
         <value>0xc080ace8</value>
      </symbol>
      <symbol id="sm-15">
         <name>___end__</name>
         <value>0xc080ace8</value>
      </symbol>
      <symbol id="sm-16">
         <name>___TI_pprof_out_hndl</name>
         <value>0xffffffff</value>
      </symbol>
      <symbol id="sm-17">
         <name>___TI_prof_data_start</name>
         <value>0xffffffff</value>
      </symbol>
      <symbol id="sm-18">
         <name>___TI_prof_data_size</name>
         <value>0xffffffff</value>
      </symbol>
      <symbol id="sm-19">
         <name>$bss</name>
         <value>0xc080ace4</value>
      </symbol>
      <symbol id="sm-74">
         <name>_main</name>
         <value>0xc08059c0</value>
         <object_component_ref idref="oc-d5"/>
      </symbol>
      <symbol id="sm-167">
         <name>_newpColorTable</name>
         <value>0xc0809e80</value>
         <object_component_ref idref="oc-18"/>
      </symbol>
      <symbol id="sm-168">
         <name>_RGB2Gray</name>
         <value>0xc08012a8</value>
         <object_component_ref idref="oc-da"/>
      </symbol>
      <symbol id="sm-169">
         <name>_Rotate</name>
         <value>0xc0800814</value>
         <object_component_ref idref="oc-da"/>
      </symbol>
      <symbol id="sm-16a">
         <name>_SaveBmp</name>
         <value>0xc08002ec</value>
         <object_component_ref idref="oc-da"/>
      </symbol>
      <symbol id="sm-16b">
         <name>_ReadBmp</name>
         <value>0xc0800000</value>
         <object_component_ref idref="oc-da"/>
      </symbol>
      <symbol id="sm-16c">
         <name>_LinerTrans</name>
         <value>0xc0800578</value>
         <object_component_ref idref="oc-da"/>
      </symbol>
      <symbol id="sm-16d">
         <name>_ImageReverse</name>
         <value>0xc0801718</value>
         <object_component_ref idref="oc-da"/>
      </symbol>
      <symbol id="sm-16e">
         <name>_newBmpBuf</name>
         <value>0xc080ace4</value>
         <object_component_ref idref="oc-16"/>
      </symbol>
      <symbol id="sm-17d">
         <name>_c_int00</name>
         <value>0xc0808700</value>
         <object_component_ref idref="oc-10"/>
      </symbol>
      <symbol id="sm-17e">
         <name>__stack</name>
         <value>0xc0808e80</value>
         <object_component_ref idref="oc-1e"/>
      </symbol>
      <symbol id="sm-194">
         <name>_cos</name>
         <value>0xc08037e0</value>
         <object_component_ref idref="oc-e6"/>
      </symbol>
      <symbol id="sm-1ab">
         <name>C$$EXIT</name>
         <value>0xc0808e40</value>
         <object_component_ref idref="oc-d6"/>
      </symbol>
      <symbol id="sm-1ac">
         <name>_exit</name>
         <value>0xc08079e0</value>
         <object_component_ref idref="oc-c9"/>
      </symbol>
      <symbol id="sm-1ad">
         <name>___TI_enable_exit_profile_output</name>
         <value>0xc080a750</value>
         <object_component_ref idref="oc-28"/>
      </symbol>
      <symbol id="sm-1ae">
         <name>_abort</name>
         <value>0xc0808e40</value>
         <object_component_ref idref="oc-d6"/>
      </symbol>
      <symbol id="sm-1af">
         <name>__cleanup_ptr</name>
         <value>0xc080a748</value>
         <object_component_ref idref="oc-28"/>
      </symbol>
      <symbol id="sm-1b0">
         <name>__dtors_ptr</name>
         <value>0xc080a74c</value>
         <object_component_ref idref="oc-28"/>
      </symbol>
      <symbol id="sm-1c6">
         <name>__closefile</name>
         <value>0xc0806900</value>
         <object_component_ref idref="oc-f8"/>
      </symbol>
      <symbol id="sm-1c7">
         <name>_fclose</name>
         <value>0xc0808940</value>
         <object_component_ref idref="oc-e2"/>
      </symbol>
      <symbol id="sm-1d4">
         <name>__doflush</name>
         <value>0xc0807860</value>
         <object_component_ref idref="oc-fa"/>
      </symbol>
      <symbol id="sm-1fd">
         <name>__cleanup</name>
         <value>0xc0807c00</value>
         <object_component_ref idref="oc-105"/>
      </symbol>
      <symbol id="sm-1fe">
         <name>_fopen</name>
         <value>0xc08089a0</value>
         <object_component_ref idref="oc-df"/>
      </symbol>
      <symbol id="sm-21c">
         <name>_fread</name>
         <value>0xc0803d80</value>
         <object_component_ref idref="oc-e0"/>
      </symbol>
      <symbol id="sm-22d">
         <name>_fseek</name>
         <value>0xc0806c60</value>
         <object_component_ref idref="oc-e5"/>
      </symbol>
      <symbol id="sm-257">
         <name>_fwrite</name>
         <value>0xc08023e0</value>
         <object_component_ref idref="oc-e4"/>
      </symbol>
      <symbol id="sm-2ac">
         <name>_read</name>
         <value>0xc08084c0</value>
         <object_component_ref idref="oc-f5"/>
      </symbol>
      <symbol id="sm-2ad">
         <name>_unlink</name>
         <value>0xc0808800</value>
         <object_component_ref idref="oc-116"/>
      </symbol>
      <symbol id="sm-2ae">
         <name>_open</name>
         <value>0xc08063e0</value>
         <object_component_ref idref="oc-106"/>
      </symbol>
      <symbol id="sm-2af">
         <name>_lseek</name>
         <value>0xc08081a0</value>
         <object_component_ref idref="oc-fc"/>
      </symbol>
      <symbol id="sm-2b0">
         <name>_close</name>
         <value>0xc0807140</value>
         <object_component_ref idref="oc-109"/>
      </symbol>
      <symbol id="sm-2b1">
         <name>_write</name>
         <value>0xc0808560</value>
         <object_component_ref idref="oc-fb"/>
      </symbol>
      <symbol id="sm-2b9">
         <name>_memcpy</name>
         <value>0xc0808240</value>
         <object_component_ref idref="oc-d3"/>
      </symbol>
      <symbol id="sm-2f2">
         <name>__sys_memory</name>
         <value>0xc0000000</value>
         <object_component_ref idref="oc-4a"/>
      </symbol>
      <symbol id="sm-2f3">
         <name>_free</name>
         <value>0xc0804580</value>
         <object_component_ref idref="oc-108"/>
      </symbol>
      <symbol id="sm-2f4">
         <name>_malloc</name>
         <value>0xc0806260</value>
         <object_component_ref idref="oc-e1"/>
      </symbol>
      <symbol id="sm-2ff">
         <name>_memset</name>
         <value>0xc0807220</value>
         <object_component_ref idref="oc-100"/>
      </symbol>
      <symbol id="sm-30b">
         <name>_modf</name>
         <value>0xc0808380</value>
         <object_component_ref idref="oc-ff"/>
      </symbol>
      <symbol id="sm-320">
         <name>_printf</name>
         <value>0xc0807300</value>
         <object_component_ref idref="oc-d9"/>
      </symbol>
      <symbol id="sm-32a">
         <name>_remove</name>
         <value>0xc0808e60</value>
         <object_component_ref idref="oc-10a"/>
      </symbol>
      <symbol id="sm-334">
         <name>__nround</name>
         <value>0xc0807f20</value>
         <object_component_ref idref="oc-fe"/>
      </symbol>
      <symbol id="sm-349">
         <name>_sin</name>
         <value>0xc0804800</value>
         <object_component_ref idref="oc-e7"/>
      </symbol>
      <symbol id="sm-359">
         <name>_sprintf</name>
         <value>0xc0808a60</value>
         <object_component_ref idref="oc-db"/>
      </symbol>
      <symbol id="sm-361">
         <name>__c6xabi_strasgi_64plus</name>
         <value>0xc0808d40</value>
         <object_component_ref idref="oc-e3"/>
      </symbol>
      <symbol id="sm-362">
         <name>__strasgi_64plus</name>
         <value>0xc0808d40</value>
         <object_component_ref idref="oc-e3"/>
      </symbol>
      <symbol id="sm-38b">
         <name>_HOSTopen</name>
         <value>0xc0806f80</value>
         <object_component_ref idref="oc-ca"/>
      </symbol>
      <symbol id="sm-38c">
         <name>_HOSTread</name>
         <value>0xc08073e0</value>
         <object_component_ref idref="oc-cc"/>
      </symbol>
      <symbol id="sm-38d">
         <name>_HOSTrename</name>
         <value>0xc08060e0</value>
         <object_component_ref idref="oc-d0"/>
      </symbol>
      <symbol id="sm-38e">
         <name>_HOSTwrite</name>
         <value>0xc0807560</value>
         <object_component_ref idref="oc-cd"/>
      </symbol>
      <symbol id="sm-38f">
         <name>_HOSTlseek</name>
         <value>0xc0806d80</value>
         <object_component_ref idref="oc-ce"/>
      </symbol>
      <symbol id="sm-390">
         <name>_HOSTunlink</name>
         <value>0xc08074a0</value>
         <object_component_ref idref="oc-cf"/>
      </symbol>
      <symbol id="sm-391">
         <name>_HOSTclose</name>
         <value>0xc0807b60</value>
         <object_component_ref idref="oc-cb"/>
      </symbol>
      <symbol id="sm-3a1">
         <name>C$$IO$$</name>
         <value>0xc0808b78</value>
         <object_component_ref idref="oc-d7"/>
      </symbol>
      <symbol id="sm-3a2">
         <name>__CIOBUF_</name>
         <value>0xc080ace8</value>
         <object_component_ref idref="oc-6c"/>
      </symbol>
      <symbol id="sm-3a3">
         <name>_readmsg</name>
         <value>0xc0808780</value>
         <object_component_ref idref="oc-d8"/>
      </symbol>
      <symbol id="sm-3a4">
         <name>_writemsg</name>
         <value>0xc0808b20</value>
         <object_component_ref idref="oc-d7"/>
      </symbol>
      <symbol id="sm-3ae">
         <name>__trunc</name>
         <value>0xc0808e20</value>
         <object_component_ref idref="oc-fd"/>
      </symbol>
      <symbol id="sm-3bc">
         <name>__buff_read</name>
         <value>0xc08067e0</value>
         <object_component_ref idref="oc-f3"/>
      </symbol>
      <symbol id="sm-3d0">
         <name>__rd_ok</name>
         <value>0xc0807920</value>
         <object_component_ref idref="oc-f2"/>
      </symbol>
      <symbol id="sm-3d1">
         <name>__wrt_ok</name>
         <value>0xc0806e80</value>
         <object_component_ref idref="oc-f9"/>
      </symbol>
      <symbol id="sm-3df">
         <name>__unlock</name>
         <value>0xc080a758</value>
         <object_component_ref idref="oc-7a"/>
      </symbol>
      <symbol id="sm-3e0">
         <name>__lock</name>
         <value>0xc080a754</value>
         <object_component_ref idref="oc-7a"/>
      </symbol>
      <symbol id="sm-3e1">
         <name>__nop</name>
         <value>0xc0808da0</value>
         <object_component_ref idref="oc-d1"/>
      </symbol>
      <symbol id="sm-4eb">
         <name>__printfi</name>
         <value>0xc08028a0</value>
         <object_component_ref idref="oc-dd"/>
      </symbol>
      <symbol id="sm-4f5">
         <name>__args_main</name>
         <value>0xc0808c00</value>
         <object_component_ref idref="oc-c8"/>
      </symbol>
      <symbol id="sm-4f6">
         <name>__TI_args_main</name>
         <value>0x1</value>
      </symbol>
      <symbol id="sm-504">
         <name>_atoi</name>
         <value>0xc0807060</value>
         <object_component_ref idref="oc-101"/>
      </symbol>
      <symbol id="sm-513">
         <name>__auto_init</name>
         <value>0xc0807620</value>
         <object_component_ref idref="oc-c7"/>
      </symbol>
      <symbol id="sm-520">
         <name>___TI_cpp_init</name>
         <value>0xc0808880</value>
         <object_component_ref idref="oc-d4"/>
      </symbol>
      <symbol id="sm-52e">
         <name>_copy_in</name>
         <value>0xc0808060</value>
         <object_component_ref idref="oc-d2"/>
      </symbol>
      <symbol id="sm-536">
         <name>__ctypes_</name>
         <value>0xc080a980</value>
         <object_component_ref idref="oc-10b"/>
      </symbol>
      <symbol id="sm-540">
         <name>__tmpnams</name>
         <value>0xc080a460</value>
         <object_component_ref idref="oc-94"/>
      </symbol>
      <symbol id="sm-541">
         <name>__ft_end</name>
         <value>0xc080a5a0</value>
         <object_component_ref idref="oc-94"/>
      </symbol>
      <symbol id="sm-542">
         <name>__ftable</name>
         <value>0xc080a280</value>
         <object_component_ref idref="oc-94"/>
      </symbol>
      <symbol id="sm-554">
         <name>__divd</name>
         <value>0xc08018c0</value>
         <object_component_ref idref="oc-11c"/>
      </symbol>
      <symbol id="sm-55d">
         <name>__c6xabi_divu</name>
         <value>0xc08077a0</value>
         <object_component_ref idref="oc-f4"/>
      </symbol>
      <symbol id="sm-55e">
         <name>__divu</name>
         <value>0xc08077a0</value>
         <object_component_ref idref="oc-f4"/>
      </symbol>
      <symbol id="sm-56b">
         <name>__fixdli</name>
         <value>0xc0807e80</value>
         <object_component_ref idref="oc-11f"/>
      </symbol>
      <symbol id="sm-576">
         <name>__fltlid</name>
         <value>0xc0808600</value>
         <object_component_ref idref="oc-121"/>
      </symbol>
      <symbol id="sm-591">
         <name>_putc</name>
         <value>0xc08053a0</value>
         <object_component_ref idref="oc-ef"/>
      </symbol>
      <symbol id="sm-592">
         <name>_fputc</name>
         <value>0xc08053a0</value>
         <object_component_ref idref="oc-ef"/>
      </symbol>
      <symbol id="sm-5b4">
         <name>_fputs</name>
         <value>0xc0803120</value>
         <object_component_ref idref="oc-ea"/>
      </symbol>
      <symbol id="sm-5be">
         <name>__frcmpyd_div</name>
         <value>0xc0808c40</value>
         <object_component_ref idref="oc-123"/>
      </symbol>
      <symbol id="sm-5ce">
         <name>__divul</name>
         <value>0xc0805f40</value>
         <object_component_ref idref="oc-124"/>
      </symbol>
      <symbol id="sm-5cf">
         <name>__remli</name>
         <value>0xc0808d00</value>
         <object_component_ref idref="oc-126"/>
      </symbol>
      <symbol id="sm-5d0">
         <name>__divli</name>
         <value>0xc0807ca0</value>
         <object_component_ref idref="oc-127"/>
      </symbol>
      <symbol id="sm-5e4">
         <name>__subcull</name>
         <value>0xc08088e0</value>
         <object_component_ref idref="oc-129"/>
      </symbol>
      <symbol id="sm-5e5">
         <name>__divull</name>
         <value>0xc0804a80</value>
         <object_component_ref idref="oc-125"/>
      </symbol>
      <symbol id="sm-5ef">
         <name>___isinf</name>
         <value>0xc0808b80</value>
         <object_component_ref idref="oc-10d"/>
      </symbol>
      <symbol id="sm-5fd">
         <name>__llshl</name>
         <value>0xc0808680</value>
         <object_component_ref idref="oc-128"/>
      </symbol>
      <symbol id="sm-5fe">
         <name>__llshru</name>
         <value>0xc0808c80</value>
         <object_component_ref idref="oc-122"/>
      </symbol>
      <symbol id="sm-60b">
         <name>_ltoa</name>
         <value>0xc0807aa0</value>
         <object_component_ref idref="oc-120"/>
      </symbol>
      <symbol id="sm-618">
         <name>_memccpy</name>
         <value>0xc0808a00</value>
         <object_component_ref idref="oc-104"/>
      </symbol>
      <symbol id="sm-622">
         <name>__negll</name>
         <value>0xc0808d80</value>
         <object_component_ref idref="oc-112"/>
      </symbol>
      <symbol id="sm-638">
         <name>_setvbuf</name>
         <value>0xc08057c0</value>
         <object_component_ref idref="oc-107"/>
      </symbol>
   </symbol_table>
</link_info>
